Archive member included to satisfy reference by file (symbol)

C:/ST/STM32CubeIDE_1.13.2/STM32CubeIDE/plugins/com.st.stm32cube.ide.mcu.externaltools.gnu-tools-for-stm32.11.3.rel1.win32_1.1.1.202309131626/tools/bin/../lib/gcc/arm-none-eabi/11.3.1/../../../../arm-none-eabi/lib/thumb/v7e-m+fp/hard\libc_nano.a(libc_a-exit.o)
                              C:/ST/STM32CubeIDE_1.13.2/STM32CubeIDE/plugins/com.st.stm32cube.ide.mcu.externaltools.gnu-tools-for-stm32.11.3.rel1.win32_1.1.1.202309131626/tools/bin/../lib/gcc/arm-none-eabi/11.3.1/../../../../arm-none-eabi/lib/thumb/v7e-m+fp/hard/crt0.o (exit)
C:/ST/STM32CubeIDE_1.13.2/STM32CubeIDE/plugins/com.st.stm32cube.ide.mcu.externaltools.gnu-tools-for-stm32.11.3.rel1.win32_1.1.1.202309131626/tools/bin/../lib/gcc/arm-none-eabi/11.3.1/../../../../arm-none-eabi/lib/thumb/v7e-m+fp/hard\libc_nano.a(libc_a-findfp.o)
                              C:/ST/STM32CubeIDE_1.13.2/STM32CubeIDE/plugins/com.st.stm32cube.ide.mcu.externaltools.gnu-tools-for-stm32.11.3.rel1.win32_1.1.1.202309131626/tools/bin/../lib/gcc/arm-none-eabi/11.3.1/../../../../arm-none-eabi/lib/thumb/v7e-m+fp/hard\libc_nano.a(libc_a-exit.o) (__stdio_exit_handler)
C:/ST/STM32CubeIDE_1.13.2/STM32CubeIDE/plugins/com.st.stm32cube.ide.mcu.externaltools.gnu-tools-for-stm32.11.3.rel1.win32_1.1.1.202309131626/tools/bin/../lib/gcc/arm-none-eabi/11.3.1/../../../../arm-none-eabi/lib/thumb/v7e-m+fp/hard\libc_nano.a(libc_a-fwalk.o)
                              C:/ST/STM32CubeIDE_1.13.2/STM32CubeIDE/plugins/com.st.stm32cube.ide.mcu.externaltools.gnu-tools-for-stm32.11.3.rel1.win32_1.1.1.202309131626/tools/bin/../lib/gcc/arm-none-eabi/11.3.1/../../../../arm-none-eabi/lib/thumb/v7e-m+fp/hard\libc_nano.a(libc_a-findfp.o) (_fwalk_sglue)
C:/ST/STM32CubeIDE_1.13.2/STM32CubeIDE/plugins/com.st.stm32cube.ide.mcu.externaltools.gnu-tools-for-stm32.11.3.rel1.win32_1.1.1.202309131626/tools/bin/../lib/gcc/arm-none-eabi/11.3.1/../../../../arm-none-eabi/lib/thumb/v7e-m+fp/hard\libc_nano.a(libc_a-stdio.o)
                              C:/ST/STM32CubeIDE_1.13.2/STM32CubeIDE/plugins/com.st.stm32cube.ide.mcu.externaltools.gnu-tools-for-stm32.11.3.rel1.win32_1.1.1.202309131626/tools/bin/../lib/gcc/arm-none-eabi/11.3.1/../../../../arm-none-eabi/lib/thumb/v7e-m+fp/hard\libc_nano.a(libc_a-findfp.o) (__sread)
C:/ST/STM32CubeIDE_1.13.2/STM32CubeIDE/plugins/com.st.stm32cube.ide.mcu.externaltools.gnu-tools-for-stm32.11.3.rel1.win32_1.1.1.202309131626/tools/bin/../lib/gcc/arm-none-eabi/11.3.1/../../../../arm-none-eabi/lib/thumb/v7e-m+fp/hard\libc_nano.a(libc_a-memset.o)
                              C:/ST/STM32CubeIDE_1.13.2/STM32CubeIDE/plugins/com.st.stm32cube.ide.mcu.externaltools.gnu-tools-for-stm32.11.3.rel1.win32_1.1.1.202309131626/tools/bin/../lib/gcc/arm-none-eabi/11.3.1/../../../../arm-none-eabi/lib/thumb/v7e-m+fp/hard/crt0.o (memset)
C:/ST/STM32CubeIDE_1.13.2/STM32CubeIDE/plugins/com.st.stm32cube.ide.mcu.externaltools.gnu-tools-for-stm32.11.3.rel1.win32_1.1.1.202309131626/tools/bin/../lib/gcc/arm-none-eabi/11.3.1/../../../../arm-none-eabi/lib/thumb/v7e-m+fp/hard\libc_nano.a(libc_a-closer.o)
                              C:/ST/STM32CubeIDE_1.13.2/STM32CubeIDE/plugins/com.st.stm32cube.ide.mcu.externaltools.gnu-tools-for-stm32.11.3.rel1.win32_1.1.1.202309131626/tools/bin/../lib/gcc/arm-none-eabi/11.3.1/../../../../arm-none-eabi/lib/thumb/v7e-m+fp/hard\libc_nano.a(libc_a-stdio.o) (_close_r)
C:/ST/STM32CubeIDE_1.13.2/STM32CubeIDE/plugins/com.st.stm32cube.ide.mcu.externaltools.gnu-tools-for-stm32.11.3.rel1.win32_1.1.1.202309131626/tools/bin/../lib/gcc/arm-none-eabi/11.3.1/../../../../arm-none-eabi/lib/thumb/v7e-m+fp/hard\libc_nano.a(libc_a-reent.o)
                              C:/ST/STM32CubeIDE_1.13.2/STM32CubeIDE/plugins/com.st.stm32cube.ide.mcu.externaltools.gnu-tools-for-stm32.11.3.rel1.win32_1.1.1.202309131626/tools/bin/../lib/gcc/arm-none-eabi/11.3.1/../../../../arm-none-eabi/lib/thumb/v7e-m+fp/hard\libc_nano.a(libc_a-closer.o) (errno)
C:/ST/STM32CubeIDE_1.13.2/STM32CubeIDE/plugins/com.st.stm32cube.ide.mcu.externaltools.gnu-tools-for-stm32.11.3.rel1.win32_1.1.1.202309131626/tools/bin/../lib/gcc/arm-none-eabi/11.3.1/../../../../arm-none-eabi/lib/thumb/v7e-m+fp/hard\libc_nano.a(libc_a-impure.o)
                              C:/ST/STM32CubeIDE_1.13.2/STM32CubeIDE/plugins/com.st.stm32cube.ide.mcu.externaltools.gnu-tools-for-stm32.11.3.rel1.win32_1.1.1.202309131626/tools/bin/../lib/gcc/arm-none-eabi/11.3.1/../../../../arm-none-eabi/lib/thumb/v7e-m+fp/hard\libc_nano.a(libc_a-reent.o) (_impure_ptr)
C:/ST/STM32CubeIDE_1.13.2/STM32CubeIDE/plugins/com.st.stm32cube.ide.mcu.externaltools.gnu-tools-for-stm32.11.3.rel1.win32_1.1.1.202309131626/tools/bin/../lib/gcc/arm-none-eabi/11.3.1/../../../../arm-none-eabi/lib/thumb/v7e-m+fp/hard\libc_nano.a(libc_a-lseekr.o)
[...]
Memory Configuration

Name             Origin             Length             Attributes
RAM              0x0000000020000000 0x0000000000010000 xrw
FLASH            0x0000000008000000 0x0000000000040000 xr
*default*        0x0000000000000000 0xffffffffffffffff

Linker script and memory map

LOAD C:/ST/STM32CubeIDE_1.13.2/STM32CubeIDE/plugins/com.st.stm32cube.ide.mcu.externaltools.gnu-tools-for-stm32.11.3.rel1.win32_1.1.1.202309131626/tools/bin/../lib/gcc/arm-none-eabi/11.3.1/thumb/v7e-m+fp/hard/crti.o
LOAD C:/ST/STM32CubeIDE_1.13.2/STM32CubeIDE/plugins/com.st.stm32cube.ide.mcu.externaltools.gnu-tools-for-stm32.11.3.rel1.win32_1.1.1.202309131626/tools/bin/../lib/gcc/arm-none-eabi/11.3.1/thumb/v7e-m+fp/hard/crtbegin.o
LOAD C:/ST/STM32CubeIDE_1.13.2/STM32CubeIDE/plugins/com.st.stm32cube.ide.mcu.externaltools.gnu-tools-for-stm32.11.3.rel1.win32_1.1.1.202309131626/tools/bin/../lib/gcc/arm-none-eabi/11.3.1/../../../../arm-none-eabi/lib/thumb/v7e-m+fp/hard/crt0.o
LOAD ./Src/MADC_Program.o
LOAD ./Src/MDMA_Program.o
LOAD ./Src/MGPIO_Program.o
LOAD ./Src/MGPT_Program.o
LOAD ./Src/MNVIC_Program.o
LOAD ./Src/MRCC_Program.o
LOAD ./Src/MSTK_Program.o
LOAD ./Src/MUSART_Program.o
LOAD ./Src/main.o
LOAD ./Src/syscalls.o
LOAD ./Src/sysmem.o
LOAD ./Startup/startup_stm32f401ccux.o
START GROUP
LOAD C:/ST/STM32CubeIDE_1.13.2/STM32CubeIDE/plugins/com.st.stm32cube.ide.mcu.externaltools.gnu-tools-for-stm32.11.3.rel1.win32_1.1.1.202309131626/tools/bin/../lib/gcc/arm-none-eabi/11.3.1/../../../../arm-none-eabi/lib/thumb/v7e-m+fp/hard\libc_nano.a
LOAD C:/ST/STM32CubeIDE_1.13.2/STM32CubeIDE/plugins/com.st.stm32cube.ide.mcu.externaltools.gnu-tools-for-stm32.11.3.rel1.win32_1.1.1.202309131626/tools/bin/../lib/gcc/arm-none-eabi/11.3.1/../../../../arm-none-eabi/lib/thumb/v7e-m+fp/hard\libm.a
END GROUP
START GROUP
LOAD C:/ST/STM32CubeIDE_1.13.2/STM32CubeIDE/plugins/com.st.stm32cube.ide.mcu.externaltools.gnu-tools-for-stm32.11.3.rel1.win32_1.1.1.202309131626/tools/bin/../lib/gcc/arm-none-eabi/11.3.1/thumb/v7e-m+fp/hard\libgcc.a
LOAD C:/ST/STM32CubeIDE_1.13.2/STM32CubeIDE/plugins/com.st.stm32cube.ide.mcu.externaltools.gnu-tools-for-stm32.11.3.rel1.win32_1.1.1.202309131626/tools/bin/../lib/gcc/arm-none-eabi/11.3.1/../../../../arm-none-eabi/lib/thumb/v7e-m+fp/hard\libc_nano.a
END GROUP
START GROUP
LOAD C:/ST/STM32CubeIDE_1.13.2/STM32CubeIDE/plugins/com.st.stm32cube.ide.mcu.externaltools.gnu-tools-for-stm32.11.3.rel1.win32_1.1.1.202309131626/tools/bin/../lib/gcc/arm-none-eabi/11.3.1/thumb/v7e-m+fp/hard\libgcc.a
LOAD C:/ST/STM32CubeIDE_1.13.2/STM32CubeIDE/plugins/com.st.stm32cube.ide.mcu.externaltools.gnu-tools-for-stm32.11.3.rel1.win32_1.1.1.202309131626/tools/bin/../lib/gcc/arm-none-eabi/11.3.1/../../../../arm-none-eabi/lib/thumb/v7e-m+fp/hard\libc_nano.a
LOAD C:/ST/STM32CubeIDE_1.13.2/STM32CubeIDE/plugins/com.st.stm32cube.ide.mcu.externaltools.gnu-tools-for-stm32.11.3.rel1.win32_1.1.1.202309131626/tools/bin/../lib/gcc/arm-none-eabi/11.3.1/../../../../arm-none-eabi/lib/thumb/v7e-m+fp/hard\libnosys.a
END GROUP
START GROUP
LOAD C:/ST/STM32CubeIDE_1.13.2/STM32CubeIDE/plugins/com.st.stm32cube.ide.mcu.externaltools.gnu-tools-for-stm32.11.3.rel1.win32_1.1.1.202309131626/tools/bin/../lib/gcc/arm-none-eabi/11.3.1/thumb/v7e-m+fp/hard\libgcc.a
LOAD C:/ST/STM32CubeIDE_1.13.2/STM32CubeIDE/plugins/com.st.stm32cube.ide.mcu.externaltools.gnu-tools-for-stm32.11.3.rel1.win32_1.1.1.202309131626/tools/bin/../lib/gcc/arm-none-eabi/11.3.1/../../../../arm-none-eabi/lib/thumb/v7e-m+fp/hard\libc_nano.a
LOAD C:/ST/STM32CubeIDE_1.13.2/STM32CubeIDE/plugins/com.st.stm32cube.ide.mcu.externaltools.gnu-tools-for-stm32.11.3.rel1.win32_1.1.1.202309131626/tools/bin/../lib/gcc/arm-none-eabi/11.3.1/../../../../arm-none-eabi/lib/thumb/v7e-m+fp/hard\libnosys.a
END GROUP
LOAD C:/ST/STM32CubeIDE_1.13.2/STM32CubeIDE/plugins/com.st.stm32cube.ide.mcu.externaltools.gnu-tools-for-stm32.11.3.rel1.win32_1.1.1.202309131626/tools/bin/../lib/gcc/arm-none-eabi/11.3.1/thumb/v7e-m+fp/hard/crtend.o
LOAD C:/ST/STM32CubeIDE_1.13.2/STM32CubeIDE/plugins/com.st.stm32cube.ide.mcu.externaltools.gnu-tools-for-stm32.11.3.rel1.win32_1.1.1.202309131626/tools/bin/../lib/gcc/arm-none-eabi/11.3.1/thumb/v7e-m+fp/hard/crtn.o
                0x0000000020010000                _estack = (ORIGIN (RAM) + LENGTH (RAM))
                0x0000000000000200                _Min_Heap_Size = 0x200
                0x0000000000000400                _Min_Stack_Size = 0x400

.isr_vector     0x0000000008000000      0x194
                0x0000000008000000                . = ALIGN (0x4)
 *(.isr_vector)
 .isr_vector    0x0000000008000000      0x194 ./Startup/startup_stm32f401ccux.o
                0x0000000008000000                g_pfnVectors
                0x0000000008000194                . = ALIGN (0x4)

.text           0x0000000008000198     0x2314
                0x0000000008000198                . = ALIGN (0x4)
 *(.text)
 .text          0x0000000008000198       0x40 C:/ST/STM32CubeIDE_1.13.2/STM32CubeIDE/plugins/com.st.stm32cube.ide.mcu.externaltools.gnu-tools-for-stm32.11.3.rel1.win32_1.1.1.202309131626/tools/bin/../lib/gcc/arm-none-eabi/11.3.1/thumb/v7e-m+fp/hard/crtbegin.o
 .text          0x00000000080001d8      0x378 C:/ST/STM32CubeIDE_1.13.2/STM32CubeIDE/plugins/com.st.stm32cube.ide.mcu.externaltools.gnu-tools-for-stm32.11.3.rel1.win32_1.1.1.202309131626/tools/bin/../lib/gcc/arm-none-eabi/11.3.1/thumb/v7e-m+fp/hard\libgcc.a(_arm_addsubdf3.o)
                0x00000000080001d8                __aeabi_drsub
                0x00000000080001e0                __aeabi_dsub
                0x00000000080001e0                __subdf3
                0x00000000080001e4                __aeabi_dadd
                0x00000000080001e4                __adddf3
                0x000000000800045c                __floatunsidf
                0x000000000800045c                __aeabi_ui2d
                0x000000000800047c                __floatsidf
                0x000000000800047c                __aeabi_i2d
                0x00000000080004a0                __aeabi_f2d
                0x00000000080004a0                __extendsfdf2
                0x00000000080004e4                __floatundidf
                0x00000000080004e4                __aeabi_ul2d
                0x00000000080004f4                __floatdidf
                0x00000000080004f4                __aeabi_l2d
 .text          0x0000000008000550      0x424 C:/ST/STM32CubeIDE_1.13.2/STM32CubeIDE/plugins/com.st.stm32cube.ide.mcu.externaltools.gnu-tools-for-stm32.11.3.rel1.win32_1.1.1.202309131626/tools/bin/../lib/gcc/arm-none-eabi/11.3.1/thumb/v7e-m+fp/hard\libgcc.a(_arm_muldivdf3.o)
                0x0000000008000550                __aeabi_dmul
                0x0000000008000550                __muldf3
                0x00000000080007a4                __divdf3
                0x00000000080007a4                __aeabi_ddiv
 .text          0x0000000008000974       0x40 C:/ST/STM32CubeIDE_1.13.2/STM32CubeIDE/plugins/com.st.stm32cube.ide.mcu.externaltools.gnu-tools-for-stm32.11.3.rel1.win32_1.1.1.202309131626/tools/bin/../lib/gcc/arm-none-eabi/11.3.1/thumb/v7e-m+fp/hard\libgcc.a(_arm_fixunsdfsi.o)
                0x0000000008000974                __aeabi_d2uiz
                0x0000000008000974                __fixunsdfsi
 .text          0x00000000080009b4       0xa0 C:/ST/STM32CubeIDE_1.13.2/STM32CubeIDE/plugins/com.st.stm32cube.ide.mcu.externaltools.gnu-tools-for-stm32.11.3.rel1.win32_1.1.1.202309131626/tools/bin/../lib/gcc/arm-none-eabi/11.3.1/thumb/v7e-m+fp/hard\libgcc.a(_arm_truncdfsf2.o)
                0x00000000080009b4                __truncdfsf2
                0x00000000080009b4                __aeabi_d2f
 *(.text*)
 .text.MADC_vInit
                0x0000000008000a54       0xb8 ./Src/MADC_Program.o
                0x0000000008000a54                MADC_vInit
 .text.MADC_vEnable
                0x0000000008000b0c       0x50 ./Src/MADC_Program.o
                0x0000000008000b0c                MADC_vEnable
 .text.MADC_u32SetRegularDMA
                0x0000000008000b5c       0x54 ./Src/MADC_Program.o
                0x0000000008000b5c                MADC_u32SetRegularDMA
 .text.MADC_vSetSamplingTime
                0x0000000008000bb0       0xbc ./Src/MADC_Program.o
                0x0000000008000bb0                MADC_vSetSamplingTime
 .text.MADC_vSetNumberOfConversions
                0x0000000008000c6c       0x50 ./Src/MADC_Program.o
                0x0000000008000c6c                MADC_vSetNumberOfConversions
 .text.MADC_vSetSequence
                0x0000000008000cbc       0xf8 ./Src/MADC_Program.o
                0x0000000008000cbc                MADC_vSetSequence
 .text.MDMA_vDirectInit
                0x0000000008000db4      0x1d6 ./Src/MDMA_Program.o
                0x0000000008000db4                MDMA_vDirectInit
 .text.MDMA_vStart
                0x0000000008000f8a       0xf4 ./Src/MDMA_Program.o
                0x0000000008000f8a                MDMA_vStart
 .text.MGPIO_vSetPinMode
                0x000000000800107e       0x4a ./Src/MGPIO_Program.o
                0x000000000800107e                MGPIO_vSetPinMode
 .text.MGPIO_vSetPinOutputType
                0x00000000080010c8       0x46 ./Src/MGPIO_Program.o
                0x00000000080010c8                MGPIO_vSetPinOutputType
 .text.MGPIO_vSetPinOutputSpeed
                0x000000000800110e       0x4a ./Src/MGPIO_Program.o
                0x000000000800110e                MGPIO_vSetPinOutputSpeed
 .text.MGPIO_vSetPinInputType
                0x0000000008001158       0x4a ./Src/MGPIO_Program.o
                0x0000000008001158                MGPIO_vSetPinInputType
 .text.MGPIO_vSetPinAFDirection
                0x00000000080011a2       0x74 ./Src/MGPIO_Program.o
                0x00000000080011a2                MGPIO_vSetPinAFDirection
 .text.MGPIO_vSetPinValue
                0x0000000008001216       0x50 ./Src/MGPIO_Program.o
                0x0000000008001216                MGPIO_vSetPinValue
 .text.MGPIO_u8GetPinValue
                0x0000000008001266       0x2a ./Src/MGPIO_Program.o
                0x0000000008001266                MGPIO_u8GetPinValue
 .text.MGPT_vPWMInit
                0x0000000008001290      0x27c ./Src/MGPT_Program.o
                0x0000000008001290                MGPT_vPWMInit
 .text.MGPT_vSetPWMDutyCycle
                0x000000000800150c       0x28 ./Src/MGPT_Program.o
                0x000000000800150c                MGPT_vSetPWMDutyCycle
 .text.TIM2_IRQHandler
                0x0000000008001534       0x24 ./Src/MGPT_Program.o
                0x0000000008001534                TIM2_IRQHandler
 .text.TIM3_IRQHandler
                0x0000000008001558       0x1c ./Src/MGPT_Program.o
                0x0000000008001558                TIM3_IRQHandler
 .text.TIM4_IRQHandler
                0x0000000008001574       0x1c ./Src/MGPT_Program.o
                0x0000000008001574                TIM4_IRQHandler
 .text.TIM5_IRQHandler
                0x0000000008001590       0x1c ./Src/MGPT_Program.o
                0x0000000008001590                TIM5_IRQHandler
 .text.MNVIC_vInit
                0x00000000080015ac       0x1c ./Src/MNVIC_Program.o
                0x00000000080015ac                MNVIC_vInit
 .text.MRCC_vInitSysAndBusClock
                0x00000000080015c8       0x74 ./Src/MRCC_Program.o
                0x00000000080015c8                MRCC_vInitSysAndBusClock
 .text.MRCC_vEnablePeriphClock
                0x000000000800163c      0x11c ./Src/MRCC_Program.o
                0x000000000800163c                MRCC_vEnablePeriphClock
 .text.SysTick_Handler
                0x0000000008001758       0x5c ./Src/MSTK_Program.o
                0x0000000008001758                SysTick_Handler
 *fill*         0x00000000080017b4        0x4 
 .text.MUSART_vInit
                0x00000000080017b8      0x270 ./Src/MUSART_Program.o
                0x00000000080017b8                MUSART_vInit
 .text.MUSART_vEnable
                0x0000000008001a28       0x20 ./Src/MUSART_Program.o
                0x0000000008001a28                MUSART_vEnable
 .text.MUSART_u32EnableRxDMA
                0x0000000008001a48       0x24 ./Src/MUSART_Program.o
                0x0000000008001a48                MUSART_u32EnableRxDMA
 .text.MUSART_vRxIntStatus
                0x0000000008001a6c       0x40 ./Src/MUSART_Program.o
                0x0000000008001a6c                MUSART_vRxIntStatus
 .text.USART1_IRQHandler
                0x0000000008001aac       0x1c ./Src/MUSART_Program.o
                0x0000000008001aac                USART1_IRQHandler
 .text.USART2_IRQHandler
                0x0000000008001ac8       0x1c ./Src/MUSART_Program.o
                0x0000000008001ac8                USART2_IRQHandler
 .text.USART6_IRQHandler
                0x0000000008001ae4       0x1c ./Src/MUSART_Program.o
                0x0000000008001ae4                USART6_IRQHandler
 .text.main     0x0000000008001b00       0xc0 ./Src/main.o
                0x0000000008001b00                main
 .text.APP_vInit
                0x0000000008001bc0      0x36c ./Src/main.o
                0x0000000008001bc0                APP_vInit
 .text.APP_vDriveMotors
                0x0000000008001f2c       0xa8 ./Src/main.o
                0x0000000008001f2c                APP_vDriveMotors
 .text.APP_vCalibrateLineFollowing
                0x0000000008001fd4      0x14c ./Src/main.o
                0x0000000008001fd4                APP_vCalibrateLineFollowing
 .text.APP_vPIDcontrol
                0x0000000008002120      0x174 ./Src/main.o
                0x0000000008002120                APP_vPIDcontrol
 .text.APP_vLineFollow
                0x0000000008002294       0x84 ./Src/main.o
                0x0000000008002294                APP_vLineFollow
 .text.APP_vMazeSolveMobile
                0x0000000008002318       0xd8 ./Src/main.o
                0x0000000008002318                APP_vMazeSolveMobile
 .text.APP_vMazeSolveRobot
                0x00000000080023f0        0x6 ./Src/main.o
                0x00000000080023f0                APP_vMazeSolveRobot
 *fill*         0x00000000080023f6        0x2 
 .text.Reset_Handler
                0x00000000080023f8       0x50 ./Startup/startup_stm32f401ccux.o
                0x00000000080023f8                Reset_Handler
 .text.Default_Handler
                0x0000000008002448        0x2 ./Startup/startup_stm32f401ccux.o
                0x0000000008002448                EXTI2_IRQHandler
                0x0000000008002448                DebugMon_Handler
                0x0000000008002448                SPI4_IRQHandler
                0x0000000008002448                TIM1_CC_IRQHandler
                0x0000000008002448                DMA2_Stream5_IRQHandler
                0x0000000008002448                HardFault_Handler
                0x0000000008002448                DMA1_Stream5_IRQHandler
                0x0000000008002448                SDIO_IRQHandler
                0x0000000008002448                TAMP_STAMP_IRQHandler
                0x0000000008002448                PendSV_Handler
                0x0000000008002448                NMI_Handler
                0x0000000008002448                EXTI3_IRQHandler
                0x0000000008002448                TIM1_UP_TIM10_IRQHandler
                0x0000000008002448                I2C3_ER_IRQHandler
                0x0000000008002448                EXTI18_OTG_FS_WKUP_IRQHandler
                0x0000000008002448                EXTI0_IRQHandler
                0x0000000008002448                I2C2_EV_IRQHandler
                0x0000000008002448                DMA1_Stream2_IRQHandler
                0x0000000008002448                UsageFault_Handler
                0x0000000008002448                DMA2_Stream2_IRQHandler
                0x0000000008002448                SPI1_IRQHandler
                0x0000000008002448                TIM1_BRK_TIM9_IRQHandler
                0x0000000008002448                DMA2_Stream3_IRQHandler
                0x0000000008002448                DMA2_Stream0_IRQHandler
                0x0000000008002448                I2C1_EV_IRQHandler
                0x0000000008002448                DMA1_Stream6_IRQHandler
                0x0000000008002448                DMA1_Stream1_IRQHandler
                0x0000000008002448                RCC_IRQHandler
                0x0000000008002448                Default_Handler
                0x0000000008002448                EXTI15_10_IRQHandler
                0x0000000008002448                ADC_IRQHandler
                0x0000000008002448                DMA1_Stream7_IRQHandler
                0x0000000008002448                DMA2_Stream7_IRQHandler
                0x0000000008002448                I2C3_EV_IRQHandler
                0x0000000008002448                EXTI9_5_IRQHandler
                0x0000000008002448                SPI2_IRQHandler
                0x0000000008002448                MemManage_Handler
                0x0000000008002448                DMA1_Stream0_IRQHandler
                0x0000000008002448                SVC_Handler
                0x0000000008002448                EXTI4_IRQHandler
                0x0000000008002448                EXTI22_RTC_WKUP_IRQHandler
                0x0000000008002448                EXTI16_PVD_IRQHandler
                0x0000000008002448                TIM1_TRG_COM_TIM11_IRQHandler
                0x0000000008002448                EXTI1_IRQHandler
                0x0000000008002448                EXTI17_RTC_Alarm_IRQHandler
                0x0000000008002448                I2C2_ER_IRQHandler
                0x0000000008002448                DMA2_Stream1_IRQHandler
                0x0000000008002448                FLASH_IRQHandler
                0x0000000008002448                DMA2_Stream4_IRQHandler
                0x0000000008002448                BusFault_Handler
                0x0000000008002448                OTG_FS_IRQHandler
                0x0000000008002448                SPI3_IRQHandler
                0x0000000008002448                DMA1_Stream4_IRQHandler
                0x0000000008002448                I2C1_ER_IRQHandler
                0x0000000008002448                DMA2_Stream6_IRQHandler
                0x0000000008002448                DMA1_Stream3_IRQHandler
 *fill*         0x000000000800244a        0x2 
 .text.__libc_init_array
                0x000000000800244c       0x48 C:/ST/STM32CubeIDE_1.13.2/STM32CubeIDE/plugins/com.st.stm32cube.ide.mcu.externaltools.gnu-tools-for-stm32.11.3.rel1.win32_1.1.1.202309131626/tools/bin/../lib/gcc/arm-none-eabi/11.3.1/../../../../arm-none-eabi/lib/thumb/v7e-m+fp/hard\libc_nano.a(libc_a-init.o)
                0x000000000800244c                __libc_init_array
 *(.glue_7)
 .glue_7        0x0000000008002494        0x0 linker stubs
 *(.glue_7t)
 .glue_7t       0x0000000008002494        0x0 linker stubs
 *(.eh_frame)
 .eh_frame      0x0000000008002494        0x0 C:/ST/STM32CubeIDE_1.13.2/STM32CubeIDE/plugins/com.st.stm32cube.ide.mcu.externaltools.gnu-tools-for-stm32.11.3.rel1.win32_1.1.1.202309131626/tools/bin/../lib/gcc/arm-none-eabi/11.3.1/thumb/v7e-m+fp/hard/crtbegin.o
 *(.init)
 .init          0x0000000008002494        0x4 C:/ST/STM32CubeIDE_1.13.2/STM32CubeIDE/plugins/com.st.stm32cube.ide.mcu.externaltools.gnu-tools-for-stm32.11.3.rel1.win32_1.1.1.202309131626/tools/bin/../lib/gcc/arm-none-eabi/11.3.1/thumb/v7e-m+fp/hard/crti.o
                0x0000000008002494                _init
 .init          0x0000000008002498        0x8 C:/ST/STM32CubeIDE_1.13.2/STM32CubeIDE/plugins/com.st.stm32cube.ide.mcu.externaltools.gnu-tools-for-stm32.11.3.rel1.win32_1.1.1.202309131626/tools/bin/../lib/gcc/arm-none-eabi/11.3.1/thumb/v7e-m+fp/hard/crtn.o
 *(.fini)
 .fini          0x00000000080024a0        0x4 C:/ST/STM32CubeIDE_1.13.2/STM32CubeIDE/plugins/com.st.stm32cube.ide.mcu.externaltools.gnu-tools-for-stm32.11.3.rel1.win32_1.1.1.202309131626/tools/bin/../lib/gcc/arm-none-eabi/11.3.1/thumb/v7e-m+fp/hard/crti.o
                0x00000000080024a0                _fini
 .fini          0x00000000080024a4        0x8 C:/ST/STM32CubeIDE_1.13.2/STM32CubeIDE/plugins/com.st.stm32cube.ide.mcu.externaltools.gnu-tools-for-stm32.11.3.rel1.win32_1.1.1.202309131626/tools/bin/../lib/gcc/arm-none-eabi/11.3.1/thumb/v7e-m+fp/hard/crtn.o
                0x00000000080024ac                . = ALIGN (0x4)
                0x00000000080024ac                _etext = .

.vfp11_veneer   0x00000000080024ac        0x0
 .vfp11_veneer  0x00000000080024ac        0x0 linker stubs

.v4_bx          0x00000000080024ac        0x0
 .v4_bx         0x00000000080024ac        0x0 linker stubs

.iplt           0x00000000080024ac        0x0
 .iplt          0x00000000080024ac        0x0 C:/ST/STM32CubeIDE_1.13.2/STM32CubeIDE/plugins/com.st.stm32cube.ide.mcu.externaltools.gnu-tools-for-stm32.11.3.rel1.win32_1.1.1.202309131626/tools/bin/../lib/gcc/arm-none-eabi/11.3.1/thumb/v7e-m+fp/hard/crtbegin.o

.rodata         0x00000000080024ac       0x24
                0x00000000080024ac                . = ALIGN (0x4)
 *(.rodata)
 .rodata        0x00000000080024ac       0x24 ./Src/main.o
 *(.rodata*)
                0x00000000080024d0                . = ALIGN (0x4)

.rel.dyn        0x00000000080024d0        0x0
 .rel.iplt      0x00000000080024d0        0x0 C:/ST/STM32CubeIDE_1.13.2/STM32CubeIDE/plugins/com.st.stm32cube.ide.mcu.externaltools.gnu-tools-for-stm32.11.3.rel1.win32_1.1.1.202309131626/tools/bin/../lib/gcc/arm-none-eabi/11.3.1/thumb/v7e-m+fp/hard/crtbegin.o

.ARM.extab      0x00000000080024d0        0x0
                0x00000000080024d0                . = ALIGN (0x4)
 *(.ARM.extab* .gnu.linkonce.armextab.*)
                0x00000000080024d0                . = ALIGN (0x4)

.ARM            0x00000000080024d0        0x0
                0x00000000080024d0                . = ALIGN (0x4)
                0x00000000080024d0                __exidx_start = .
 *(.ARM.exidx*)
                0x00000000080024d0                __exidx_end = .
                0x00000000080024d0                . = ALIGN (0x4)

.preinit_array  0x00000000080024d0        0x0
                0x00000000080024d0                . = ALIGN (0x4)
                0x00000000080024d0                PROVIDE (__preinit_array_start = .)
 *(.preinit_array*)
                0x00000000080024d0                PROVIDE (__preinit_array_end = .)
                0x00000000080024d0                . = ALIGN (0x4)

.init_array     0x00000000080024d0        0x4
                0x00000000080024d0                . = ALIGN (0x4)
                0x00000000080024d0                PROVIDE (__init_array_start = .)
 *(SORT_BY_NAME(.init_array.*))
 *(.init_array*)
 .init_array    0x00000000080024d0        0x4 C:/ST/STM32CubeIDE_1.13.2/STM32CubeIDE/plugins/com.st.stm32cube.ide.mcu.externaltools.gnu-tools-for-stm32.11.3.rel1.win32_1.1.1.202309131626/tools/bin/../lib/gcc/arm-none-eabi/11.3.1/thumb/v7e-m+fp/hard/crtbegin.o
                0x00000000080024d4                PROVIDE (__init_array_end = .)
                0x00000000080024d4                . = ALIGN (0x4)

.fini_array     0x00000000080024d4        0x4
                0x00000000080024d4                . = ALIGN (0x4)
                [!provide]                        PROVIDE (__fini_array_start = .)
 *(SORT_BY_NAME(.fini_array.*))
 *(.fini_array*)
 .fini_array    0x00000000080024d4        0x4 C:/ST/STM32CubeIDE_1.13.2/STM32CubeIDE/plugins/com.st.stm32cube.ide.mcu.externaltools.gnu-tools-for-stm32.11.3.rel1.win32_1.1.1.202309131626/tools/bin/../lib/gcc/arm-none-eabi/11.3.1/thumb/v7e-m+fp/hard/crtbegin.o
                [!provide]                        PROVIDE (__fini_array_end = .)
                0x00000000080024d8                . = ALIGN (0x4)
                0x00000000080024d8                _sidata = LOADADDR (.data)

.data           0x0000000020000000        0x0 load address 0x00000000080024d8
                0x0000000020000000                . = ALIGN (0x4)
                0x0000000020000000                _sdata = .
 *(.data)
 *(.data*)
 *(.RamFunc)
 *(.RamFunc*)
                0x0000000020000000                . = ALIGN (0x4)
                0x0000000020000000                _edata = .

.igot.plt       0x0000000020000000        0x0 load address 0x00000000080024d8
 .igot.plt      0x0000000020000000        0x0 C:/ST/STM32CubeIDE_1.13.2/STM32CubeIDE/plugins/com.st.stm32cube.ide.mcu.externaltools.gnu-tools-for-stm32.11.3.rel1.win32_1.1.1.202309131626/tools/bin/../lib/gcc/arm-none-eabi/11.3.1/thumb/v7e-m+fp/hard/crtbegin.o
                0x0000000020000000                . = ALIGN (0x4)

.bss            0x0000000020000000       0x88 load address 0x00000000080024d8
                0x0000000020000000                _sbss = .
                0x0000000020000000                __bss_start__ = _sbss
 *(.bss)
 .bss           0x0000000020000000       0x1c C:/ST/STM32CubeIDE_1.13.2/STM32CubeIDE/plugins/com.st.stm32cube.ide.mcu.externaltools.gnu-tools-for-stm32.11.3.rel1.win32_1.1.1.202309131626/tools/bin/../lib/gcc/arm-none-eabi/11.3.1/thumb/v7e-m+fp/hard/crtbegin.o
 *(.bss*)
 .bss.MGPT_CALLBACKS
                0x000000002000001c       0x10 ./Src/MGPT_Program.o
                0x000000002000001c                MGPT_CALLBACKS
 .bss.MSTK_CallBack
                0x000000002000002c        0x4 ./Src/MSTK_Program.o
                0x000000002000002c                MSTK_CallBack
 .bss.Global_u8CallMode
                0x0000000020000030        0x1 ./Src/MSTK_Program.o
                0x0000000020000030                Global_u8CallMode
 *fill*         0x0000000020000031        0x3 
 .bss.MUSART1_CallBack
                0x0000000020000034        0x4 ./Src/MUSART_Program.o
                0x0000000020000034                MUSART1_CallBack
 .bss.MUSART2_CallBack
                0x0000000020000038        0x4 ./Src/MUSART_Program.o
                0x0000000020000038                MUSART2_CallBack
 .bss.MUSART6_CallBack
                0x000000002000003c        0x4 ./Src/MUSART_Program.o
                0x000000002000003c                MUSART6_CallBack
 .bss.APP_u16IRData
                0x0000000020000040        0xa ./Src/main.o
                0x0000000020000040                APP_u16IRData
 *fill*         0x000000002000004a        0x2 
 .bss.APP_u16IRThreshold
                0x000000002000004c        0xa ./Src/main.o
                0x000000002000004c                APP_u16IRThreshold
 *fill*         0x0000000020000056        0x2 
 .bss.APP_s32SpeedLeft
                0x0000000020000058        0x4 ./Src/main.o
                0x0000000020000058                APP_s32SpeedLeft
 .bss.APP_s32SpeedRight
                0x000000002000005c        0x4 ./Src/main.o
                0x000000002000005c                APP_s32SpeedRight
 .bss.APP_u8DirBuffer
                0x0000000020000060        0x6 ./Src/main.o
                0x0000000020000060                APP_u8DirBuffer
 *fill*         0x0000000020000066        0x2 
 .bss.APP_f32Kp
                0x0000000020000068        0x4 ./Src/main.o
                0x0000000020000068                APP_f32Kp
 .bss.APP_f32Kd
                0x000000002000006c        0x4 ./Src/main.o
                0x000000002000006c                APP_f32Kd
 .bss.APP_f32Ki
                0x0000000020000070        0x4 ./Src/main.o
                0x0000000020000070                APP_f32Ki
 .bss.APP_s32Error
                0x0000000020000074        0x4 ./Src/main.o
                0x0000000020000074                APP_s32Error
 .bss.APP_s32PrevError
                0x0000000020000078        0x4 ./Src/main.o
                0x0000000020000078                APP_s32PrevError
 .bss.APP_s32P  0x000000002000007c        0x4 ./Src/main.o
                0x000000002000007c                APP_s32P
 .bss.APP_s32I  0x0000000020000080        0x4 ./Src/main.o
                0x0000000020000080                APP_s32I
 .bss.APP_s32D  0x0000000020000084        0x4 ./Src/main.o
                0x0000000020000084                APP_s32D
 *(COMMON)
                0x0000000020000088                . = ALIGN (0x4)
                0x0000000020000088                _ebss = .
                0x0000000020000088                __bss_end__ = _ebss

._user_heap_stack
                0x0000000020000088      0x600 load address 0x00000000080024d8
                0x0000000020000088                . = ALIGN (0x8)
                [!provide]                        PROVIDE (end = .)
                0x0000000020000088                PROVIDE (_end = .)
                0x0000000020000288                . = (. + _Min_Heap_Size)
 *fill*         0x0000000020000088      0x200 
                0x0000000020000688                . = (. + _Min_Stack_Size)
 *fill*         0x0000000020000288      0x400 
                0x0000000020000688                . = ALIGN (0x8)

/DISCARD/
 libc.a(*)
 libm.a(*)
 libgcc.a(*)

.ARM.attributes
                0x0000000000000000       0x30
 *(.ARM.attributes)
 .ARM.attributes
                0x0000000000000000       0x1e C:/ST/STM32CubeIDE_1.13.2/STM32CubeIDE/plugins/com.st.stm32cube.ide.mcu.externaltools.gnu-tools-for-stm32.11.3.rel1.win32_1.1.1.202309131626/tools/bin/../lib/gcc/arm-none-eabi/11.3.1/thumb/v7e-m+fp/hard/crti.o
 .ARM.attributes
                0x000000000000001e       0x34 C:/ST/STM32CubeIDE_1.13.2/STM32CubeIDE/plugins/com.st.stm32cube.ide.mcu.externaltools.gnu-tools-for-stm32.11.3.rel1.win32_1.1.1.202309131626/tools/bin/../lib/gcc/arm-none-eabi/11.3.1/thumb/v7e-m+fp/hard/crtbegin.o
 .ARM.attributes
                0x0000000000000052       0x34 ./Src/MADC_Program.o
 .ARM.attributes
                0x0000000000000086       0x34 ./Src/MDMA_Program.o
 .ARM.attributes
                0x00000000000000ba       0x34 ./Src/MGPIO_Program.o
 .ARM.attributes
                0x00000000000000ee       0x34 ./Src/MGPT_Program.o
 .ARM.attributes
                0x0000000000000122       0x34 ./Src/MNVIC_Program.o
 .ARM.attributes
                0x0000000000000156       0x34 ./Src/MRCC_Program.o
 .ARM.attributes
                0x000000000000018a       0x34 ./Src/MSTK_Program.o
 .ARM.attributes
                0x00000000000001be       0x34 ./Src/MUSART_Program.o
 .ARM.attributes
                0x00000000000001f2       0x34 ./Src/main.o
 .ARM.attributes
                0x0000000000000226       0x21 ./Startup/startup_stm32f401ccux.o
 .ARM.attributes
                0x0000000000000247       0x34 C:/ST/STM32CubeIDE_1.13.2/STM32CubeIDE/plugins/com.st.stm32cube.ide.mcu.externaltools.gnu-tools-for-stm32.11.3.rel1.win32_1.1.1.202309131626/tools/bin/../lib/gcc/arm-none-eabi/11.3.1/../../../../arm-none-eabi/lib/thumb/v7e-m+fp/hard\libc_nano.a(libc_a-init.o)
 .ARM.attributes
                0x000000000000027b       0x1e C:/ST/STM32CubeIDE_1.13.2/STM32CubeIDE/plugins/com.st.stm32cube.ide.mcu.externaltools.gnu-tools-for-stm32.11.3.rel1.win32_1.1.1.202309131626/tools/bin/../lib/gcc/arm-none-eabi/11.3.1/thumb/v7e-m+fp/hard\libgcc.a(_arm_addsubdf3.o)
 .ARM.attributes
                0x0000000000000299       0x1e C:/ST/STM32CubeIDE_1.13.2/STM32CubeIDE/plugins/com.st.stm32cube.ide.mcu.externaltools.gnu-tools-for-stm32.11.3.rel1.win32_1.1.1.202309131626/tools/bin/../lib/gcc/arm-none-eabi/11.3.1/thumb/v7e-m+fp/hard\libgcc.a(_arm_muldivdf3.o)
 .ARM.attributes
                0x00000000000002b7       0x1e C:/ST/STM32CubeIDE_1.13.2/STM32CubeIDE/plugins/com.st.stm32cube.ide.mcu.externaltools.gnu-tools-for-stm32.11.3.rel1.win32_1.1.1.202309131626/tools/bin/../lib/gcc/arm-none-eabi/11.3.1/thumb/v7e-m+fp/hard\libgcc.a(_arm_fixunsdfsi.o)
 .ARM.attributes
                0x00000000000002d5       0x1e C:/ST/STM32CubeIDE_1.13.2/STM32CubeIDE/plugins/com.st.stm32cube.ide.mcu.externaltools.gnu-tools-for-stm32.11.3.rel1.win32_1.1.1.202309131626/tools/bin/../lib/gcc/arm-none-eabi/11.3.1/thumb/v7e-m+fp/hard\libgcc.a(_arm_truncdfsf2.o)
 .ARM.attributes
                0x00000000000002f3       0x1e C:/ST/STM32CubeIDE_1.13.2/STM32CubeIDE/plugins/com.st.stm32cube.ide.mcu.externaltools.gnu-tools-for-stm32.11.3.rel1.win32_1.1.1.202309131626/tools/bin/../lib/gcc/arm-none-eabi/11.3.1/thumb/v7e-m+fp/hard/crtn.o
OUTPUT(Project_MazeSolver_CubeIDE.elf elf32-littlearm)
LOAD linker stubs
LOAD C:/ST/STM32CubeIDE_1.13.2/STM32CubeIDE/plugins/com.st.stm32cube.ide.mcu.externaltools.gnu-tools-for-stm32.11.3.rel1.win32_1.1.1.202309131626/tools/bin/../lib/gcc/arm-none-eabi/11.3.1/../../../../arm-none-eabi/lib/thumb/v7e-m+fp/hard\libc.a
LOAD C:/ST/STM32CubeIDE_1.13.2/STM32CubeIDE/plugins/com.st.stm32cube.ide.mcu.externaltools.gnu-tools-for-stm32.11.3.rel1.win32_1.1.1.202309131626/tools/bin/../lib/gcc/arm-none-eabi/11.3.1/../../../../arm-none-eabi/lib/thumb/v7e-m+fp/hard\libm.a
LOAD C:/ST/STM32CubeIDE_1.13.2/STM32CubeIDE/plugins/com.st.stm32cube.ide.mcu.externaltools.gnu-tools-for-stm32.11.3.rel1.win32_1.1.1.202309131626/tools/bin/../lib/gcc/arm-none-eabi/11.3.1/thumb/v7e-m+fp/hard\libgcc.a

.comment        0x0000000000000000       0x43
 .comment       0x0000000000000000       0x43 C:/ST/STM32CubeIDE_1.13.2/STM32CubeIDE/plugins/com.st.stm32cube.ide.mcu.externaltools.gnu-tools-for-stm32.11.3.rel1.win32_1.1.1.202309131626/tools/bin/../lib/gcc/arm-none-eabi/11.3.1/thumb/v7e-m+fp/hard/crtbegin.o
                                         0x44 (size before relaxing)
 .comment       0x0000000000000043       0x44 ./Src/MADC_Program.o
 .comment       0x0000000000000043       0x44 ./Src/MDMA_Program.o
 .comment       0x0000000000000043       0x44 ./Src/MGPIO_Program.o
 .comment       0x0000000000000043       0x44 ./Src/MGPT_Program.o
 .comment       0x0000000000000043       0x44 ./Src/MNVIC_Program.o
 .comment       0x0000000000000043       0x44 ./Src/MRCC_Program.o
 .comment       0x0000000000000043       0x44 ./Src/MSTK_Program.o
 .comment       0x0000000000000043       0x44 ./Src/MUSART_Program.o
 .comment       0x0000000000000043       0x44 ./Src/main.o

.debug_info     0x0000000000000000     0x2cf2
 .debug_info    0x0000000000000000      0x3ea ./Src/MADC_Program.o
 .debug_info    0x00000000000003ea      0x3b3 ./Src/MDMA_Program.o
 .debug_info    0x000000000000079d      0x555 ./Src/MGPIO_Program.o
 .debug_info    0x0000000000000cf2      0x381 ./Src/MGPT_Program.o
 .debug_info    0x0000000000001073      0x36a ./Src/MNVIC_Program.o
 .debug_info    0x00000000000013dd      0x32a ./Src/MRCC_Program.o
 .debug_info    0x0000000000001707      0x1f7 ./Src/MSTK_Program.o
 .debug_info    0x00000000000018fe      0x5a3 ./Src/MUSART_Program.o
 .debug_info    0x0000000000001ea1      0xe2e ./Src/main.o
 .debug_info    0x0000000000002ccf       0x23 ./Startup/startup_stm32f401ccux.o

.debug_abbrev   0x0000000000000000      0xb6a
 .debug_abbrev  0x0000000000000000      0x14a ./Src/MADC_Program.o
 .debug_abbrev  0x000000000000014a       0xf8 ./Src/MDMA_Program.o
 .debug_abbrev  0x0000000000000242      0x12f ./Src/MGPIO_Program.o
 .debug_abbrev  0x0000000000000371      0x159 ./Src/MGPT_Program.o
 .debug_abbrev  0x00000000000004ca      0x12b ./Src/MNVIC_Program.o
 .debug_abbrev  0x00000000000005f5       0xbb ./Src/MRCC_Program.o
 .debug_abbrev  0x00000000000006b0      0x115 ./Src/MSTK_Program.o
 .debug_abbrev  0x00000000000007c5      0x17f ./Src/MUSART_Program.o
 .debug_abbrev  0x0000000000000944      0x214 ./Src/main.o
 .debug_abbrev  0x0000000000000b58       0x12 ./Startup/startup_stm32f401ccux.o

.debug_aranges  0x0000000000000000      0x358
 .debug_aranges
                0x0000000000000000       0x60 ./Src/MADC_Program.o
 .debug_aranges
                0x0000000000000060       0x30 ./Src/MDMA_Program.o
 .debug_aranges
                0x0000000000000090       0x70 ./Src/MGPIO_Program.o
 .debug_aranges
                0x0000000000000100       0x50 ./Src/MGPT_Program.o
 .debug_aranges
                0x0000000000000150       0x48 ./Src/MNVIC_Program.o
 .debug_aranges
                0x0000000000000198       0x30 ./Src/MRCC_Program.o
 .debug_aranges
                0x00000000000001c8       0x58 ./Src/MSTK_Program.o
 .debug_aranges
                0x0000000000000220       0xb0 ./Src/MUSART_Program.o
 .debug_aranges
                0x00000000000002d0       0x60 ./Src/main.o
 .debug_aranges
                0x0000000000000330       0x28 ./Startup/startup_stm32f401ccux.o

.debug_rnglists
                0x0000000000000000      0x263
 .debug_rnglists
                0x0000000000000000       0x47 ./Src/MADC_Program.o
 .debug_rnglists
                0x0000000000000047       0x22 ./Src/MDMA_Program.o
 .debug_rnglists
                0x0000000000000069       0x4f ./Src/MGPIO_Program.o
 .debug_rnglists
                0x00000000000000b8       0x39 ./Src/MGPT_Program.o
 .debug_rnglists
                0x00000000000000f1       0x31 ./Src/MNVIC_Program.o
 .debug_rnglists
                0x0000000000000122       0x21 ./Src/MRCC_Program.o
 .debug_rnglists
                0x0000000000000143       0x3d ./Src/MSTK_Program.o
 .debug_rnglists
                0x0000000000000180       0x80 ./Src/MUSART_Program.o
 .debug_rnglists
                0x0000000000000200       0x4a ./Src/main.o
 .debug_rnglists
                0x000000000000024a       0x19 ./Startup/startup_stm32f401ccux.o

.debug_macro    0x0000000000000000     0x1a71
 .debug_macro   0x0000000000000000       0x3e ./Src/MADC_Program.o
 .debug_macro   0x000000000000003e      0xaae ./Src/MADC_Program.o
 .debug_macro   0x0000000000000aec       0x10 ./Src/MADC_Program.o
 .debug_macro   0x0000000000000afc       0x28 ./Src/MADC_Program.o
 .debug_macro   0x0000000000000b24      0x2ad ./Src/MADC_Program.o
 .debug_macro   0x0000000000000dd1      0x112 ./Src/MADC_Program.o
 .debug_macro   0x0000000000000ee3       0x52 ./Src/MADC_Program.o
 .debug_macro   0x0000000000000f35       0x3f ./Src/MDMA_Program.o
 .debug_macro   0x0000000000000f74       0x9a ./Src/MDMA_Program.o
 .debug_macro   0x000000000000100e      0x108 ./Src/MDMA_Program.o
 .debug_macro   0x0000000000001116       0x3f ./Src/MGPIO_Program.o
 .debug_macro   0x0000000000001155       0x10 ./Src/MGPIO_Program.o
 .debug_macro   0x0000000000001165       0x98 ./Src/MGPIO_Program.o
 .debug_macro   0x00000000000011fd       0x3e ./Src/MGPT_Program.o
 .debug_macro   0x000000000000123b       0xd6 ./Src/MGPT_Program.o
 .debug_macro   0x0000000000001311       0x10 ./Src/MGPT_Program.o
 .debug_macro   0x0000000000001321       0xb2 ./Src/MGPT_Program.o
 .debug_macro   0x00000000000013d3       0x3f ./Src/MNVIC_Program.o
 .debug_macro   0x0000000000001412       0x3a ./Src/MNVIC_Program.o
 .debug_macro   0x000000000000144c       0x10 ./Src/MNVIC_Program.o
 .debug_macro   0x000000000000145c       0x3f ./Src/MRCC_Program.o
 .debug_macro   0x000000000000149b       0x3a ./Src/MRCC_Program.o
 .debug_macro   0x00000000000014d5      0x15a ./Src/MRCC_Program.o
 .debug_macro   0x000000000000162f       0x3f ./Src/MSTK_Program.o
 .debug_macro   0x000000000000166e       0x10 ./Src/MSTK_Program.o
 .debug_macro   0x000000000000167e       0x52 ./Src/MSTK_Program.o
 .debug_macro   0x00000000000016d0       0x3e ./Src/MUSART_Program.o
 .debug_macro   0x000000000000170e       0x16 ./Src/MUSART_Program.o
 .debug_macro   0x0000000000001724       0x76 ./Src/MUSART_Program.o
 .debug_macro   0x000000000000179a      0x16c ./Src/MUSART_Program.o
 .debug_macro   0x0000000000001906       0x77 ./Src/main.o
 .debug_macro   0x000000000000197d       0xf4 ./Src/main.o

.debug_line     0x0000000000000000     0x165c
 .debug_line    0x0000000000000000      0x238 ./Src/MADC_Program.o
 .debug_line    0x0000000000000238      0x128 ./Src/MDMA_Program.o
 .debug_line    0x0000000000000360      0x20f ./Src/MGPIO_Program.o
 .debug_line    0x000000000000056f      0x29e ./Src/MGPT_Program.o
 .debug_line    0x000000000000080d      0x199 ./Src/MNVIC_Program.o
 .debug_line    0x00000000000009a6      0x15d ./Src/MRCC_Program.o
 .debug_line    0x0000000000000b03      0x1d4 ./Src/MSTK_Program.o
 .debug_line    0x0000000000000cd7      0x3b5 ./Src/MUSART_Program.o
 .debug_line    0x000000000000108c      0x555 ./Src/main.o
 .debug_line    0x00000000000015e1       0x7b ./Startup/startup_stm32f401ccux.o

.debug_str      0x0000000000000000     0x83be
 .debug_str     0x0000000000000000     0x444f ./Src/MADC_Program.o
                                       0x44e1 (size before relaxing)
 .debug_str     0x000000000000444f      0x6de ./Src/MDMA_Program.o
                                       0x377a (size before relaxing)
 .debug_str     0x0000000000004b2d      0x58c ./Src/MGPIO_Program.o
                                       0x3697 (size before relaxing)
 .debug_str     0x00000000000050b9      0x793 ./Src/MGPT_Program.o
                                       0x382c (size before relaxing)
 .debug_str     0x000000000000584c      0x560 ./Src/MNVIC_Program.o
                                       0x35d9 (size before relaxing)
 .debug_str     0x0000000000005dac      0xe3e ./Src/MRCC_Program.o
                                       0x3eaf (size before relaxing)
 .debug_str     0x0000000000006bea      0x27b ./Src/MSTK_Program.o
                                       0x32ec (size before relaxing)
 .debug_str     0x0000000000006e65      0xdfc ./Src/MUSART_Program.o
                                       0x3e9a (size before relaxing)
 .debug_str     0x0000000000007c61      0x72e ./Src/main.o
                                       0x5200 (size before relaxing)
 .debug_str     0x000000000000838f       0x2f ./Startup/startup_stm32f401ccux.o
                                         0x7b (size before relaxing)

.debug_frame    0x0000000000000000      0xccc
 .debug_frame   0x0000000000000000      0x16c ./Src/MADC_Program.o
 .debug_frame   0x000000000000016c       0x88 ./Src/MDMA_Program.o
 .debug_frame   0x00000000000001f4      0x1c8 ./Src/MGPIO_Program.o
 .debug_frame   0x00000000000003bc       0xf8 ./Src/MGPT_Program.o
 .debug_frame   0x00000000000004b4       0xf8 ./Src/MNVIC_Program.o
 .debug_frame   0x00000000000005ac       0x80 ./Src/MRCC_Program.o
 .debug_frame   0x000000000000062c      0x124 ./Src/MSTK_Program.o
 .debug_frame   0x0000000000000750      0x2d8 ./Src/MUSART_Program.o
 .debug_frame   0x0000000000000a28      0x134 ./Src/main.o
 .debug_frame   0x0000000000000b5c       0x2c C:/ST/STM32CubeIDE_1.13.2/STM32CubeIDE/plugins/com.st.stm32cube.ide.mcu.externaltools.gnu-tools-for-stm32.11.3.rel1.win32_1.1.1.202309131626/tools/bin/../lib/gcc/arm-none-eabi/11.3.1/../../../../arm-none-eabi/lib/thumb/v7e-m+fp/hard\libc_nano.a(libc_a-init.o)
 .debug_frame   0x0000000000000b88       0xac C:/ST/STM32CubeIDE_1.13.2/STM32CubeIDE/plugins/com.st.stm32cube.ide.mcu.externaltools.gnu-tools-for-stm32.11.3.rel1.win32_1.1.1.202309131626/tools/bin/../lib/gcc/arm-none-eabi/11.3.1/thumb/v7e-m+fp/hard\libgcc.a(_arm_addsubdf3.o)
 .debug_frame   0x0000000000000c34       0x50 C:/ST/STM32CubeIDE_1.13.2/STM32CubeIDE/plugins/com.st.stm32cube.ide.mcu.externaltools.gnu-tools-for-stm32.11.3.rel1.win32_1.1.1.202309131626/tools/bin/../lib/gcc/arm-none-eabi/11.3.1/thumb/v7e-m+fp/hard\libgcc.a(_arm_muldivdf3.o)
 .debug_frame   0x0000000000000c84       0x24 C:/ST/STM32CubeIDE_1.13.2/STM32CubeIDE/plugins/com.st.stm32cube.ide.mcu.externaltools.gnu-tools-for-stm32.11.3.rel1.win32_1.1.1.202309131626/tools/bin/../lib/gcc/arm-none-eabi/11.3.1/thumb/v7e-m+fp/hard\libgcc.a(_arm_fixunsdfsi.o)
 .debug_frame   0x0000000000000ca8       0x24 C:/ST/STM32CubeIDE_1.13.2/STM32CubeIDE/plugins/com.st.stm32cube.ide.mcu.externaltools.gnu-tools-for-stm32.11.3.rel1.win32_1.1.1.202309131626/tools/bin/../lib/gcc/arm-none-eabi/11.3.1/thumb/v7e-m+fp/hard\libgcc.a(_arm_truncdfsf2.o)

.debug_line_str
                0x0000000000000000       0x6f
 .debug_line_str
                0x0000000000000000       0x6f ./Startup/startup_stm32f401ccux.o
                                         0x87 (size before relaxing)
