Archive member included to satisfy reference by file (symbol)

C:/ST/STM32CubeIDE_1.13.2/STM32CubeIDE/plugins/com.st.stm32cube.ide.mcu.externaltools.gnu-tools-for-stm32.11.3.rel1.win32_1.1.1.202309131626/tools/bin/../lib/gcc/arm-none-eabi/11.3.1/../../../../arm-none-eabi/lib/thumb/v7e-m+fp/hard\libc_nano.a(libc_a-exit.o)
                              C:/ST/STM32CubeIDE_1.13.2/STM32CubeIDE/plugins/com.st.stm32cube.ide.mcu.externaltools.gnu-tools-for-stm32.11.3.rel1.win32_1.1.1.202309131626/tools/bin/../lib/gcc/arm-none-eabi/11.3.1/../../../../arm-none-eabi/lib/thumb/v7e-m+fp/hard/crt0.o (exit)
C:/ST/STM32CubeIDE_1.13.2/STM32CubeIDE/plugins/com.st.stm32cube.ide.mcu.externaltools.gnu-tools-for-stm32.11.3.rel1.win32_1.1.1.202309131626/tools/bin/../lib/gcc/arm-none-eabi/11.3.1/../../../../arm-none-eabi/lib/thumb/v7e-m+fp/hard\libc_nano.a(libc_a-findfp.o)
                              C:/ST/STM32CubeIDE_1.13.2/STM32CubeIDE/plugins/com.st.stm32cube.ide.mcu.externaltools.gnu-tools-for-stm32.11.3.rel1.win32_1.1.1.202309131626/tools/bin/../lib/gcc/arm-none-eabi/11.3.1/../../../../arm-none-eabi/lib/thumb/v7e-m+fp/hard\libc_nano.a(libc_a-exit.o) (__stdio_exit_handler)
C:/ST/STM32CubeIDE_1.13.2/STM32CubeIDE/plugins/com.st.stm32cube.ide.mcu.externaltools.gnu-tools-for-stm32.11.3.rel1.win32_1.1.1.202309131626/tools/bin/../lib/gcc/arm-none-eabi/11.3.1/../../../../arm-none-eabi/lib/thumb/v7e-m+fp/hard\libc_nano.a(libc_a-fwalk.o)
                              C:/ST/STM32CubeIDE_1.13.2/STM32CubeIDE/plugins/com.st.stm32cube.ide.mcu.externaltools.gnu-tools-for-stm32.11.3.rel1.win32_1.1.1.202309131626/tools/bin/../lib/gcc/arm-none-eabi/11.3.1/../../../../arm-none-eabi/lib/thumb/v7e-m+fp/hard\libc_nano.a(libc_a-findfp.o) (_fwalk_sglue)
C:/ST/STM32CubeIDE_1.13.2/STM32CubeIDE/plugins/com.st.stm32cube.ide.mcu.externaltools.gnu-tools-for-stm32.11.3.rel1.win32_1.1.1.202309131626/tools/bin/../lib/gcc/arm-none-eabi/11.3.1/../../../../arm-none-eabi/lib/thumb/v7e-m+fp/hard\libc_nano.a(libc_a-stdio.o)
                              C:/ST/STM32CubeIDE_1.13.2/STM32CubeIDE/plugins/com.st.stm32cube.ide.mcu.externaltools.gnu-tools-for-stm32.11.3.rel1.win32_1.1.1.202309131626/tools/bin/../lib/gcc/arm-none-eabi/11.3.1/../../../../arm-none-eabi/lib/thumb/v7e-m+fp/hard\libc_nano.a(libc_a-findfp.o) (__sread)
C:/ST/STM32CubeIDE_1.13.2/STM32CubeIDE/plugins/com.st.stm32cube.ide.mcu.externaltools.gnu-tools-for-stm32.11.3.rel1.win32_1.1.1.202309131626/tools/bin/../lib/gcc/arm-none-eabi/11.3.1/../../../../arm-none-eabi/lib/thumb/v7e-m+fp/hard\libc_nano.a(libc_a-memset.o)
                              C:/ST/STM32CubeIDE_1.13.2/STM32CubeIDE/plugins/com.st.stm32cube.ide.mcu.externaltools.gnu-tools-for-stm32.11.3.rel1.win32_1.1.1.202309131626/tools/bin/../lib/gcc/arm-none-eabi/11.3.1/../../../../arm-none-eabi/lib/thumb/v7e-m+fp/hard/crt0.o (memset)
C:/ST/STM32CubeIDE_1.13.2/STM32CubeIDE/plugins/com.st.stm32cube.ide.mcu.externaltools.gnu-tools-for-stm32.11.3.rel1.win32_1.1.1.202309131626/tools/bin/../lib/gcc/arm-none-eabi/11.3.1/../../../../arm-none-eabi/lib/thumb/v7e-m+fp/hard\libc_nano.a(libc_a-closer.o)
                              C:/ST/STM32CubeIDE_1.13.2/STM32CubeIDE/plugins/com.st.stm32cube.ide.mcu.externaltools.gnu-tools-for-stm32.11.3.rel1.win32_1.1.1.202309131626/tools/bin/../lib/gcc/arm-none-eabi/11.3.1/../../../../arm-none-eabi/lib/thumb/v7e-m+fp/hard\libc_nano.a(libc_a-stdio.o) (_close_r)
C:/ST/STM32CubeIDE_1.13.2/STM32CubeIDE/plugins/com.st.stm32cube.ide.mcu.externaltools.gnu-tools-for-stm32.11.3.rel1.win32_1.1.1.202309131626/tools/bin/../lib/gcc/arm-none-eabi/11.3.1/../../../../arm-none-eabi/lib/thumb/v7e-m+fp/hard\libc_nano.a(libc_a-reent.o)
                              C:/ST/STM32CubeIDE_1.13.2/STM32CubeIDE/plugins/com.st.stm32cube.ide.mcu.externaltools.gnu-tools-for-stm32.11.3.rel1.win32_1.1.1.202309131626/tools/bin/../lib/gcc/arm-none-eabi/11.3.1/../../../../arm-none-eabi/lib/thumb/v7e-m+fp/hard\libc_nano.a(libc_a-closer.o) (errno)
C:/ST/STM32CubeIDE_1.13.2/STM32CubeIDE/plugins/com.st.stm32cube.ide.mcu.externaltools.gnu-tools-for-stm32.11.3.rel1.win32_1.1.1.202309131626/tools/bin/../lib/gcc/arm-none-eabi/11.3.1/../../../../arm-none-eabi/lib/thumb/v7e-m+fp/hard\libc_nano.a(libc_a-impure.o)
                              C:/ST/STM32CubeIDE_1.13.2/STM32CubeIDE/plugins/com.st.stm32cube.ide.mcu.externaltools.gnu-tools-for-stm32.11.3.rel1.win32_1.1.1.202309131626/tools/bin/../lib/gcc/arm-none-eabi/11.3.1/../../../../arm-none-eabi/lib/thumb/v7e-m+fp/hard\libc_nano.a(libc_a-reent.o) (_impure_ptr)
C:/ST/STM32CubeIDE_1.13.2/STM32CubeIDE/plugins/com.st.stm32cube.ide.mcu.externaltools.gnu-tools-for-stm32.11.3.rel1.win32_1.1.1.202309131626/tools/bin/../lib/gcc/arm-none-eabi/11.3.1/../../../../arm-none-eabi/lib/thumb/v7e-m+fp/hard\libc_nano.a(libc_a-lseekr.o)
[...]
Memory Configuration

Name             Origin             Length             Attributes
RAM              0x0000000020000000 0x0000000000010000 xrw
FLASH            0x0000000008000000 0x0000000000040000 xr
*default*        0x0000000000000000 0xffffffffffffffff

Linker script and memory map

LOAD C:/ST/STM32CubeIDE_1.13.2/STM32CubeIDE/plugins/com.st.stm32cube.ide.mcu.externaltools.gnu-tools-for-stm32.11.3.rel1.win32_1.1.1.202309131626/tools/bin/../lib/gcc/arm-none-eabi/11.3.1/thumb/v7e-m+fp/hard/crti.o
LOAD C:/ST/STM32CubeIDE_1.13.2/STM32CubeIDE/plugins/com.st.stm32cube.ide.mcu.externaltools.gnu-tools-for-stm32.11.3.rel1.win32_1.1.1.202309131626/tools/bin/../lib/gcc/arm-none-eabi/11.3.1/thumb/v7e-m+fp/hard/crtbegin.o
LOAD C:/ST/STM32CubeIDE_1.13.2/STM32CubeIDE/plugins/com.st.stm32cube.ide.mcu.externaltools.gnu-tools-for-stm32.11.3.rel1.win32_1.1.1.202309131626/tools/bin/../lib/gcc/arm-none-eabi/11.3.1/../../../../arm-none-eabi/lib/thumb/v7e-m+fp/hard/crt0.o
LOAD ./Src/MADC_Program.o
LOAD ./Src/MDMA_Program.o
LOAD ./Src/MGPIO_Program.o
LOAD ./Src/MNVIC_Program.o
LOAD ./Src/MRCC_Program.o
LOAD ./Src/MSTK_Program.o
LOAD ./Src/MUSART_Program.o
LOAD ./Src/main.o
LOAD ./Src/syscalls.o
LOAD ./Src/sysmem.o
LOAD ./Startup/startup_stm32f401ccux.o
START GROUP
LOAD C:/ST/STM32CubeIDE_1.13.2/STM32CubeIDE/plugins/com.st.stm32cube.ide.mcu.externaltools.gnu-tools-for-stm32.11.3.rel1.win32_1.1.1.202309131626/tools/bin/../lib/gcc/arm-none-eabi/11.3.1/../../../../arm-none-eabi/lib/thumb/v7e-m+fp/hard\libc_nano.a
LOAD C:/ST/STM32CubeIDE_1.13.2/STM32CubeIDE/plugins/com.st.stm32cube.ide.mcu.externaltools.gnu-tools-for-stm32.11.3.rel1.win32_1.1.1.202309131626/tools/bin/../lib/gcc/arm-none-eabi/11.3.1/../../../../arm-none-eabi/lib/thumb/v7e-m+fp/hard\libm.a
END GROUP
START GROUP
LOAD C:/ST/STM32CubeIDE_1.13.2/STM32CubeIDE/plugins/com.st.stm32cube.ide.mcu.externaltools.gnu-tools-for-stm32.11.3.rel1.win32_1.1.1.202309131626/tools/bin/../lib/gcc/arm-none-eabi/11.3.1/thumb/v7e-m+fp/hard\libgcc.a
LOAD C:/ST/STM32CubeIDE_1.13.2/STM32CubeIDE/plugins/com.st.stm32cube.ide.mcu.externaltools.gnu-tools-for-stm32.11.3.rel1.win32_1.1.1.202309131626/tools/bin/../lib/gcc/arm-none-eabi/11.3.1/../../../../arm-none-eabi/lib/thumb/v7e-m+fp/hard\libc_nano.a
END GROUP
START GROUP
LOAD C:/ST/STM32CubeIDE_1.13.2/STM32CubeIDE/plugins/com.st.stm32cube.ide.mcu.externaltools.gnu-tools-for-stm32.11.3.rel1.win32_1.1.1.202309131626/tools/bin/../lib/gcc/arm-none-eabi/11.3.1/thumb/v7e-m+fp/hard\libgcc.a
LOAD C:/ST/STM32CubeIDE_1.13.2/STM32CubeIDE/plugins/com.st.stm32cube.ide.mcu.externaltools.gnu-tools-for-stm32.11.3.rel1.win32_1.1.1.202309131626/tools/bin/../lib/gcc/arm-none-eabi/11.3.1/../../../../arm-none-eabi/lib/thumb/v7e-m+fp/hard\libc_nano.a
LOAD C:/ST/STM32CubeIDE_1.13.2/STM32CubeIDE/plugins/com.st.stm32cube.ide.mcu.externaltools.gnu-tools-for-stm32.11.3.rel1.win32_1.1.1.202309131626/tools/bin/../lib/gcc/arm-none-eabi/11.3.1/../../../../arm-none-eabi/lib/thumb/v7e-m+fp/hard\libnosys.a
END GROUP
START GROUP
LOAD C:/ST/STM32CubeIDE_1.13.2/STM32CubeIDE/plugins/com.st.stm32cube.ide.mcu.externaltools.gnu-tools-for-stm32.11.3.rel1.win32_1.1.1.202309131626/tools/bin/../lib/gcc/arm-none-eabi/11.3.1/thumb/v7e-m+fp/hard\libgcc.a
LOAD C:/ST/STM32CubeIDE_1.13.2/STM32CubeIDE/plugins/com.st.stm32cube.ide.mcu.externaltools.gnu-tools-for-stm32.11.3.rel1.win32_1.1.1.202309131626/tools/bin/../lib/gcc/arm-none-eabi/11.3.1/../../../../arm-none-eabi/lib/thumb/v7e-m+fp/hard\libc_nano.a
LOAD C:/ST/STM32CubeIDE_1.13.2/STM32CubeIDE/plugins/com.st.stm32cube.ide.mcu.externaltools.gnu-tools-for-stm32.11.3.rel1.win32_1.1.1.202309131626/tools/bin/../lib/gcc/arm-none-eabi/11.3.1/../../../../arm-none-eabi/lib/thumb/v7e-m+fp/hard\libnosys.a
END GROUP
LOAD C:/ST/STM32CubeIDE_1.13.2/STM32CubeIDE/plugins/com.st.stm32cube.ide.mcu.externaltools.gnu-tools-for-stm32.11.3.rel1.win32_1.1.1.202309131626/tools/bin/../lib/gcc/arm-none-eabi/11.3.1/thumb/v7e-m+fp/hard/crtend.o
LOAD C:/ST/STM32CubeIDE_1.13.2/STM32CubeIDE/plugins/com.st.stm32cube.ide.mcu.externaltools.gnu-tools-for-stm32.11.3.rel1.win32_1.1.1.202309131626/tools/bin/../lib/gcc/arm-none-eabi/11.3.1/thumb/v7e-m+fp/hard/crtn.o
                0x0000000020010000                _estack = (ORIGIN (RAM) + LENGTH (RAM))
                0x0000000000000200                _Min_Heap_Size = 0x200
                0x0000000000000400                _Min_Stack_Size = 0x400

.isr_vector     0x0000000008000000      0x194
                0x0000000008000000                . = ALIGN (0x4)
 *(.isr_vector)
 .isr_vector    0x0000000008000000      0x194 ./Startup/startup_stm32f401ccux.o
                0x0000000008000000                g_pfnVectors
                0x0000000008000194                . = ALIGN (0x4)

.text           0x0000000008000198     0x166c
                0x0000000008000198                . = ALIGN (0x4)
 *(.text)
 .text          0x0000000008000198       0x40 C:/ST/STM32CubeIDE_1.13.2/STM32CubeIDE/plugins/com.st.stm32cube.ide.mcu.externaltools.gnu-tools-for-stm32.11.3.rel1.win32_1.1.1.202309131626/tools/bin/../lib/gcc/arm-none-eabi/11.3.1/thumb/v7e-m+fp/hard/crtbegin.o
 .text          0x00000000080001d8      0x378 C:/ST/STM32CubeIDE_1.13.2/STM32CubeIDE/plugins/com.st.stm32cube.ide.mcu.externaltools.gnu-tools-for-stm32.11.3.rel1.win32_1.1.1.202309131626/tools/bin/../lib/gcc/arm-none-eabi/11.3.1/thumb/v7e-m+fp/hard\libgcc.a(_arm_addsubdf3.o)
                0x00000000080001d8                __aeabi_drsub
                0x00000000080001e0                __aeabi_dsub
                0x00000000080001e0                __subdf3
                0x00000000080001e4                __aeabi_dadd
                0x00000000080001e4                __adddf3
                0x000000000800045c                __floatunsidf
                0x000000000800045c                __aeabi_ui2d
                0x000000000800047c                __floatsidf
                0x000000000800047c                __aeabi_i2d
                0x00000000080004a0                __aeabi_f2d
                0x00000000080004a0                __extendsfdf2
                0x00000000080004e4                __floatundidf
                0x00000000080004e4                __aeabi_ul2d
                0x00000000080004f4                __floatdidf
                0x00000000080004f4                __aeabi_l2d
 .text          0x0000000008000550      0x424 C:/ST/STM32CubeIDE_1.13.2/STM32CubeIDE/plugins/com.st.stm32cube.ide.mcu.externaltools.gnu-tools-for-stm32.11.3.rel1.win32_1.1.1.202309131626/tools/bin/../lib/gcc/arm-none-eabi/11.3.1/thumb/v7e-m+fp/hard\libgcc.a(_arm_muldivdf3.o)
                0x0000000008000550                __aeabi_dmul
                0x0000000008000550                __muldf3
                0x00000000080007a4                __divdf3
                0x00000000080007a4                __aeabi_ddiv
 .text          0x0000000008000974       0x40 C:/ST/STM32CubeIDE_1.13.2/STM32CubeIDE/plugins/com.st.stm32cube.ide.mcu.externaltools.gnu-tools-for-stm32.11.3.rel1.win32_1.1.1.202309131626/tools/bin/../lib/gcc/arm-none-eabi/11.3.1/thumb/v7e-m+fp/hard\libgcc.a(_arm_fixunsdfsi.o)
                0x0000000008000974                __aeabi_d2uiz
                0x0000000008000974                __fixunsdfsi
 *(.text*)
 .text.MADC_vInit
                0x00000000080009b4       0xb8 ./Src/MADC_Program.o
                0x00000000080009b4                MADC_vInit
 .text.MADC_vEnable
                0x0000000008000a6c       0x50 ./Src/MADC_Program.o
                0x0000000008000a6c                MADC_vEnable
 .text.MADC_u32SetRegularDMA
                0x0000000008000abc       0x54 ./Src/MADC_Program.o
                0x0000000008000abc                MADC_u32SetRegularDMA
 .text.MADC_vSetSamplingTime
                0x0000000008000b10       0xbc ./Src/MADC_Program.o
                0x0000000008000b10                MADC_vSetSamplingTime
 .text.MADC_vSetNumberOfConversions
                0x0000000008000bcc       0x50 ./Src/MADC_Program.o
                0x0000000008000bcc                MADC_vSetNumberOfConversions
 .text.MADC_vSetSequence
                0x0000000008000c1c       0xf8 ./Src/MADC_Program.o
                0x0000000008000c1c                MADC_vSetSequence
 .text.MDMA_vDirectInit
                0x0000000008000d14      0x1d6 ./Src/MDMA_Program.o
                0x0000000008000d14                MDMA_vDirectInit
 .text.MDMA_vStart
                0x0000000008000eea       0xf4 ./Src/MDMA_Program.o
                0x0000000008000eea                MDMA_vStart
 .text.MGPIO_vSetPinMode
                0x0000000008000fde       0x4a ./Src/MGPIO_Program.o
                0x0000000008000fde                MGPIO_vSetPinMode
 .text.MGPIO_vSetPinAFDirection
                0x0000000008001028       0x74 ./Src/MGPIO_Program.o
                0x0000000008001028                MGPIO_vSetPinAFDirection
 .text.MRCC_vInitSysAndBusClock
                0x000000000800109c       0x74 ./Src/MRCC_Program.o
                0x000000000800109c                MRCC_vInitSysAndBusClock
 .text.MRCC_vEnablePeriphClock
                0x0000000008001110      0x11c ./Src/MRCC_Program.o
                0x0000000008001110                MRCC_vEnablePeriphClock
 .text.SysTick_Handler
                0x000000000800122c       0x5c ./Src/MSTK_Program.o
                0x000000000800122c                SysTick_Handler
 .text.MUSART_vInit
                0x0000000008001288      0x270 ./Src/MUSART_Program.o
                0x0000000008001288                MUSART_vInit
 .text.MUSART_vEnable
                0x00000000080014f8       0x20 ./Src/MUSART_Program.o
                0x00000000080014f8                MUSART_vEnable
 .text.MUSART_u32EnableRxDMA
                0x0000000008001518       0x24 ./Src/MUSART_Program.o
                0x0000000008001518                MUSART_u32EnableRxDMA
 .text.MUSART_vRxIntStatus
                0x000000000800153c       0x40 ./Src/MUSART_Program.o
                0x000000000800153c                MUSART_vRxIntStatus
 .text.USART1_IRQHandler
                0x000000000800157c       0x1c ./Src/MUSART_Program.o
                0x000000000800157c                USART1_IRQHandler
 .text.USART2_IRQHandler
                0x0000000008001598       0x1c ./Src/MUSART_Program.o
                0x0000000008001598                USART2_IRQHandler
 .text.USART6_IRQHandler
                0x00000000080015b4       0x1c ./Src/MUSART_Program.o
                0x00000000080015b4                USART6_IRQHandler
 .text.APP_vInit
                0x00000000080015d0      0x174 ./Src/main.o
                0x00000000080015d0                APP_vInit
 .text.main     0x0000000008001744        0xa ./Src/main.o
                0x0000000008001744                main
 *fill*         0x000000000800174e        0x2 
 .text.Reset_Handler
                0x0000000008001750       0x50 ./Startup/startup_stm32f401ccux.o
                0x0000000008001750                Reset_Handler
 .text.Default_Handler
                0x00000000080017a0        0x2 ./Startup/startup_stm32f401ccux.o
                0x00000000080017a0                EXTI2_IRQHandler
                0x00000000080017a0                DebugMon_Handler
                0x00000000080017a0                SPI4_IRQHandler
                0x00000000080017a0                TIM1_CC_IRQHandler
                0x00000000080017a0                DMA2_Stream5_IRQHandler
                0x00000000080017a0                HardFault_Handler
                0x00000000080017a0                DMA1_Stream5_IRQHandler
                0x00000000080017a0                SDIO_IRQHandler
                0x00000000080017a0                TAMP_STAMP_IRQHandler
                0x00000000080017a0                PendSV_Handler
                0x00000000080017a0                NMI_Handler
                0x00000000080017a0                EXTI3_IRQHandler
                0x00000000080017a0                TIM1_UP_TIM10_IRQHandler
                0x00000000080017a0                I2C3_ER_IRQHandler
                0x00000000080017a0                EXTI18_OTG_FS_WKUP_IRQHandler
                0x00000000080017a0                EXTI0_IRQHandler
                0x00000000080017a0                I2C2_EV_IRQHandler
                0x00000000080017a0                DMA1_Stream2_IRQHandler
                0x00000000080017a0                UsageFault_Handler
                0x00000000080017a0                DMA2_Stream2_IRQHandler
                0x00000000080017a0                SPI1_IRQHandler
                0x00000000080017a0                TIM1_BRK_TIM9_IRQHandler
                0x00000000080017a0                DMA2_Stream3_IRQHandler
                0x00000000080017a0                DMA2_Stream0_IRQHandler
                0x00000000080017a0                TIM4_IRQHandler
                0x00000000080017a0                I2C1_EV_IRQHandler
                0x00000000080017a0                DMA1_Stream6_IRQHandler
                0x00000000080017a0                DMA1_Stream1_IRQHandler
                0x00000000080017a0                TIM3_IRQHandler
                0x00000000080017a0                RCC_IRQHandler
                0x00000000080017a0                Default_Handler
                0x00000000080017a0                EXTI15_10_IRQHandler
                0x00000000080017a0                ADC_IRQHandler
                0x00000000080017a0                DMA1_Stream7_IRQHandler
                0x00000000080017a0                TIM5_IRQHandler
                0x00000000080017a0                DMA2_Stream7_IRQHandler
                0x00000000080017a0                I2C3_EV_IRQHandler
                0x00000000080017a0                EXTI9_5_IRQHandler
                0x00000000080017a0                SPI2_IRQHandler
                0x00000000080017a0                MemManage_Handler
                0x00000000080017a0                DMA1_Stream0_IRQHandler
                0x00000000080017a0                SVC_Handler
                0x00000000080017a0                EXTI4_IRQHandler
                0x00000000080017a0                EXTI22_RTC_WKUP_IRQHandler
                0x00000000080017a0                TIM2_IRQHandler
                0x00000000080017a0                EXTI16_PVD_IRQHandler
                0x00000000080017a0                TIM1_TRG_COM_TIM11_IRQHandler
                0x00000000080017a0                EXTI1_IRQHandler
                0x00000000080017a0                EXTI17_RTC_Alarm_IRQHandler
                0x00000000080017a0                I2C2_ER_IRQHandler
                0x00000000080017a0                DMA2_Stream1_IRQHandler
                0x00000000080017a0                FLASH_IRQHandler
                0x00000000080017a0                DMA2_Stream4_IRQHandler
                0x00000000080017a0                BusFault_Handler
                0x00000000080017a0                OTG_FS_IRQHandler
                0x00000000080017a0                SPI3_IRQHandler
                0x00000000080017a0                DMA1_Stream4_IRQHandler
                0x00000000080017a0                I2C1_ER_IRQHandler
                0x00000000080017a0                DMA2_Stream6_IRQHandler
                0x00000000080017a0                DMA1_Stream3_IRQHandler
 *fill*         0x00000000080017a2        0x2 
 .text.__libc_init_array
                0x00000000080017a4       0x48 C:/ST/STM32CubeIDE_1.13.2/STM32CubeIDE/plugins/com.st.stm32cube.ide.mcu.externaltools.gnu-tools-for-stm32.11.3.rel1.win32_1.1.1.202309131626/tools/bin/../lib/gcc/arm-none-eabi/11.3.1/../../../../arm-none-eabi/lib/thumb/v7e-m+fp/hard\libc_nano.a(libc_a-init.o)
                0x00000000080017a4                __libc_init_array
 *(.glue_7)
 .glue_7        0x00000000080017ec        0x0 linker stubs
 *(.glue_7t)
 .glue_7t       0x00000000080017ec        0x0 linker stubs
 *(.eh_frame)
 .eh_frame      0x00000000080017ec        0x0 C:/ST/STM32CubeIDE_1.13.2/STM32CubeIDE/plugins/com.st.stm32cube.ide.mcu.externaltools.gnu-tools-for-stm32.11.3.rel1.win32_1.1.1.202309131626/tools/bin/../lib/gcc/arm-none-eabi/11.3.1/thumb/v7e-m+fp/hard/crtbegin.o
 *(.init)
 .init          0x00000000080017ec        0x4 C:/ST/STM32CubeIDE_1.13.2/STM32CubeIDE/plugins/com.st.stm32cube.ide.mcu.externaltools.gnu-tools-for-stm32.11.3.rel1.win32_1.1.1.202309131626/tools/bin/../lib/gcc/arm-none-eabi/11.3.1/thumb/v7e-m+fp/hard/crti.o
                0x00000000080017ec                _init
 .init          0x00000000080017f0        0x8 C:/ST/STM32CubeIDE_1.13.2/STM32CubeIDE/plugins/com.st.stm32cube.ide.mcu.externaltools.gnu-tools-for-stm32.11.3.rel1.win32_1.1.1.202309131626/tools/bin/../lib/gcc/arm-none-eabi/11.3.1/thumb/v7e-m+fp/hard/crtn.o
 *(.fini)
 .fini          0x00000000080017f8        0x4 C:/ST/STM32CubeIDE_1.13.2/STM32CubeIDE/plugins/com.st.stm32cube.ide.mcu.externaltools.gnu-tools-for-stm32.11.3.rel1.win32_1.1.1.202309131626/tools/bin/../lib/gcc/arm-none-eabi/11.3.1/thumb/v7e-m+fp/hard/crti.o
                0x00000000080017f8                _fini
 .fini          0x00000000080017fc        0x8 C:/ST/STM32CubeIDE_1.13.2/STM32CubeIDE/plugins/com.st.stm32cube.ide.mcu.externaltools.gnu-tools-for-stm32.11.3.rel1.win32_1.1.1.202309131626/tools/bin/../lib/gcc/arm-none-eabi/11.3.1/thumb/v7e-m+fp/hard/crtn.o
                0x0000000008001804                . = ALIGN (0x4)
                0x0000000008001804                _etext = .

.vfp11_veneer   0x0000000008001804        0x0
 .vfp11_veneer  0x0000000008001804        0x0 linker stubs

.v4_bx          0x0000000008001804        0x0
 .v4_bx         0x0000000008001804        0x0 linker stubs

.iplt           0x0000000008001804        0x0
 .iplt          0x0000000008001804        0x0 C:/ST/STM32CubeIDE_1.13.2/STM32CubeIDE/plugins/com.st.stm32cube.ide.mcu.externaltools.gnu-tools-for-stm32.11.3.rel1.win32_1.1.1.202309131626/tools/bin/../lib/gcc/arm-none-eabi/11.3.1/thumb/v7e-m+fp/hard/crtbegin.o

.rodata         0x0000000008001804       0x14
                0x0000000008001804                . = ALIGN (0x4)
 *(.rodata)
 .rodata        0x0000000008001804       0x14 ./Src/main.o
 *(.rodata*)
                0x0000000008001818                . = ALIGN (0x4)

.rel.dyn        0x0000000008001818        0x0
 .rel.iplt      0x0000000008001818        0x0 C:/ST/STM32CubeIDE_1.13.2/STM32CubeIDE/plugins/com.st.stm32cube.ide.mcu.externaltools.gnu-tools-for-stm32.11.3.rel1.win32_1.1.1.202309131626/tools/bin/../lib/gcc/arm-none-eabi/11.3.1/thumb/v7e-m+fp/hard/crtbegin.o

.ARM.extab      0x0000000008001818        0x0
                0x0000000008001818                . = ALIGN (0x4)
 *(.ARM.extab* .gnu.linkonce.armextab.*)
                0x0000000008001818                . = ALIGN (0x4)

.ARM            0x0000000008001818        0x0
                0x0000000008001818                . = ALIGN (0x4)
                0x0000000008001818                __exidx_start = .
 *(.ARM.exidx*)
                0x0000000008001818                __exidx_end = .
                0x0000000008001818                . = ALIGN (0x4)

.preinit_array  0x0000000008001818        0x0
                0x0000000008001818                . = ALIGN (0x4)
                0x0000000008001818                PROVIDE (__preinit_array_start = .)
 *(.preinit_array*)
                0x0000000008001818                PROVIDE (__preinit_array_end = .)
                0x0000000008001818                . = ALIGN (0x4)

.init_array     0x0000000008001818        0x4
                0x0000000008001818                . = ALIGN (0x4)
                0x0000000008001818                PROVIDE (__init_array_start = .)
 *(SORT_BY_NAME(.init_array.*))
 *(.init_array*)
 .init_array    0x0000000008001818        0x4 C:/ST/STM32CubeIDE_1.13.2/STM32CubeIDE/plugins/com.st.stm32cube.ide.mcu.externaltools.gnu-tools-for-stm32.11.3.rel1.win32_1.1.1.202309131626/tools/bin/../lib/gcc/arm-none-eabi/11.3.1/thumb/v7e-m+fp/hard/crtbegin.o
                0x000000000800181c                PROVIDE (__init_array_end = .)
                0x000000000800181c                . = ALIGN (0x4)

.fini_array     0x000000000800181c        0x4
                0x000000000800181c                . = ALIGN (0x4)
                [!provide]                        PROVIDE (__fini_array_start = .)
 *(SORT_BY_NAME(.fini_array.*))
 *(.fini_array*)
 .fini_array    0x000000000800181c        0x4 C:/ST/STM32CubeIDE_1.13.2/STM32CubeIDE/plugins/com.st.stm32cube.ide.mcu.externaltools.gnu-tools-for-stm32.11.3.rel1.win32_1.1.1.202309131626/tools/bin/../lib/gcc/arm-none-eabi/11.3.1/thumb/v7e-m+fp/hard/crtbegin.o
                [!provide]                        PROVIDE (__fini_array_end = .)
                0x0000000008001820                . = ALIGN (0x4)
                0x0000000008001820                _sidata = LOADADDR (.data)

.data           0x0000000020000000        0x0 load address 0x0000000008001820
                0x0000000020000000                . = ALIGN (0x4)
                0x0000000020000000                _sdata = .
 *(.data)
 *(.data*)
 *(.RamFunc)
 *(.RamFunc*)
                0x0000000020000000                . = ALIGN (0x4)
                0x0000000020000000                _edata = .

.igot.plt       0x0000000020000000        0x0 load address 0x0000000008001820
 .igot.plt      0x0000000020000000        0x0 C:/ST/STM32CubeIDE_1.13.2/STM32CubeIDE/plugins/com.st.stm32cube.ide.mcu.externaltools.gnu-tools-for-stm32.11.3.rel1.win32_1.1.1.202309131626/tools/bin/../lib/gcc/arm-none-eabi/11.3.1/thumb/v7e-m+fp/hard/crtbegin.o
                0x0000000020000000                . = ALIGN (0x4)

.bss            0x0000000020000000       0x3c load address 0x0000000008001820
                0x0000000020000000                _sbss = .
                0x0000000020000000                __bss_start__ = _sbss
 *(.bss)
 .bss           0x0000000020000000       0x1c C:/ST/STM32CubeIDE_1.13.2/STM32CubeIDE/plugins/com.st.stm32cube.ide.mcu.externaltools.gnu-tools-for-stm32.11.3.rel1.win32_1.1.1.202309131626/tools/bin/../lib/gcc/arm-none-eabi/11.3.1/thumb/v7e-m+fp/hard/crtbegin.o
 *(.bss*)
 .bss.MSTK_CallBack
                0x000000002000001c        0x4 ./Src/MSTK_Program.o
                0x000000002000001c                MSTK_CallBack
 .bss.Global_u8CallMode
                0x0000000020000020        0x1 ./Src/MSTK_Program.o
                0x0000000020000020                Global_u8CallMode
 *fill*         0x0000000020000021        0x3 
 .bss.MUSART1_CallBack
                0x0000000020000024        0x4 ./Src/MUSART_Program.o
                0x0000000020000024                MUSART1_CallBack
 .bss.MUSART2_CallBack
                0x0000000020000028        0x4 ./Src/MUSART_Program.o
                0x0000000020000028                MUSART2_CallBack
 .bss.MUSART6_CallBack
                0x000000002000002c        0x4 ./Src/MUSART_Program.o
                0x000000002000002c                MUSART6_CallBack
 .bss.APP_u16IRData
                0x0000000020000030        0x4 ./Src/main.o
                0x0000000020000030                APP_u16IRData
 .bss.APP_u8String
                0x0000000020000034        0x6 ./Src/main.o
                0x0000000020000034                APP_u8String
 *(COMMON)
                0x000000002000003c                . = ALIGN (0x4)
 *fill*         0x000000002000003a        0x2 
                0x000000002000003c                _ebss = .
                0x000000002000003c                __bss_end__ = _ebss

._user_heap_stack
                0x000000002000003c      0x604 load address 0x0000000008001820
                0x0000000020000040                . = ALIGN (0x8)
 *fill*         0x000000002000003c        0x4 
                [!provide]                        PROVIDE (end = .)
                0x0000000020000040                PROVIDE (_end = .)
                0x0000000020000240                . = (. + _Min_Heap_Size)
 *fill*         0x0000000020000040      0x200 
                0x0000000020000640                . = (. + _Min_Stack_Size)
 *fill*         0x0000000020000240      0x400 
                0x0000000020000640                . = ALIGN (0x8)

/DISCARD/
 libc.a(*)
 libm.a(*)
 libgcc.a(*)

.ARM.attributes
                0x0000000000000000       0x30
 *(.ARM.attributes)
 .ARM.attributes
                0x0000000000000000       0x1e C:/ST/STM32CubeIDE_1.13.2/STM32CubeIDE/plugins/com.st.stm32cube.ide.mcu.externaltools.gnu-tools-for-stm32.11.3.rel1.win32_1.1.1.202309131626/tools/bin/../lib/gcc/arm-none-eabi/11.3.1/thumb/v7e-m+fp/hard/crti.o
 .ARM.attributes
                0x000000000000001e       0x34 C:/ST/STM32CubeIDE_1.13.2/STM32CubeIDE/plugins/com.st.stm32cube.ide.mcu.externaltools.gnu-tools-for-stm32.11.3.rel1.win32_1.1.1.202309131626/tools/bin/../lib/gcc/arm-none-eabi/11.3.1/thumb/v7e-m+fp/hard/crtbegin.o
 .ARM.attributes
                0x0000000000000052       0x34 ./Src/MADC_Program.o
 .ARM.attributes
                0x0000000000000086       0x34 ./Src/MDMA_Program.o
 .ARM.attributes
                0x00000000000000ba       0x34 ./Src/MGPIO_Program.o
 .ARM.attributes
                0x00000000000000ee       0x34 ./Src/MRCC_Program.o
 .ARM.attributes
                0x0000000000000122       0x34 ./Src/MSTK_Program.o
 .ARM.attributes
                0x0000000000000156       0x34 ./Src/MUSART_Program.o
 .ARM.attributes
                0x000000000000018a       0x34 ./Src/main.o
 .ARM.attributes
                0x00000000000001be       0x21 ./Startup/startup_stm32f401ccux.o
 .ARM.attributes
                0x00000000000001df       0x34 C:/ST/STM32CubeIDE_1.13.2/STM32CubeIDE/plugins/com.st.stm32cube.ide.mcu.externaltools.gnu-tools-for-stm32.11.3.rel1.win32_1.1.1.202309131626/tools/bin/../lib/gcc/arm-none-eabi/11.3.1/../../../../arm-none-eabi/lib/thumb/v7e-m+fp/hard\libc_nano.a(libc_a-init.o)
 .ARM.attributes
                0x0000000000000213       0x1e C:/ST/STM32CubeIDE_1.13.2/STM32CubeIDE/plugins/com.st.stm32cube.ide.mcu.externaltools.gnu-tools-for-stm32.11.3.rel1.win32_1.1.1.202309131626/tools/bin/../lib/gcc/arm-none-eabi/11.3.1/thumb/v7e-m+fp/hard\libgcc.a(_arm_addsubdf3.o)
 .ARM.attributes
                0x0000000000000231       0x1e C:/ST/STM32CubeIDE_1.13.2/STM32CubeIDE/plugins/com.st.stm32cube.ide.mcu.externaltools.gnu-tools-for-stm32.11.3.rel1.win32_1.1.1.202309131626/tools/bin/../lib/gcc/arm-none-eabi/11.3.1/thumb/v7e-m+fp/hard\libgcc.a(_arm_muldivdf3.o)
 .ARM.attributes
                0x000000000000024f       0x1e C:/ST/STM32CubeIDE_1.13.2/STM32CubeIDE/plugins/com.st.stm32cube.ide.mcu.externaltools.gnu-tools-for-stm32.11.3.rel1.win32_1.1.1.202309131626/tools/bin/../lib/gcc/arm-none-eabi/11.3.1/thumb/v7e-m+fp/hard\libgcc.a(_arm_fixunsdfsi.o)
 .ARM.attributes
                0x000000000000026d       0x1e C:/ST/STM32CubeIDE_1.13.2/STM32CubeIDE/plugins/com.st.stm32cube.ide.mcu.externaltools.gnu-tools-for-stm32.11.3.rel1.win32_1.1.1.202309131626/tools/bin/../lib/gcc/arm-none-eabi/11.3.1/thumb/v7e-m+fp/hard/crtn.o
OUTPUT(Project_MazeSolver_CubeIDE.elf elf32-littlearm)
LOAD linker stubs
LOAD C:/ST/STM32CubeIDE_1.13.2/STM32CubeIDE/plugins/com.st.stm32cube.ide.mcu.externaltools.gnu-tools-for-stm32.11.3.rel1.win32_1.1.1.202309131626/tools/bin/../lib/gcc/arm-none-eabi/11.3.1/../../../../arm-none-eabi/lib/thumb/v7e-m+fp/hard\libc.a
LOAD C:/ST/STM32CubeIDE_1.13.2/STM32CubeIDE/plugins/com.st.stm32cube.ide.mcu.externaltools.gnu-tools-for-stm32.11.3.rel1.win32_1.1.1.202309131626/tools/bin/../lib/gcc/arm-none-eabi/11.3.1/../../../../arm-none-eabi/lib/thumb/v7e-m+fp/hard\libm.a
LOAD C:/ST/STM32CubeIDE_1.13.2/STM32CubeIDE/plugins/com.st.stm32cube.ide.mcu.externaltools.gnu-tools-for-stm32.11.3.rel1.win32_1.1.1.202309131626/tools/bin/../lib/gcc/arm-none-eabi/11.3.1/thumb/v7e-m+fp/hard\libgcc.a

.comment        0x0000000000000000       0x43
 .comment       0x0000000000000000       0x43 C:/ST/STM32CubeIDE_1.13.2/STM32CubeIDE/plugins/com.st.stm32cube.ide.mcu.externaltools.gnu-tools-for-stm32.11.3.rel1.win32_1.1.1.202309131626/tools/bin/../lib/gcc/arm-none-eabi/11.3.1/thumb/v7e-m+fp/hard/crtbegin.o
                                         0x44 (size before relaxing)
 .comment       0x0000000000000043       0x44 ./Src/MADC_Program.o
 .comment       0x0000000000000043       0x44 ./Src/MDMA_Program.o
 .comment       0x0000000000000043       0x44 ./Src/MGPIO_Program.o
 .comment       0x0000000000000043       0x44 ./Src/MRCC_Program.o
 .comment       0x0000000000000043       0x44 ./Src/MSTK_Program.o
 .comment       0x0000000000000043       0x44 ./Src/MUSART_Program.o
 .comment       0x0000000000000043       0x44 ./Src/main.o

.debug_info     0x0000000000000000     0x2100
 .debug_info    0x0000000000000000      0x3ea ./Src/MADC_Program.o
 .debug_info    0x00000000000003ea      0x3ae ./Src/MDMA_Program.o
 .debug_info    0x0000000000000798      0x555 ./Src/MGPIO_Program.o
 .debug_info    0x0000000000000ced      0x32a ./Src/MRCC_Program.o
 .debug_info    0x0000000000001017      0x1f7 ./Src/MSTK_Program.o
 .debug_info    0x000000000000120e      0x5a3 ./Src/MUSART_Program.o
 .debug_info    0x00000000000017b1      0x92c ./Src/main.o
 .debug_info    0x00000000000020dd       0x23 ./Startup/startup_stm32f401ccux.o

.debug_abbrev   0x0000000000000000      0x846
 .debug_abbrev  0x0000000000000000      0x14a ./Src/MADC_Program.o
 .debug_abbrev  0x000000000000014a       0xf9 ./Src/MDMA_Program.o
 .debug_abbrev  0x0000000000000243      0x12f ./Src/MGPIO_Program.o
 .debug_abbrev  0x0000000000000372       0xbb ./Src/MRCC_Program.o
 .debug_abbrev  0x000000000000042d      0x115 ./Src/MSTK_Program.o
 .debug_abbrev  0x0000000000000542      0x17f ./Src/MUSART_Program.o
 .debug_abbrev  0x00000000000006c1      0x173 ./Src/main.o
 .debug_abbrev  0x0000000000000834       0x12 ./Startup/startup_stm32f401ccux.o

.debug_aranges  0x0000000000000000      0x288
 .debug_aranges
                0x0000000000000000       0x60 ./Src/MADC_Program.o
 .debug_aranges
                0x0000000000000060       0x30 ./Src/MDMA_Program.o
 .debug_aranges
                0x0000000000000090       0x70 ./Src/MGPIO_Program.o
 .debug_aranges
                0x0000000000000100       0x30 ./Src/MRCC_Program.o
 .debug_aranges
                0x0000000000000130       0x58 ./Src/MSTK_Program.o
 .debug_aranges
                0x0000000000000188       0xb0 ./Src/MUSART_Program.o
 .debug_aranges
                0x0000000000000238       0x28 ./Src/main.o
 .debug_aranges
                0x0000000000000260       0x28 ./Startup/startup_stm32f401ccux.o

.debug_rnglists
                0x0000000000000000      0x1c9
 .debug_rnglists
                0x0000000000000000       0x47 ./Src/MADC_Program.o
 .debug_rnglists
                0x0000000000000047       0x22 ./Src/MDMA_Program.o
 .debug_rnglists
                0x0000000000000069       0x4f ./Src/MGPIO_Program.o
 .debug_rnglists
                0x00000000000000b8       0x21 ./Src/MRCC_Program.o
 .debug_rnglists
                0x00000000000000d9       0x3d ./Src/MSTK_Program.o
 .debug_rnglists
                0x0000000000000116       0x80 ./Src/MUSART_Program.o
 .debug_rnglists
                0x0000000000000196       0x1a ./Src/main.o
 .debug_rnglists
                0x00000000000001b0       0x19 ./Startup/startup_stm32f401ccux.o

.debug_macro    0x0000000000000000     0x178b
 .debug_macro   0x0000000000000000       0x3e ./Src/MADC_Program.o
 .debug_macro   0x000000000000003e      0xaae ./Src/MADC_Program.o
 .debug_macro   0x0000000000000aec       0x10 ./Src/MADC_Program.o
 .debug_macro   0x0000000000000afc       0x2e ./Src/MADC_Program.o
 .debug_macro   0x0000000000000b2a      0x2ad ./Src/MADC_Program.o
 .debug_macro   0x0000000000000dd7      0x112 ./Src/MADC_Program.o
 .debug_macro   0x0000000000000ee9       0x52 ./Src/MADC_Program.o
 .debug_macro   0x0000000000000f3b       0x3f ./Src/MDMA_Program.o
 .debug_macro   0x0000000000000f7a       0x9a ./Src/MDMA_Program.o
 .debug_macro   0x0000000000001014      0x108 ./Src/MDMA_Program.o
 .debug_macro   0x000000000000111c       0x3f ./Src/MGPIO_Program.o
 .debug_macro   0x000000000000115b       0x10 ./Src/MGPIO_Program.o
 .debug_macro   0x000000000000116b       0x98 ./Src/MGPIO_Program.o
 .debug_macro   0x0000000000001203       0x3f ./Src/MRCC_Program.o
 .debug_macro   0x0000000000001242       0x3a ./Src/MRCC_Program.o
 .debug_macro   0x000000000000127c      0x15a ./Src/MRCC_Program.o
 .debug_macro   0x00000000000013d6       0x3f ./Src/MSTK_Program.o
 .debug_macro   0x0000000000001415       0x10 ./Src/MSTK_Program.o
 .debug_macro   0x0000000000001425       0x52 ./Src/MSTK_Program.o
 .debug_macro   0x0000000000001477       0x3e ./Src/MUSART_Program.o
 .debug_macro   0x00000000000014b5       0x16 ./Src/MUSART_Program.o
 .debug_macro   0x00000000000014cb       0x76 ./Src/MUSART_Program.o
 .debug_macro   0x0000000000001541      0x16c ./Src/MUSART_Program.o
 .debug_macro   0x00000000000016ad       0x6e ./Src/main.o
 .debug_macro   0x000000000000171b       0x70 ./Src/main.o

.debug_line     0x0000000000000000      0xe2f
 .debug_line    0x0000000000000000      0x238 ./Src/MADC_Program.o
 .debug_line    0x0000000000000238      0x128 ./Src/MDMA_Program.o
 .debug_line    0x0000000000000360      0x20f ./Src/MGPIO_Program.o
 .debug_line    0x000000000000056f      0x15d ./Src/MRCC_Program.o
 .debug_line    0x00000000000006cc      0x1d4 ./Src/MSTK_Program.o
 .debug_line    0x00000000000008a0      0x3b5 ./Src/MUSART_Program.o
 .debug_line    0x0000000000000c55      0x15f ./Src/main.o
 .debug_line    0x0000000000000db4       0x7b ./Startup/startup_stm32f401ccux.o

.debug_str      0x0000000000000000     0x72a5
 .debug_str     0x0000000000000000     0x44b9 ./Src/MADC_Program.o
                                       0x4551 (size before relaxing)
 .debug_str     0x00000000000044b9      0x6de ./Src/MDMA_Program.o
                                       0x37ea (size before relaxing)
 .debug_str     0x0000000000004b97      0x5bb ./Src/MGPIO_Program.o
                                       0x3707 (size before relaxing)
 .debug_str     0x0000000000005152      0xe3e ./Src/MRCC_Program.o
                                       0x3f1f (size before relaxing)
 .debug_str     0x0000000000005f90      0x27b ./Src/MSTK_Program.o
                                       0x335c (size before relaxing)
 .debug_str     0x000000000000620b      0xdfc ./Src/MUSART_Program.o
                                       0x3f0a (size before relaxing)
 .debug_str     0x0000000000007007      0x26f ./Src/main.o
                                       0x494a (size before relaxing)
 .debug_str     0x0000000000007276       0x2f ./Startup/startup_stm32f401ccux.o
                                         0x7b (size before relaxing)

.debug_frame    0x0000000000000000      0x9d4
 .debug_frame   0x0000000000000000      0x16c ./Src/MADC_Program.o
 .debug_frame   0x000000000000016c       0x88 ./Src/MDMA_Program.o
 .debug_frame   0x00000000000001f4      0x1c8 ./Src/MGPIO_Program.o
 .debug_frame   0x00000000000003bc       0x80 ./Src/MRCC_Program.o
 .debug_frame   0x000000000000043c      0x124 ./Src/MSTK_Program.o
 .debug_frame   0x0000000000000560      0x2d8 ./Src/MUSART_Program.o
 .debug_frame   0x0000000000000838       0x50 ./Src/main.o
 .debug_frame   0x0000000000000888       0x2c C:/ST/STM32CubeIDE_1.13.2/STM32CubeIDE/plugins/com.st.stm32cube.ide.mcu.externaltools.gnu-tools-for-stm32.11.3.rel1.win32_1.1.1.202309131626/tools/bin/../lib/gcc/arm-none-eabi/11.3.1/../../../../arm-none-eabi/lib/thumb/v7e-m+fp/hard\libc_nano.a(libc_a-init.o)
 .debug_frame   0x00000000000008b4       0xac C:/ST/STM32CubeIDE_1.13.2/STM32CubeIDE/plugins/com.st.stm32cube.ide.mcu.externaltools.gnu-tools-for-stm32.11.3.rel1.win32_1.1.1.202309131626/tools/bin/../lib/gcc/arm-none-eabi/11.3.1/thumb/v7e-m+fp/hard\libgcc.a(_arm_addsubdf3.o)
 .debug_frame   0x0000000000000960       0x50 C:/ST/STM32CubeIDE_1.13.2/STM32CubeIDE/plugins/com.st.stm32cube.ide.mcu.externaltools.gnu-tools-for-stm32.11.3.rel1.win32_1.1.1.202309131626/tools/bin/../lib/gcc/arm-none-eabi/11.3.1/thumb/v7e-m+fp/hard\libgcc.a(_arm_muldivdf3.o)
 .debug_frame   0x00000000000009b0       0x24 C:/ST/STM32CubeIDE_1.13.2/STM32CubeIDE/plugins/com.st.stm32cube.ide.mcu.externaltools.gnu-tools-for-stm32.11.3.rel1.win32_1.1.1.202309131626/tools/bin/../lib/gcc/arm-none-eabi/11.3.1/thumb/v7e-m+fp/hard\libgcc.a(_arm_fixunsdfsi.o)

.debug_line_str
                0x0000000000000000       0x6f
 .debug_line_str
                0x0000000000000000       0x6f ./Startup/startup_stm32f401ccux.o
                                         0x87 (size before relaxing)
