Archive member included to satisfy reference by file (symbol)

C:/ST/STM32CubeIDE_1.13.2/STM32CubeIDE/plugins/com.st.stm32cube.ide.mcu.externaltools.gnu-tools-for-stm32.11.3.rel1.win32_1.1.1.202309131626/tools/bin/../lib/gcc/arm-none-eabi/11.3.1/../../../../arm-none-eabi/lib/thumb/v7e-m+fp/hard\libc_nano.a(libc_a-exit.o)
                              C:/ST/STM32CubeIDE_1.13.2/STM32CubeIDE/plugins/com.st.stm32cube.ide.mcu.externaltools.gnu-tools-for-stm32.11.3.rel1.win32_1.1.1.202309131626/tools/bin/../lib/gcc/arm-none-eabi/11.3.1/../../../../arm-none-eabi/lib/thumb/v7e-m+fp/hard/crt0.o (exit)
C:/ST/STM32CubeIDE_1.13.2/STM32CubeIDE/plugins/com.st.stm32cube.ide.mcu.externaltools.gnu-tools-for-stm32.11.3.rel1.win32_1.1.1.202309131626/tools/bin/../lib/gcc/arm-none-eabi/11.3.1/../../../../arm-none-eabi/lib/thumb/v7e-m+fp/hard\libc_nano.a(libc_a-findfp.o)
                              C:/ST/STM32CubeIDE_1.13.2/STM32CubeIDE/plugins/com.st.stm32cube.ide.mcu.externaltools.gnu-tools-for-stm32.11.3.rel1.win32_1.1.1.202309131626/tools/bin/../lib/gcc/arm-none-eabi/11.3.1/../../../../arm-none-eabi/lib/thumb/v7e-m+fp/hard\libc_nano.a(libc_a-exit.o) (__stdio_exit_handler)
C:/ST/STM32CubeIDE_1.13.2/STM32CubeIDE/plugins/com.st.stm32cube.ide.mcu.externaltools.gnu-tools-for-stm32.11.3.rel1.win32_1.1.1.202309131626/tools/bin/../lib/gcc/arm-none-eabi/11.3.1/../../../../arm-none-eabi/lib/thumb/v7e-m+fp/hard\libc_nano.a(libc_a-fwalk.o)
                              C:/ST/STM32CubeIDE_1.13.2/STM32CubeIDE/plugins/com.st.stm32cube.ide.mcu.externaltools.gnu-tools-for-stm32.11.3.rel1.win32_1.1.1.202309131626/tools/bin/../lib/gcc/arm-none-eabi/11.3.1/../../../../arm-none-eabi/lib/thumb/v7e-m+fp/hard\libc_nano.a(libc_a-findfp.o) (_fwalk_sglue)
C:/ST/STM32CubeIDE_1.13.2/STM32CubeIDE/plugins/com.st.stm32cube.ide.mcu.externaltools.gnu-tools-for-stm32.11.3.rel1.win32_1.1.1.202309131626/tools/bin/../lib/gcc/arm-none-eabi/11.3.1/../../../../arm-none-eabi/lib/thumb/v7e-m+fp/hard\libc_nano.a(libc_a-stdio.o)
                              C:/ST/STM32CubeIDE_1.13.2/STM32CubeIDE/plugins/com.st.stm32cube.ide.mcu.externaltools.gnu-tools-for-stm32.11.3.rel1.win32_1.1.1.202309131626/tools/bin/../lib/gcc/arm-none-eabi/11.3.1/../../../../arm-none-eabi/lib/thumb/v7e-m+fp/hard\libc_nano.a(libc_a-findfp.o) (__sread)
C:/ST/STM32CubeIDE_1.13.2/STM32CubeIDE/plugins/com.st.stm32cube.ide.mcu.externaltools.gnu-tools-for-stm32.11.3.rel1.win32_1.1.1.202309131626/tools/bin/../lib/gcc/arm-none-eabi/11.3.1/../../../../arm-none-eabi/lib/thumb/v7e-m+fp/hard\libc_nano.a(libc_a-memset.o)
                              C:/ST/STM32CubeIDE_1.13.2/STM32CubeIDE/plugins/com.st.stm32cube.ide.mcu.externaltools.gnu-tools-for-stm32.11.3.rel1.win32_1.1.1.202309131626/tools/bin/../lib/gcc/arm-none-eabi/11.3.1/../../../../arm-none-eabi/lib/thumb/v7e-m+fp/hard/crt0.o (memset)
C:/ST/STM32CubeIDE_1.13.2/STM32CubeIDE/plugins/com.st.stm32cube.ide.mcu.externaltools.gnu-tools-for-stm32.11.3.rel1.win32_1.1.1.202309131626/tools/bin/../lib/gcc/arm-none-eabi/11.3.1/../../../../arm-none-eabi/lib/thumb/v7e-m+fp/hard\libc_nano.a(libc_a-closer.o)
                              C:/ST/STM32CubeIDE_1.13.2/STM32CubeIDE/plugins/com.st.stm32cube.ide.mcu.externaltools.gnu-tools-for-stm32.11.3.rel1.win32_1.1.1.202309131626/tools/bin/../lib/gcc/arm-none-eabi/11.3.1/../../../../arm-none-eabi/lib/thumb/v7e-m+fp/hard\libc_nano.a(libc_a-stdio.o) (_close_r)
C:/ST/STM32CubeIDE_1.13.2/STM32CubeIDE/plugins/com.st.stm32cube.ide.mcu.externaltools.gnu-tools-for-stm32.11.3.rel1.win32_1.1.1.202309131626/tools/bin/../lib/gcc/arm-none-eabi/11.3.1/../../../../arm-none-eabi/lib/thumb/v7e-m+fp/hard\libc_nano.a(libc_a-reent.o)
                              C:/ST/STM32CubeIDE_1.13.2/STM32CubeIDE/plugins/com.st.stm32cube.ide.mcu.externaltools.gnu-tools-for-stm32.11.3.rel1.win32_1.1.1.202309131626/tools/bin/../lib/gcc/arm-none-eabi/11.3.1/../../../../arm-none-eabi/lib/thumb/v7e-m+fp/hard\libc_nano.a(libc_a-closer.o) (errno)
C:/ST/STM32CubeIDE_1.13.2/STM32CubeIDE/plugins/com.st.stm32cube.ide.mcu.externaltools.gnu-tools-for-stm32.11.3.rel1.win32_1.1.1.202309131626/tools/bin/../lib/gcc/arm-none-eabi/11.3.1/../../../../arm-none-eabi/lib/thumb/v7e-m+fp/hard\libc_nano.a(libc_a-impure.o)
                              C:/ST/STM32CubeIDE_1.13.2/STM32CubeIDE/plugins/com.st.stm32cube.ide.mcu.externaltools.gnu-tools-for-stm32.11.3.rel1.win32_1.1.1.202309131626/tools/bin/../lib/gcc/arm-none-eabi/11.3.1/../../../../arm-none-eabi/lib/thumb/v7e-m+fp/hard\libc_nano.a(libc_a-reent.o) (_impure_ptr)
C:/ST/STM32CubeIDE_1.13.2/STM32CubeIDE/plugins/com.st.stm32cube.ide.mcu.externaltools.gnu-tools-for-stm32.11.3.rel1.win32_1.1.1.202309131626/tools/bin/../lib/gcc/arm-none-eabi/11.3.1/../../../../arm-none-eabi/lib/thumb/v7e-m+fp/hard\libc_nano.a(libc_a-lseekr.o)
[...]
Memory Configuration

Name             Origin             Length             Attributes
RAM              0x0000000020000000 0x0000000000010000 xrw
FLASH            0x0000000008000000 0x0000000000040000 xr
*default*        0x0000000000000000 0xffffffffffffffff

Linker script and memory map

LOAD C:/ST/STM32CubeIDE_1.13.2/STM32CubeIDE/plugins/com.st.stm32cube.ide.mcu.externaltools.gnu-tools-for-stm32.11.3.rel1.win32_1.1.1.202309131626/tools/bin/../lib/gcc/arm-none-eabi/11.3.1/thumb/v7e-m+fp/hard/crti.o
LOAD C:/ST/STM32CubeIDE_1.13.2/STM32CubeIDE/plugins/com.st.stm32cube.ide.mcu.externaltools.gnu-tools-for-stm32.11.3.rel1.win32_1.1.1.202309131626/tools/bin/../lib/gcc/arm-none-eabi/11.3.1/thumb/v7e-m+fp/hard/crtbegin.o
LOAD C:/ST/STM32CubeIDE_1.13.2/STM32CubeIDE/plugins/com.st.stm32cube.ide.mcu.externaltools.gnu-tools-for-stm32.11.3.rel1.win32_1.1.1.202309131626/tools/bin/../lib/gcc/arm-none-eabi/11.3.1/../../../../arm-none-eabi/lib/thumb/v7e-m+fp/hard/crt0.o
LOAD ./Src/MADC_Program.o
LOAD ./Src/MDMA_Program.o
LOAD ./Src/MGPIO_Program.o
LOAD ./Src/MNVIC_Program.o
LOAD ./Src/MRCC_Program.o
LOAD ./Src/MSTK_Program.o
LOAD ./Src/MUSART_Program.o
LOAD ./Src/main.o
LOAD ./Src/syscalls.o
LOAD ./Src/sysmem.o
LOAD ./Startup/startup_stm32f401ccux.o
START GROUP
LOAD C:/ST/STM32CubeIDE_1.13.2/STM32CubeIDE/plugins/com.st.stm32cube.ide.mcu.externaltools.gnu-tools-for-stm32.11.3.rel1.win32_1.1.1.202309131626/tools/bin/../lib/gcc/arm-none-eabi/11.3.1/../../../../arm-none-eabi/lib/thumb/v7e-m+fp/hard\libc_nano.a
LOAD C:/ST/STM32CubeIDE_1.13.2/STM32CubeIDE/plugins/com.st.stm32cube.ide.mcu.externaltools.gnu-tools-for-stm32.11.3.rel1.win32_1.1.1.202309131626/tools/bin/../lib/gcc/arm-none-eabi/11.3.1/../../../../arm-none-eabi/lib/thumb/v7e-m+fp/hard\libm.a
END GROUP
START GROUP
LOAD C:/ST/STM32CubeIDE_1.13.2/STM32CubeIDE/plugins/com.st.stm32cube.ide.mcu.externaltools.gnu-tools-for-stm32.11.3.rel1.win32_1.1.1.202309131626/tools/bin/../lib/gcc/arm-none-eabi/11.3.1/thumb/v7e-m+fp/hard\libgcc.a
LOAD C:/ST/STM32CubeIDE_1.13.2/STM32CubeIDE/plugins/com.st.stm32cube.ide.mcu.externaltools.gnu-tools-for-stm32.11.3.rel1.win32_1.1.1.202309131626/tools/bin/../lib/gcc/arm-none-eabi/11.3.1/../../../../arm-none-eabi/lib/thumb/v7e-m+fp/hard\libc_nano.a
END GROUP
START GROUP
LOAD C:/ST/STM32CubeIDE_1.13.2/STM32CubeIDE/plugins/com.st.stm32cube.ide.mcu.externaltools.gnu-tools-for-stm32.11.3.rel1.win32_1.1.1.202309131626/tools/bin/../lib/gcc/arm-none-eabi/11.3.1/thumb/v7e-m+fp/hard\libgcc.a
LOAD C:/ST/STM32CubeIDE_1.13.2/STM32CubeIDE/plugins/com.st.stm32cube.ide.mcu.externaltools.gnu-tools-for-stm32.11.3.rel1.win32_1.1.1.202309131626/tools/bin/../lib/gcc/arm-none-eabi/11.3.1/../../../../arm-none-eabi/lib/thumb/v7e-m+fp/hard\libc_nano.a
LOAD C:/ST/STM32CubeIDE_1.13.2/STM32CubeIDE/plugins/com.st.stm32cube.ide.mcu.externaltools.gnu-tools-for-stm32.11.3.rel1.win32_1.1.1.202309131626/tools/bin/../lib/gcc/arm-none-eabi/11.3.1/../../../../arm-none-eabi/lib/thumb/v7e-m+fp/hard\libnosys.a
END GROUP
START GROUP
LOAD C:/ST/STM32CubeIDE_1.13.2/STM32CubeIDE/plugins/com.st.stm32cube.ide.mcu.externaltools.gnu-tools-for-stm32.11.3.rel1.win32_1.1.1.202309131626/tools/bin/../lib/gcc/arm-none-eabi/11.3.1/thumb/v7e-m+fp/hard\libgcc.a
LOAD C:/ST/STM32CubeIDE_1.13.2/STM32CubeIDE/plugins/com.st.stm32cube.ide.mcu.externaltools.gnu-tools-for-stm32.11.3.rel1.win32_1.1.1.202309131626/tools/bin/../lib/gcc/arm-none-eabi/11.3.1/../../../../arm-none-eabi/lib/thumb/v7e-m+fp/hard\libc_nano.a
LOAD C:/ST/STM32CubeIDE_1.13.2/STM32CubeIDE/plugins/com.st.stm32cube.ide.mcu.externaltools.gnu-tools-for-stm32.11.3.rel1.win32_1.1.1.202309131626/tools/bin/../lib/gcc/arm-none-eabi/11.3.1/../../../../arm-none-eabi/lib/thumb/v7e-m+fp/hard\libnosys.a
END GROUP
LOAD C:/ST/STM32CubeIDE_1.13.2/STM32CubeIDE/plugins/com.st.stm32cube.ide.mcu.externaltools.gnu-tools-for-stm32.11.3.rel1.win32_1.1.1.202309131626/tools/bin/../lib/gcc/arm-none-eabi/11.3.1/thumb/v7e-m+fp/hard/crtend.o
LOAD C:/ST/STM32CubeIDE_1.13.2/STM32CubeIDE/plugins/com.st.stm32cube.ide.mcu.externaltools.gnu-tools-for-stm32.11.3.rel1.win32_1.1.1.202309131626/tools/bin/../lib/gcc/arm-none-eabi/11.3.1/thumb/v7e-m+fp/hard/crtn.o
                0x0000000020010000                _estack = (ORIGIN (RAM) + LENGTH (RAM))
                0x0000000000000200                _Min_Heap_Size = 0x200
                0x0000000000000400                _Min_Stack_Size = 0x400

.isr_vector     0x0000000008000000      0x194
                0x0000000008000000                . = ALIGN (0x4)
 *(.isr_vector)
 .isr_vector    0x0000000008000000      0x194 ./Startup/startup_stm32f401ccux.o
                0x0000000008000000                g_pfnVectors
                0x0000000008000194                . = ALIGN (0x4)

.text           0x0000000008000194      0xa84
                0x0000000008000194                . = ALIGN (0x4)
 *(.text)
 .text          0x0000000008000194       0x40 C:/ST/STM32CubeIDE_1.13.2/STM32CubeIDE/plugins/com.st.stm32cube.ide.mcu.externaltools.gnu-tools-for-stm32.11.3.rel1.win32_1.1.1.202309131626/tools/bin/../lib/gcc/arm-none-eabi/11.3.1/thumb/v7e-m+fp/hard/crtbegin.o
 *(.text*)
 .text.MADC_vInit
                0x00000000080001d4       0xb8 ./Src/MADC_Program.o
                0x00000000080001d4                MADC_vInit
 .text.MADC_vEnable
                0x000000000800028c       0x50 ./Src/MADC_Program.o
                0x000000000800028c                MADC_vEnable
 .text.MADC_vSetRegularDMA
                0x00000000080002dc       0x54 ./Src/MADC_Program.o
                0x00000000080002dc                MADC_vSetRegularDMA
 .text.MADC_vSetSamplingTime
                0x0000000008000330       0xbc ./Src/MADC_Program.o
                0x0000000008000330                MADC_vSetSamplingTime
 .text.MADC_vSetNumberOfConversions
                0x00000000080003ec       0x50 ./Src/MADC_Program.o
                0x00000000080003ec                MADC_vSetNumberOfConversions
 .text.MADC_vSetSequence
                0x000000000800043c       0xf8 ./Src/MADC_Program.o
                0x000000000800043c                MADC_vSetSequence
 .text.MDMA_vDirectInit
                0x0000000008000534      0x1d6 ./Src/MDMA_Program.o
                0x0000000008000534                MDMA_vDirectInit
 .text.MDMA_vStart
                0x000000000800070a       0xf4 ./Src/MDMA_Program.o
                0x000000000800070a                MDMA_vStart
 .text.MGPIO_vSetPinMode
                0x00000000080007fe       0x4a ./Src/MGPIO_Program.o
                0x00000000080007fe                MGPIO_vSetPinMode
 .text.MRCC_vInitSysAndBusClock
                0x0000000008000848       0x74 ./Src/MRCC_Program.o
                0x0000000008000848                MRCC_vInitSysAndBusClock
 .text.MRCC_vEnablePeriphClock
                0x00000000080008bc      0x11c ./Src/MRCC_Program.o
                0x00000000080008bc                MRCC_vEnablePeriphClock
 .text.SysTick_Handler
                0x00000000080009d8       0x5c ./Src/MSTK_Program.o
                0x00000000080009d8                SysTick_Handler
 .text.USART1_IRQHandler
                0x0000000008000a34       0x1c ./Src/MUSART_Program.o
                0x0000000008000a34                USART1_IRQHandler
 .text.USART2_IRQHandler
                0x0000000008000a50       0x1c ./Src/MUSART_Program.o
                0x0000000008000a50                USART2_IRQHandler
 .text.USART6_IRQHandler
                0x0000000008000a6c       0x1c ./Src/MUSART_Program.o
                0x0000000008000a6c                USART6_IRQHandler
 .text.APP_vInit
                0x0000000008000a88       0xd0 ./Src/main.o
                0x0000000008000a88                APP_vInit
 .text.main     0x0000000008000b58        0xa ./Src/main.o
                0x0000000008000b58                main
 *fill*         0x0000000008000b62        0x2 
 .text.Reset_Handler
                0x0000000008000b64       0x50 ./Startup/startup_stm32f401ccux.o
                0x0000000008000b64                Reset_Handler
 .text.Default_Handler
                0x0000000008000bb4        0x2 ./Startup/startup_stm32f401ccux.o
                0x0000000008000bb4                EXTI2_IRQHandler
                0x0000000008000bb4                DebugMon_Handler
                0x0000000008000bb4                SPI4_IRQHandler
                0x0000000008000bb4                TIM1_CC_IRQHandler
                0x0000000008000bb4                DMA2_Stream5_IRQHandler
                0x0000000008000bb4                HardFault_Handler
                0x0000000008000bb4                DMA1_Stream5_IRQHandler
                0x0000000008000bb4                SDIO_IRQHandler
                0x0000000008000bb4                TAMP_STAMP_IRQHandler
                0x0000000008000bb4                PendSV_Handler
                0x0000000008000bb4                NMI_Handler
                0x0000000008000bb4                EXTI3_IRQHandler
                0x0000000008000bb4                TIM1_UP_TIM10_IRQHandler
                0x0000000008000bb4                I2C3_ER_IRQHandler
                0x0000000008000bb4                EXTI18_OTG_FS_WKUP_IRQHandler
                0x0000000008000bb4                EXTI0_IRQHandler
                0x0000000008000bb4                I2C2_EV_IRQHandler
                0x0000000008000bb4                DMA1_Stream2_IRQHandler
                0x0000000008000bb4                UsageFault_Handler
                0x0000000008000bb4                DMA2_Stream2_IRQHandler
                0x0000000008000bb4                SPI1_IRQHandler
                0x0000000008000bb4                TIM1_BRK_TIM9_IRQHandler
                0x0000000008000bb4                DMA2_Stream3_IRQHandler
                0x0000000008000bb4                DMA2_Stream0_IRQHandler
                0x0000000008000bb4                TIM4_IRQHandler
                0x0000000008000bb4                I2C1_EV_IRQHandler
                0x0000000008000bb4                DMA1_Stream6_IRQHandler
                0x0000000008000bb4                DMA1_Stream1_IRQHandler
                0x0000000008000bb4                TIM3_IRQHandler
                0x0000000008000bb4                RCC_IRQHandler
                0x0000000008000bb4                Default_Handler
                0x0000000008000bb4                EXTI15_10_IRQHandler
                0x0000000008000bb4                ADC_IRQHandler
                0x0000000008000bb4                DMA1_Stream7_IRQHandler
                0x0000000008000bb4                TIM5_IRQHandler
                0x0000000008000bb4                DMA2_Stream7_IRQHandler
                0x0000000008000bb4                I2C3_EV_IRQHandler
                0x0000000008000bb4                EXTI9_5_IRQHandler
                0x0000000008000bb4                SPI2_IRQHandler
                0x0000000008000bb4                MemManage_Handler
                0x0000000008000bb4                DMA1_Stream0_IRQHandler
                0x0000000008000bb4                SVC_Handler
                0x0000000008000bb4                EXTI4_IRQHandler
                0x0000000008000bb4                EXTI22_RTC_WKUP_IRQHandler
                0x0000000008000bb4                TIM2_IRQHandler
                0x0000000008000bb4                EXTI16_PVD_IRQHandler
                0x0000000008000bb4                TIM1_TRG_COM_TIM11_IRQHandler
                0x0000000008000bb4                EXTI1_IRQHandler
                0x0000000008000bb4                EXTI17_RTC_Alarm_IRQHandler
                0x0000000008000bb4                I2C2_ER_IRQHandler
                0x0000000008000bb4                DMA2_Stream1_IRQHandler
                0x0000000008000bb4                FLASH_IRQHandler
                0x0000000008000bb4                DMA2_Stream4_IRQHandler
                0x0000000008000bb4                BusFault_Handler
                0x0000000008000bb4                OTG_FS_IRQHandler
                0x0000000008000bb4                SPI3_IRQHandler
                0x0000000008000bb4                DMA1_Stream4_IRQHandler
                0x0000000008000bb4                I2C1_ER_IRQHandler
                0x0000000008000bb4                DMA2_Stream6_IRQHandler
                0x0000000008000bb4                DMA1_Stream3_IRQHandler
 *fill*         0x0000000008000bb6        0x2 
 .text.__libc_init_array
                0x0000000008000bb8       0x48 C:/ST/STM32CubeIDE_1.13.2/STM32CubeIDE/plugins/com.st.stm32cube.ide.mcu.externaltools.gnu-tools-for-stm32.11.3.rel1.win32_1.1.1.202309131626/tools/bin/../lib/gcc/arm-none-eabi/11.3.1/../../../../arm-none-eabi/lib/thumb/v7e-m+fp/hard\libc_nano.a(libc_a-init.o)
                0x0000000008000bb8                __libc_init_array
 *(.glue_7)
 .glue_7        0x0000000008000c00        0x0 linker stubs
 *(.glue_7t)
 .glue_7t       0x0000000008000c00        0x0 linker stubs
 *(.eh_frame)
 .eh_frame      0x0000000008000c00        0x0 C:/ST/STM32CubeIDE_1.13.2/STM32CubeIDE/plugins/com.st.stm32cube.ide.mcu.externaltools.gnu-tools-for-stm32.11.3.rel1.win32_1.1.1.202309131626/tools/bin/../lib/gcc/arm-none-eabi/11.3.1/thumb/v7e-m+fp/hard/crtbegin.o
 *(.init)
 .init          0x0000000008000c00        0x4 C:/ST/STM32CubeIDE_1.13.2/STM32CubeIDE/plugins/com.st.stm32cube.ide.mcu.externaltools.gnu-tools-for-stm32.11.3.rel1.win32_1.1.1.202309131626/tools/bin/../lib/gcc/arm-none-eabi/11.3.1/thumb/v7e-m+fp/hard/crti.o
                0x0000000008000c00                _init
 .init          0x0000000008000c04        0x8 C:/ST/STM32CubeIDE_1.13.2/STM32CubeIDE/plugins/com.st.stm32cube.ide.mcu.externaltools.gnu-tools-for-stm32.11.3.rel1.win32_1.1.1.202309131626/tools/bin/../lib/gcc/arm-none-eabi/11.3.1/thumb/v7e-m+fp/hard/crtn.o
 *(.fini)
 .fini          0x0000000008000c0c        0x4 C:/ST/STM32CubeIDE_1.13.2/STM32CubeIDE/plugins/com.st.stm32cube.ide.mcu.externaltools.gnu-tools-for-stm32.11.3.rel1.win32_1.1.1.202309131626/tools/bin/../lib/gcc/arm-none-eabi/11.3.1/thumb/v7e-m+fp/hard/crti.o
                0x0000000008000c0c                _fini
 .fini          0x0000000008000c10        0x8 C:/ST/STM32CubeIDE_1.13.2/STM32CubeIDE/plugins/com.st.stm32cube.ide.mcu.externaltools.gnu-tools-for-stm32.11.3.rel1.win32_1.1.1.202309131626/tools/bin/../lib/gcc/arm-none-eabi/11.3.1/thumb/v7e-m+fp/hard/crtn.o
                0x0000000008000c18                . = ALIGN (0x4)
                0x0000000008000c18                _etext = .

.vfp11_veneer   0x0000000008000c18        0x0
 .vfp11_veneer  0x0000000008000c18        0x0 linker stubs

.v4_bx          0x0000000008000c18        0x0
 .v4_bx         0x0000000008000c18        0x0 linker stubs

.iplt           0x0000000008000c18        0x0
 .iplt          0x0000000008000c18        0x0 C:/ST/STM32CubeIDE_1.13.2/STM32CubeIDE/plugins/com.st.stm32cube.ide.mcu.externaltools.gnu-tools-for-stm32.11.3.rel1.win32_1.1.1.202309131626/tools/bin/../lib/gcc/arm-none-eabi/11.3.1/thumb/v7e-m+fp/hard/crtbegin.o

.rodata         0x0000000008000c18        0x8
                0x0000000008000c18                . = ALIGN (0x4)
 *(.rodata)
 .rodata        0x0000000008000c18        0x7 ./Src/main.o
 *(.rodata*)
                0x0000000008000c20                . = ALIGN (0x4)
 *fill*         0x0000000008000c1f        0x1 

.rel.dyn        0x0000000008000c20        0x0
 .rel.iplt      0x0000000008000c20        0x0 C:/ST/STM32CubeIDE_1.13.2/STM32CubeIDE/plugins/com.st.stm32cube.ide.mcu.externaltools.gnu-tools-for-stm32.11.3.rel1.win32_1.1.1.202309131626/tools/bin/../lib/gcc/arm-none-eabi/11.3.1/thumb/v7e-m+fp/hard/crtbegin.o

.ARM.extab      0x0000000008000c20        0x0
                0x0000000008000c20                . = ALIGN (0x4)
 *(.ARM.extab* .gnu.linkonce.armextab.*)
                0x0000000008000c20                . = ALIGN (0x4)

.ARM            0x0000000008000c20        0x0
                0x0000000008000c20                . = ALIGN (0x4)
                0x0000000008000c20                __exidx_start = .
 *(.ARM.exidx*)
                0x0000000008000c20                __exidx_end = .
                0x0000000008000c20                . = ALIGN (0x4)

.preinit_array  0x0000000008000c20        0x0
                0x0000000008000c20                . = ALIGN (0x4)
                0x0000000008000c20                PROVIDE (__preinit_array_start = .)
 *(.preinit_array*)
                0x0000000008000c20                PROVIDE (__preinit_array_end = .)
                0x0000000008000c20                . = ALIGN (0x4)

.init_array     0x0000000008000c20        0x4
                0x0000000008000c20                . = ALIGN (0x4)
                0x0000000008000c20                PROVIDE (__init_array_start = .)
 *(SORT_BY_NAME(.init_array.*))
 *(.init_array*)
 .init_array    0x0000000008000c20        0x4 C:/ST/STM32CubeIDE_1.13.2/STM32CubeIDE/plugins/com.st.stm32cube.ide.mcu.externaltools.gnu-tools-for-stm32.11.3.rel1.win32_1.1.1.202309131626/tools/bin/../lib/gcc/arm-none-eabi/11.3.1/thumb/v7e-m+fp/hard/crtbegin.o
                0x0000000008000c24                PROVIDE (__init_array_end = .)
                0x0000000008000c24                . = ALIGN (0x4)

.fini_array     0x0000000008000c24        0x4
                0x0000000008000c24                . = ALIGN (0x4)
                [!provide]                        PROVIDE (__fini_array_start = .)
 *(SORT_BY_NAME(.fini_array.*))
 *(.fini_array*)
 .fini_array    0x0000000008000c24        0x4 C:/ST/STM32CubeIDE_1.13.2/STM32CubeIDE/plugins/com.st.stm32cube.ide.mcu.externaltools.gnu-tools-for-stm32.11.3.rel1.win32_1.1.1.202309131626/tools/bin/../lib/gcc/arm-none-eabi/11.3.1/thumb/v7e-m+fp/hard/crtbegin.o
                [!provide]                        PROVIDE (__fini_array_end = .)
                0x0000000008000c28                . = ALIGN (0x4)
                0x0000000008000c28                _sidata = LOADADDR (.data)

.data           0x0000000020000000        0x0 load address 0x0000000008000c28
                0x0000000020000000                . = ALIGN (0x4)
                0x0000000020000000                _sdata = .
 *(.data)
 *(.data*)
 *(.RamFunc)
 *(.RamFunc*)
                0x0000000020000000                . = ALIGN (0x4)
                0x0000000020000000                _edata = .

.igot.plt       0x0000000020000000        0x0 load address 0x0000000008000c28
 .igot.plt      0x0000000020000000        0x0 C:/ST/STM32CubeIDE_1.13.2/STM32CubeIDE/plugins/com.st.stm32cube.ide.mcu.externaltools.gnu-tools-for-stm32.11.3.rel1.win32_1.1.1.202309131626/tools/bin/../lib/gcc/arm-none-eabi/11.3.1/thumb/v7e-m+fp/hard/crtbegin.o
                0x0000000020000000                . = ALIGN (0x4)

.bss            0x0000000020000000       0x34 load address 0x0000000008000c28
                0x0000000020000000                _sbss = .
                0x0000000020000000                __bss_start__ = _sbss
 *(.bss)
 .bss           0x0000000020000000       0x1c C:/ST/STM32CubeIDE_1.13.2/STM32CubeIDE/plugins/com.st.stm32cube.ide.mcu.externaltools.gnu-tools-for-stm32.11.3.rel1.win32_1.1.1.202309131626/tools/bin/../lib/gcc/arm-none-eabi/11.3.1/thumb/v7e-m+fp/hard/crtbegin.o
 *(.bss*)
 .bss.MSTK_CallBack
                0x000000002000001c        0x4 ./Src/MSTK_Program.o
                0x000000002000001c                MSTK_CallBack
 .bss.Global_u8CallMode
                0x0000000020000020        0x1 ./Src/MSTK_Program.o
                0x0000000020000020                Global_u8CallMode
 *fill*         0x0000000020000021        0x3 
 .bss.MUSART1_CallBack
                0x0000000020000024        0x4 ./Src/MUSART_Program.o
                0x0000000020000024                MUSART1_CallBack
 .bss.MUSART2_CallBack
                0x0000000020000028        0x4 ./Src/MUSART_Program.o
                0x0000000020000028                MUSART2_CallBack
 .bss.MUSART6_CallBack
                0x000000002000002c        0x4 ./Src/MUSART_Program.o
                0x000000002000002c                MUSART6_CallBack
 .bss.APP_u16IRData
                0x0000000020000030        0x4 ./Src/main.o
                0x0000000020000030                APP_u16IRData
 *(COMMON)
                0x0000000020000034                . = ALIGN (0x4)
                0x0000000020000034                _ebss = .
                0x0000000020000034                __bss_end__ = _ebss

._user_heap_stack
                0x0000000020000034      0x604 load address 0x0000000008000c28
                0x0000000020000038                . = ALIGN (0x8)
 *fill*         0x0000000020000034        0x4 
                [!provide]                        PROVIDE (end = .)
                0x0000000020000038                PROVIDE (_end = .)
                0x0000000020000238                . = (. + _Min_Heap_Size)
 *fill*         0x0000000020000038      0x200 
                0x0000000020000638                . = (. + _Min_Stack_Size)
 *fill*         0x0000000020000238      0x400 
                0x0000000020000638                . = ALIGN (0x8)

/DISCARD/
 libc.a(*)
 libm.a(*)
 libgcc.a(*)

.ARM.attributes
                0x0000000000000000       0x30
 *(.ARM.attributes)
 .ARM.attributes
                0x0000000000000000       0x1e C:/ST/STM32CubeIDE_1.13.2/STM32CubeIDE/plugins/com.st.stm32cube.ide.mcu.externaltools.gnu-tools-for-stm32.11.3.rel1.win32_1.1.1.202309131626/tools/bin/../lib/gcc/arm-none-eabi/11.3.1/thumb/v7e-m+fp/hard/crti.o
 .ARM.attributes
                0x000000000000001e       0x34 C:/ST/STM32CubeIDE_1.13.2/STM32CubeIDE/plugins/com.st.stm32cube.ide.mcu.externaltools.gnu-tools-for-stm32.11.3.rel1.win32_1.1.1.202309131626/tools/bin/../lib/gcc/arm-none-eabi/11.3.1/thumb/v7e-m+fp/hard/crtbegin.o
 .ARM.attributes
                0x0000000000000052       0x34 ./Src/MADC_Program.o
 .ARM.attributes
                0x0000000000000086       0x34 ./Src/MDMA_Program.o
 .ARM.attributes
                0x00000000000000ba       0x34 ./Src/MGPIO_Program.o
 .ARM.attributes
                0x00000000000000ee       0x34 ./Src/MRCC_Program.o
 .ARM.attributes
                0x0000000000000122       0x34 ./Src/MSTK_Program.o
 .ARM.attributes
                0x0000000000000156       0x34 ./Src/MUSART_Program.o
 .ARM.attributes
                0x000000000000018a       0x34 ./Src/main.o
 .ARM.attributes
                0x00000000000001be       0x21 ./Startup/startup_stm32f401ccux.o
 .ARM.attributes
                0x00000000000001df       0x34 C:/ST/STM32CubeIDE_1.13.2/STM32CubeIDE/plugins/com.st.stm32cube.ide.mcu.externaltools.gnu-tools-for-stm32.11.3.rel1.win32_1.1.1.202309131626/tools/bin/../lib/gcc/arm-none-eabi/11.3.1/../../../../arm-none-eabi/lib/thumb/v7e-m+fp/hard\libc_nano.a(libc_a-init.o)
 .ARM.attributes
                0x0000000000000213       0x1e C:/ST/STM32CubeIDE_1.13.2/STM32CubeIDE/plugins/com.st.stm32cube.ide.mcu.externaltools.gnu-tools-for-stm32.11.3.rel1.win32_1.1.1.202309131626/tools/bin/../lib/gcc/arm-none-eabi/11.3.1/thumb/v7e-m+fp/hard/crtn.o
OUTPUT(Project_MazeSolver_CubeIDE.elf elf32-littlearm)
LOAD linker stubs
LOAD C:/ST/STM32CubeIDE_1.13.2/STM32CubeIDE/plugins/com.st.stm32cube.ide.mcu.externaltools.gnu-tools-for-stm32.11.3.rel1.win32_1.1.1.202309131626/tools/bin/../lib/gcc/arm-none-eabi/11.3.1/../../../../arm-none-eabi/lib/thumb/v7e-m+fp/hard\libc.a
LOAD C:/ST/STM32CubeIDE_1.13.2/STM32CubeIDE/plugins/com.st.stm32cube.ide.mcu.externaltools.gnu-tools-for-stm32.11.3.rel1.win32_1.1.1.202309131626/tools/bin/../lib/gcc/arm-none-eabi/11.3.1/../../../../arm-none-eabi/lib/thumb/v7e-m+fp/hard\libm.a
LOAD C:/ST/STM32CubeIDE_1.13.2/STM32CubeIDE/plugins/com.st.stm32cube.ide.mcu.externaltools.gnu-tools-for-stm32.11.3.rel1.win32_1.1.1.202309131626/tools/bin/../lib/gcc/arm-none-eabi/11.3.1/thumb/v7e-m+fp/hard\libgcc.a

.comment        0x0000000000000000       0x43
 .comment       0x0000000000000000       0x43 C:/ST/STM32CubeIDE_1.13.2/STM32CubeIDE/plugins/com.st.stm32cube.ide.mcu.externaltools.gnu-tools-for-stm32.11.3.rel1.win32_1.1.1.202309131626/tools/bin/../lib/gcc/arm-none-eabi/11.3.1/thumb/v7e-m+fp/hard/crtbegin.o
                                         0x44 (size before relaxing)
 .comment       0x0000000000000043       0x44 ./Src/MADC_Program.o
 .comment       0x0000000000000043       0x44 ./Src/MDMA_Program.o
 .comment       0x0000000000000043       0x44 ./Src/MGPIO_Program.o
 .comment       0x0000000000000043       0x44 ./Src/MRCC_Program.o
 .comment       0x0000000000000043       0x44 ./Src/MSTK_Program.o
 .comment       0x0000000000000043       0x44 ./Src/MUSART_Program.o
 .comment       0x0000000000000043       0x44 ./Src/main.o

.debug_info     0x0000000000000000     0x1e68
 .debug_info    0x0000000000000000      0x3ea ./Src/MADC_Program.o
 .debug_info    0x00000000000003ea      0x3ae ./Src/MDMA_Program.o
 .debug_info    0x0000000000000798      0x555 ./Src/MGPIO_Program.o
 .debug_info    0x0000000000000ced      0x32a ./Src/MRCC_Program.o
 .debug_info    0x0000000000001017      0x1f7 ./Src/MSTK_Program.o
 .debug_info    0x000000000000120e      0x573 ./Src/MUSART_Program.o
 .debug_info    0x0000000000001781      0x6c4 ./Src/main.o
 .debug_info    0x0000000000001e45       0x23 ./Startup/startup_stm32f401ccux.o

.debug_abbrev   0x0000000000000000      0x845
 .debug_abbrev  0x0000000000000000      0x14a ./Src/MADC_Program.o
 .debug_abbrev  0x000000000000014a       0xf9 ./Src/MDMA_Program.o
 .debug_abbrev  0x0000000000000243      0x12f ./Src/MGPIO_Program.o
 .debug_abbrev  0x0000000000000372       0xbb ./Src/MRCC_Program.o
 .debug_abbrev  0x000000000000042d      0x115 ./Src/MSTK_Program.o
 .debug_abbrev  0x0000000000000542      0x180 ./Src/MUSART_Program.o
 .debug_abbrev  0x00000000000006c2      0x171 ./Src/main.o
 .debug_abbrev  0x0000000000000833       0x12 ./Startup/startup_stm32f401ccux.o

.debug_aranges  0x0000000000000000      0x280
 .debug_aranges
                0x0000000000000000       0x60 ./Src/MADC_Program.o
 .debug_aranges
                0x0000000000000060       0x30 ./Src/MDMA_Program.o
 .debug_aranges
                0x0000000000000090       0x70 ./Src/MGPIO_Program.o
 .debug_aranges
                0x0000000000000100       0x30 ./Src/MRCC_Program.o
 .debug_aranges
                0x0000000000000130       0x58 ./Src/MSTK_Program.o
 .debug_aranges
                0x0000000000000188       0xa8 ./Src/MUSART_Program.o
 .debug_aranges
                0x0000000000000230       0x28 ./Src/main.o
 .debug_aranges
                0x0000000000000258       0x28 ./Startup/startup_stm32f401ccux.o

.debug_rnglists
                0x0000000000000000      0x1c3
 .debug_rnglists
                0x0000000000000000       0x47 ./Src/MADC_Program.o
 .debug_rnglists
                0x0000000000000047       0x22 ./Src/MDMA_Program.o
 .debug_rnglists
                0x0000000000000069       0x4f ./Src/MGPIO_Program.o
 .debug_rnglists
                0x00000000000000b8       0x21 ./Src/MRCC_Program.o
 .debug_rnglists
                0x00000000000000d9       0x3d ./Src/MSTK_Program.o
 .debug_rnglists
                0x0000000000000116       0x7a ./Src/MUSART_Program.o
 .debug_rnglists
                0x0000000000000190       0x1a ./Src/main.o
 .debug_rnglists
                0x00000000000001aa       0x19 ./Startup/startup_stm32f401ccux.o

.debug_macro    0x0000000000000000     0x1712
 .debug_macro   0x0000000000000000       0x3e ./Src/MADC_Program.o
 .debug_macro   0x000000000000003e      0xaae ./Src/MADC_Program.o
 .debug_macro   0x0000000000000aec       0x10 ./Src/MADC_Program.o
 .debug_macro   0x0000000000000afc       0x2e ./Src/MADC_Program.o
 .debug_macro   0x0000000000000b2a      0x2ad ./Src/MADC_Program.o
 .debug_macro   0x0000000000000dd7      0x112 ./Src/MADC_Program.o
 .debug_macro   0x0000000000000ee9       0x52 ./Src/MADC_Program.o
 .debug_macro   0x0000000000000f3b       0x3f ./Src/MDMA_Program.o
 .debug_macro   0x0000000000000f7a       0x9a ./Src/MDMA_Program.o
 .debug_macro   0x0000000000001014      0x108 ./Src/MDMA_Program.o
 .debug_macro   0x000000000000111c       0x3f ./Src/MGPIO_Program.o
 .debug_macro   0x000000000000115b       0x10 ./Src/MGPIO_Program.o
 .debug_macro   0x000000000000116b       0x98 ./Src/MGPIO_Program.o
 .debug_macro   0x0000000000001203       0x3f ./Src/MRCC_Program.o
 .debug_macro   0x0000000000001242       0x3a ./Src/MRCC_Program.o
 .debug_macro   0x000000000000127c      0x15a ./Src/MRCC_Program.o
 .debug_macro   0x00000000000013d6       0x3f ./Src/MSTK_Program.o
 .debug_macro   0x0000000000001415       0x10 ./Src/MSTK_Program.o
 .debug_macro   0x0000000000001425       0x52 ./Src/MSTK_Program.o
 .debug_macro   0x0000000000001477       0x3e ./Src/MUSART_Program.o
 .debug_macro   0x00000000000014b5       0x16 ./Src/MUSART_Program.o
 .debug_macro   0x00000000000014cb       0x76 ./Src/MUSART_Program.o
 .debug_macro   0x0000000000001541      0x16c ./Src/MUSART_Program.o
 .debug_macro   0x00000000000016ad       0x65 ./Src/main.o

.debug_line     0x0000000000000000      0xde0
 .debug_line    0x0000000000000000      0x238 ./Src/MADC_Program.o
 .debug_line    0x0000000000000238      0x128 ./Src/MDMA_Program.o
 .debug_line    0x0000000000000360      0x20f ./Src/MGPIO_Program.o
 .debug_line    0x000000000000056f      0x15d ./Src/MRCC_Program.o
 .debug_line    0x00000000000006cc      0x1d4 ./Src/MSTK_Program.o
 .debug_line    0x00000000000008a0      0x39a ./Src/MUSART_Program.o
 .debug_line    0x0000000000000c3a      0x12b ./Src/main.o
 .debug_line    0x0000000000000d65       0x7b ./Startup/startup_stm32f401ccux.o

.debug_str      0x0000000000000000     0x7129
 .debug_str     0x0000000000000000     0x450b ./Src/MADC_Program.o
                                       0x454f (size before relaxing)
 .debug_str     0x000000000000450b      0x6de ./Src/MDMA_Program.o
                                       0x37ea (size before relaxing)
 .debug_str     0x0000000000004be9      0x626 ./Src/MGPIO_Program.o
                                       0x3707 (size before relaxing)
 .debug_str     0x000000000000520f      0xe3e ./Src/MRCC_Program.o
                                       0x3f1f (size before relaxing)
 .debug_str     0x000000000000604d      0x27b ./Src/MSTK_Program.o
                                       0x335c (size before relaxing)
 .debug_str     0x00000000000062c8      0xde2 ./Src/MUSART_Program.o
                                       0x3ef0 (size before relaxing)
 .debug_str     0x00000000000070aa       0x50 ./Src/main.o
                                       0x4546 (size before relaxing)
 .debug_str     0x00000000000070fa       0x2f ./Startup/startup_stm32f401ccux.o
                                         0x7b (size before relaxing)

.debug_frame    0x0000000000000000      0x88c
 .debug_frame   0x0000000000000000      0x16c ./Src/MADC_Program.o
 .debug_frame   0x000000000000016c       0x88 ./Src/MDMA_Program.o
 .debug_frame   0x00000000000001f4      0x1c8 ./Src/MGPIO_Program.o
 .debug_frame   0x00000000000003bc       0x80 ./Src/MRCC_Program.o
 .debug_frame   0x000000000000043c      0x124 ./Src/MSTK_Program.o
 .debug_frame   0x0000000000000560      0x2b0 ./Src/MUSART_Program.o
 .debug_frame   0x0000000000000810       0x50 ./Src/main.o
 .debug_frame   0x0000000000000860       0x2c C:/ST/STM32CubeIDE_1.13.2/STM32CubeIDE/plugins/com.st.stm32cube.ide.mcu.externaltools.gnu-tools-for-stm32.11.3.rel1.win32_1.1.1.202309131626/tools/bin/../lib/gcc/arm-none-eabi/11.3.1/../../../../arm-none-eabi/lib/thumb/v7e-m+fp/hard\libc_nano.a(libc_a-init.o)

.debug_line_str
                0x0000000000000000       0x6f
 .debug_line_str
                0x0000000000000000       0x6f ./Startup/startup_stm32f401ccux.o
                                         0x87 (size before relaxing)
