Archive member included to satisfy reference by file (symbol)

C:/ST/STM32CubeIDE_1.13.2/STM32CubeIDE/plugins/com.st.stm32cube.ide.mcu.externaltools.gnu-tools-for-stm32.11.3.rel1.win32_1.1.1.202309131626/tools/bin/../lib/gcc/arm-none-eabi/11.3.1/../../../../arm-none-eabi/lib/thumb/v7e-m+fp/hard\libc_nano.a(libc_a-exit.o)
                              C:/ST/STM32CubeIDE_1.13.2/STM32CubeIDE/plugins/com.st.stm32cube.ide.mcu.externaltools.gnu-tools-for-stm32.11.3.rel1.win32_1.1.1.202309131626/tools/bin/../lib/gcc/arm-none-eabi/11.3.1/../../../../arm-none-eabi/lib/thumb/v7e-m+fp/hard/crt0.o (exit)
C:/ST/STM32CubeIDE_1.13.2/STM32CubeIDE/plugins/com.st.stm32cube.ide.mcu.externaltools.gnu-tools-for-stm32.11.3.rel1.win32_1.1.1.202309131626/tools/bin/../lib/gcc/arm-none-eabi/11.3.1/../../../../arm-none-eabi/lib/thumb/v7e-m+fp/hard\libc_nano.a(libc_a-findfp.o)
                              C:/ST/STM32CubeIDE_1.13.2/STM32CubeIDE/plugins/com.st.stm32cube.ide.mcu.externaltools.gnu-tools-for-stm32.11.3.rel1.win32_1.1.1.202309131626/tools/bin/../lib/gcc/arm-none-eabi/11.3.1/../../../../arm-none-eabi/lib/thumb/v7e-m+fp/hard\libc_nano.a(libc_a-exit.o) (__stdio_exit_handler)
C:/ST/STM32CubeIDE_1.13.2/STM32CubeIDE/plugins/com.st.stm32cube.ide.mcu.externaltools.gnu-tools-for-stm32.11.3.rel1.win32_1.1.1.202309131626/tools/bin/../lib/gcc/arm-none-eabi/11.3.1/../../../../arm-none-eabi/lib/thumb/v7e-m+fp/hard\libc_nano.a(libc_a-fwalk.o)
                              C:/ST/STM32CubeIDE_1.13.2/STM32CubeIDE/plugins/com.st.stm32cube.ide.mcu.externaltools.gnu-tools-for-stm32.11.3.rel1.win32_1.1.1.202309131626/tools/bin/../lib/gcc/arm-none-eabi/11.3.1/../../../../arm-none-eabi/lib/thumb/v7e-m+fp/hard\libc_nano.a(libc_a-findfp.o) (_fwalk_sglue)
C:/ST/STM32CubeIDE_1.13.2/STM32CubeIDE/plugins/com.st.stm32cube.ide.mcu.externaltools.gnu-tools-for-stm32.11.3.rel1.win32_1.1.1.202309131626/tools/bin/../lib/gcc/arm-none-eabi/11.3.1/../../../../arm-none-eabi/lib/thumb/v7e-m+fp/hard\libc_nano.a(libc_a-stdio.o)
                              C:/ST/STM32CubeIDE_1.13.2/STM32CubeIDE/plugins/com.st.stm32cube.ide.mcu.externaltools.gnu-tools-for-stm32.11.3.rel1.win32_1.1.1.202309131626/tools/bin/../lib/gcc/arm-none-eabi/11.3.1/../../../../arm-none-eabi/lib/thumb/v7e-m+fp/hard\libc_nano.a(libc_a-findfp.o) (__sread)
C:/ST/STM32CubeIDE_1.13.2/STM32CubeIDE/plugins/com.st.stm32cube.ide.mcu.externaltools.gnu-tools-for-stm32.11.3.rel1.win32_1.1.1.202309131626/tools/bin/../lib/gcc/arm-none-eabi/11.3.1/../../../../arm-none-eabi/lib/thumb/v7e-m+fp/hard\libc_nano.a(libc_a-memset.o)
                              C:/ST/STM32CubeIDE_1.13.2/STM32CubeIDE/plugins/com.st.stm32cube.ide.mcu.externaltools.gnu-tools-for-stm32.11.3.rel1.win32_1.1.1.202309131626/tools/bin/../lib/gcc/arm-none-eabi/11.3.1/../../../../arm-none-eabi/lib/thumb/v7e-m+fp/hard/crt0.o (memset)
C:/ST/STM32CubeIDE_1.13.2/STM32CubeIDE/plugins/com.st.stm32cube.ide.mcu.externaltools.gnu-tools-for-stm32.11.3.rel1.win32_1.1.1.202309131626/tools/bin/../lib/gcc/arm-none-eabi/11.3.1/../../../../arm-none-eabi/lib/thumb/v7e-m+fp/hard\libc_nano.a(libc_a-closer.o)
                              C:/ST/STM32CubeIDE_1.13.2/STM32CubeIDE/plugins/com.st.stm32cube.ide.mcu.externaltools.gnu-tools-for-stm32.11.3.rel1.win32_1.1.1.202309131626/tools/bin/../lib/gcc/arm-none-eabi/11.3.1/../../../../arm-none-eabi/lib/thumb/v7e-m+fp/hard\libc_nano.a(libc_a-stdio.o) (_close_r)
C:/ST/STM32CubeIDE_1.13.2/STM32CubeIDE/plugins/com.st.stm32cube.ide.mcu.externaltools.gnu-tools-for-stm32.11.3.rel1.win32_1.1.1.202309131626/tools/bin/../lib/gcc/arm-none-eabi/11.3.1/../../../../arm-none-eabi/lib/thumb/v7e-m+fp/hard\libc_nano.a(libc_a-reent.o)
                              C:/ST/STM32CubeIDE_1.13.2/STM32CubeIDE/plugins/com.st.stm32cube.ide.mcu.externaltools.gnu-tools-for-stm32.11.3.rel1.win32_1.1.1.202309131626/tools/bin/../lib/gcc/arm-none-eabi/11.3.1/../../../../arm-none-eabi/lib/thumb/v7e-m+fp/hard\libc_nano.a(libc_a-closer.o) (errno)
C:/ST/STM32CubeIDE_1.13.2/STM32CubeIDE/plugins/com.st.stm32cube.ide.mcu.externaltools.gnu-tools-for-stm32.11.3.rel1.win32_1.1.1.202309131626/tools/bin/../lib/gcc/arm-none-eabi/11.3.1/../../../../arm-none-eabi/lib/thumb/v7e-m+fp/hard\libc_nano.a(libc_a-impure.o)
                              C:/ST/STM32CubeIDE_1.13.2/STM32CubeIDE/plugins/com.st.stm32cube.ide.mcu.externaltools.gnu-tools-for-stm32.11.3.rel1.win32_1.1.1.202309131626/tools/bin/../lib/gcc/arm-none-eabi/11.3.1/../../../../arm-none-eabi/lib/thumb/v7e-m+fp/hard\libc_nano.a(libc_a-reent.o) (_impure_ptr)
C:/ST/STM32CubeIDE_1.13.2/STM32CubeIDE/plugins/com.st.stm32cube.ide.mcu.externaltools.gnu-tools-for-stm32.11.3.rel1.win32_1.1.1.202309131626/tools/bin/../lib/gcc/arm-none-eabi/11.3.1/../../../../arm-none-eabi/lib/thumb/v7e-m+fp/hard\libc_nano.a(libc_a-lseekr.o)
[...]
Memory Configuration

Name             Origin             Length             Attributes
RAM              0x0000000020000000 0x0000000000010000 xrw
FLASH            0x0000000008000000 0x0000000000040000 xr
*default*        0x0000000000000000 0xffffffffffffffff

Linker script and memory map

LOAD C:/ST/STM32CubeIDE_1.13.2/STM32CubeIDE/plugins/com.st.stm32cube.ide.mcu.externaltools.gnu-tools-for-stm32.11.3.rel1.win32_1.1.1.202309131626/tools/bin/../lib/gcc/arm-none-eabi/11.3.1/thumb/v7e-m+fp/hard/crti.o
LOAD C:/ST/STM32CubeIDE_1.13.2/STM32CubeIDE/plugins/com.st.stm32cube.ide.mcu.externaltools.gnu-tools-for-stm32.11.3.rel1.win32_1.1.1.202309131626/tools/bin/../lib/gcc/arm-none-eabi/11.3.1/thumb/v7e-m+fp/hard/crtbegin.o
LOAD C:/ST/STM32CubeIDE_1.13.2/STM32CubeIDE/plugins/com.st.stm32cube.ide.mcu.externaltools.gnu-tools-for-stm32.11.3.rel1.win32_1.1.1.202309131626/tools/bin/../lib/gcc/arm-none-eabi/11.3.1/../../../../arm-none-eabi/lib/thumb/v7e-m+fp/hard/crt0.o
LOAD ./Src/MADC_Program.o
LOAD ./Src/MDMA_Program.o
LOAD ./Src/MGPIO_Program.o
LOAD ./Src/MGPT_Program.o
LOAD ./Src/MNVIC_Program.o
LOAD ./Src/MRCC_Program.o
LOAD ./Src/MSTK_Program.o
LOAD ./Src/MUSART_Program.o
LOAD ./Src/main.o
LOAD ./Src/syscalls.o
LOAD ./Src/sysmem.o
LOAD ./Startup/startup_stm32f401ccux.o
START GROUP
LOAD C:/ST/STM32CubeIDE_1.13.2/STM32CubeIDE/plugins/com.st.stm32cube.ide.mcu.externaltools.gnu-tools-for-stm32.11.3.rel1.win32_1.1.1.202309131626/tools/bin/../lib/gcc/arm-none-eabi/11.3.1/../../../../arm-none-eabi/lib/thumb/v7e-m+fp/hard\libc_nano.a
LOAD C:/ST/STM32CubeIDE_1.13.2/STM32CubeIDE/plugins/com.st.stm32cube.ide.mcu.externaltools.gnu-tools-for-stm32.11.3.rel1.win32_1.1.1.202309131626/tools/bin/../lib/gcc/arm-none-eabi/11.3.1/../../../../arm-none-eabi/lib/thumb/v7e-m+fp/hard\libm.a
END GROUP
START GROUP
LOAD C:/ST/STM32CubeIDE_1.13.2/STM32CubeIDE/plugins/com.st.stm32cube.ide.mcu.externaltools.gnu-tools-for-stm32.11.3.rel1.win32_1.1.1.202309131626/tools/bin/../lib/gcc/arm-none-eabi/11.3.1/thumb/v7e-m+fp/hard\libgcc.a
LOAD C:/ST/STM32CubeIDE_1.13.2/STM32CubeIDE/plugins/com.st.stm32cube.ide.mcu.externaltools.gnu-tools-for-stm32.11.3.rel1.win32_1.1.1.202309131626/tools/bin/../lib/gcc/arm-none-eabi/11.3.1/../../../../arm-none-eabi/lib/thumb/v7e-m+fp/hard\libc_nano.a
END GROUP
START GROUP
LOAD C:/ST/STM32CubeIDE_1.13.2/STM32CubeIDE/plugins/com.st.stm32cube.ide.mcu.externaltools.gnu-tools-for-stm32.11.3.rel1.win32_1.1.1.202309131626/tools/bin/../lib/gcc/arm-none-eabi/11.3.1/thumb/v7e-m+fp/hard\libgcc.a
LOAD C:/ST/STM32CubeIDE_1.13.2/STM32CubeIDE/plugins/com.st.stm32cube.ide.mcu.externaltools.gnu-tools-for-stm32.11.3.rel1.win32_1.1.1.202309131626/tools/bin/../lib/gcc/arm-none-eabi/11.3.1/../../../../arm-none-eabi/lib/thumb/v7e-m+fp/hard\libc_nano.a
LOAD C:/ST/STM32CubeIDE_1.13.2/STM32CubeIDE/plugins/com.st.stm32cube.ide.mcu.externaltools.gnu-tools-for-stm32.11.3.rel1.win32_1.1.1.202309131626/tools/bin/../lib/gcc/arm-none-eabi/11.3.1/../../../../arm-none-eabi/lib/thumb/v7e-m+fp/hard\libnosys.a
END GROUP
START GROUP
LOAD C:/ST/STM32CubeIDE_1.13.2/STM32CubeIDE/plugins/com.st.stm32cube.ide.mcu.externaltools.gnu-tools-for-stm32.11.3.rel1.win32_1.1.1.202309131626/tools/bin/../lib/gcc/arm-none-eabi/11.3.1/thumb/v7e-m+fp/hard\libgcc.a
LOAD C:/ST/STM32CubeIDE_1.13.2/STM32CubeIDE/plugins/com.st.stm32cube.ide.mcu.externaltools.gnu-tools-for-stm32.11.3.rel1.win32_1.1.1.202309131626/tools/bin/../lib/gcc/arm-none-eabi/11.3.1/../../../../arm-none-eabi/lib/thumb/v7e-m+fp/hard\libc_nano.a
LOAD C:/ST/STM32CubeIDE_1.13.2/STM32CubeIDE/plugins/com.st.stm32cube.ide.mcu.externaltools.gnu-tools-for-stm32.11.3.rel1.win32_1.1.1.202309131626/tools/bin/../lib/gcc/arm-none-eabi/11.3.1/../../../../arm-none-eabi/lib/thumb/v7e-m+fp/hard\libnosys.a
END GROUP
LOAD C:/ST/STM32CubeIDE_1.13.2/STM32CubeIDE/plugins/com.st.stm32cube.ide.mcu.externaltools.gnu-tools-for-stm32.11.3.rel1.win32_1.1.1.202309131626/tools/bin/../lib/gcc/arm-none-eabi/11.3.1/thumb/v7e-m+fp/hard/crtend.o
LOAD C:/ST/STM32CubeIDE_1.13.2/STM32CubeIDE/plugins/com.st.stm32cube.ide.mcu.externaltools.gnu-tools-for-stm32.11.3.rel1.win32_1.1.1.202309131626/tools/bin/../lib/gcc/arm-none-eabi/11.3.1/thumb/v7e-m+fp/hard/crtn.o
                0x0000000020010000                _estack = (ORIGIN (RAM) + LENGTH (RAM))
                0x0000000000000200                _Min_Heap_Size = 0x200
                0x0000000000000400                _Min_Stack_Size = 0x400

.isr_vector     0x0000000008000000      0x194
                0x0000000008000000                . = ALIGN (0x4)
 *(.isr_vector)
 .isr_vector    0x0000000008000000      0x194 ./Startup/startup_stm32f401ccux.o
                0x0000000008000000                g_pfnVectors
                0x0000000008000194                . = ALIGN (0x4)

.text           0x0000000008000198     0x1e90
                0x0000000008000198                . = ALIGN (0x4)
 *(.text)
 .text          0x0000000008000198       0x40 C:/ST/STM32CubeIDE_1.13.2/STM32CubeIDE/plugins/com.st.stm32cube.ide.mcu.externaltools.gnu-tools-for-stm32.11.3.rel1.win32_1.1.1.202309131626/tools/bin/../lib/gcc/arm-none-eabi/11.3.1/thumb/v7e-m+fp/hard/crtbegin.o
 .text          0x00000000080001d8      0x378 C:/ST/STM32CubeIDE_1.13.2/STM32CubeIDE/plugins/com.st.stm32cube.ide.mcu.externaltools.gnu-tools-for-stm32.11.3.rel1.win32_1.1.1.202309131626/tools/bin/../lib/gcc/arm-none-eabi/11.3.1/thumb/v7e-m+fp/hard\libgcc.a(_arm_addsubdf3.o)
                0x00000000080001d8                __aeabi_drsub
                0x00000000080001e0                __aeabi_dsub
                0x00000000080001e0                __subdf3
                0x00000000080001e4                __aeabi_dadd
                0x00000000080001e4                __adddf3
                0x000000000800045c                __floatunsidf
                0x000000000800045c                __aeabi_ui2d
                0x000000000800047c                __floatsidf
                0x000000000800047c                __aeabi_i2d
                0x00000000080004a0                __aeabi_f2d
                0x00000000080004a0                __extendsfdf2
                0x00000000080004e4                __floatundidf
                0x00000000080004e4                __aeabi_ul2d
                0x00000000080004f4                __floatdidf
                0x00000000080004f4                __aeabi_l2d
 .text          0x0000000008000550      0x424 C:/ST/STM32CubeIDE_1.13.2/STM32CubeIDE/plugins/com.st.stm32cube.ide.mcu.externaltools.gnu-tools-for-stm32.11.3.rel1.win32_1.1.1.202309131626/tools/bin/../lib/gcc/arm-none-eabi/11.3.1/thumb/v7e-m+fp/hard\libgcc.a(_arm_muldivdf3.o)
                0x0000000008000550                __aeabi_dmul
                0x0000000008000550                __muldf3
                0x00000000080007a4                __divdf3
                0x00000000080007a4                __aeabi_ddiv
 .text          0x0000000008000974       0x40 C:/ST/STM32CubeIDE_1.13.2/STM32CubeIDE/plugins/com.st.stm32cube.ide.mcu.externaltools.gnu-tools-for-stm32.11.3.rel1.win32_1.1.1.202309131626/tools/bin/../lib/gcc/arm-none-eabi/11.3.1/thumb/v7e-m+fp/hard\libgcc.a(_arm_fixunsdfsi.o)
                0x0000000008000974                __aeabi_d2uiz
                0x0000000008000974                __fixunsdfsi
 .text          0x00000000080009b4       0xa0 C:/ST/STM32CubeIDE_1.13.2/STM32CubeIDE/plugins/com.st.stm32cube.ide.mcu.externaltools.gnu-tools-for-stm32.11.3.rel1.win32_1.1.1.202309131626/tools/bin/../lib/gcc/arm-none-eabi/11.3.1/thumb/v7e-m+fp/hard\libgcc.a(_arm_truncdfsf2.o)
                0x00000000080009b4                __truncdfsf2
                0x00000000080009b4                __aeabi_d2f
 *(.text*)
 .text.MADC_vInit
                0x0000000008000a54       0xb8 ./Src/MADC_Program.o
                0x0000000008000a54                MADC_vInit
 .text.MADC_vEnable
                0x0000000008000b0c       0x50 ./Src/MADC_Program.o
                0x0000000008000b0c                MADC_vEnable
 .text.MADC_u32SetRegularDMA
                0x0000000008000b5c       0x54 ./Src/MADC_Program.o
                0x0000000008000b5c                MADC_u32SetRegularDMA
 .text.MADC_vSetSamplingTime
                0x0000000008000bb0       0xbc ./Src/MADC_Program.o
                0x0000000008000bb0                MADC_vSetSamplingTime
 .text.MADC_vSetNumberOfConversions
                0x0000000008000c6c       0x50 ./Src/MADC_Program.o
                0x0000000008000c6c                MADC_vSetNumberOfConversions
 .text.MADC_vSetSequence
                0x0000000008000cbc       0xf8 ./Src/MADC_Program.o
                0x0000000008000cbc                MADC_vSetSequence
 .text.MDMA_vDirectInit
                0x0000000008000db4      0x1d6 ./Src/MDMA_Program.o
                0x0000000008000db4                MDMA_vDirectInit
 .text.MDMA_vStart
                0x0000000008000f8a       0xf4 ./Src/MDMA_Program.o
                0x0000000008000f8a                MDMA_vStart
 .text.MGPIO_vSetPinMode
                0x000000000800107e       0x4a ./Src/MGPIO_Program.o
                0x000000000800107e                MGPIO_vSetPinMode
 .text.MGPIO_vSetPinAFDirection
                0x00000000080010c8       0x74 ./Src/MGPIO_Program.o
                0x00000000080010c8                MGPIO_vSetPinAFDirection
 .text.MGPT_vPWMInit
                0x000000000800113c      0x27c ./Src/MGPT_Program.o
                0x000000000800113c                MGPT_vPWMInit
 .text.MGPT_vSetPWMDutyCycle
                0x00000000080013b8       0x28 ./Src/MGPT_Program.o
                0x00000000080013b8                MGPT_vSetPWMDutyCycle
 .text.TIM2_IRQHandler
                0x00000000080013e0       0x24 ./Src/MGPT_Program.o
                0x00000000080013e0                TIM2_IRQHandler
 .text.TIM3_IRQHandler
                0x0000000008001404       0x1c ./Src/MGPT_Program.o
                0x0000000008001404                TIM3_IRQHandler
 .text.TIM4_IRQHandler
                0x0000000008001420       0x1c ./Src/MGPT_Program.o
                0x0000000008001420                TIM4_IRQHandler
 .text.TIM5_IRQHandler
                0x000000000800143c       0x1c ./Src/MGPT_Program.o
                0x000000000800143c                TIM5_IRQHandler
 .text.MNVIC_vInit
                0x0000000008001458       0x1c ./Src/MNVIC_Program.o
                0x0000000008001458                MNVIC_vInit
 .text.MRCC_vInitSysAndBusClock
                0x0000000008001474       0x74 ./Src/MRCC_Program.o
                0x0000000008001474                MRCC_vInitSysAndBusClock
 .text.MRCC_vEnablePeriphClock
                0x00000000080014e8      0x11c ./Src/MRCC_Program.o
                0x00000000080014e8                MRCC_vEnablePeriphClock
 .text.SysTick_Handler
                0x0000000008001604       0x5c ./Src/MSTK_Program.o
                0x0000000008001604                SysTick_Handler
 .text.MUSART_vInit
                0x0000000008001660      0x270 ./Src/MUSART_Program.o
                0x0000000008001660                MUSART_vInit
 .text.MUSART_vEnable
                0x00000000080018d0       0x20 ./Src/MUSART_Program.o
                0x00000000080018d0                MUSART_vEnable
 .text.MUSART_u32EnableRxDMA
                0x00000000080018f0       0x24 ./Src/MUSART_Program.o
                0x00000000080018f0                MUSART_u32EnableRxDMA
 .text.MUSART_vRxIntStatus
                0x0000000008001914       0x40 ./Src/MUSART_Program.o
                0x0000000008001914                MUSART_vRxIntStatus
 .text.USART1_IRQHandler
                0x0000000008001954       0x1c ./Src/MUSART_Program.o
                0x0000000008001954                USART1_IRQHandler
 .text.USART2_IRQHandler
                0x0000000008001970       0x1c ./Src/MUSART_Program.o
                0x0000000008001970                USART2_IRQHandler
 .text.USART6_IRQHandler
                0x000000000800198c       0x1c ./Src/MUSART_Program.o
                0x000000000800198c                USART6_IRQHandler
 .text.main     0x00000000080019a8       0x88 ./Src/main.o
                0x00000000080019a8                main
 .text.APP_vInit
                0x0000000008001a30      0x264 ./Src/main.o
                0x0000000008001a30                APP_vInit
 .text.APP_vDriveMotors
                0x0000000008001c94       0x34 ./Src/main.o
                0x0000000008001c94                APP_vDriveMotors
 .text.APP_vCalibrate
                0x0000000008001cc8      0x134 ./Src/main.o
                0x0000000008001cc8                APP_vCalibrate
 *fill*         0x0000000008001dfc        0x4 
 .text.APP_vPIDcontrol
                0x0000000008001e00      0x174 ./Src/main.o
                0x0000000008001e00                APP_vPIDcontrol
 .text.Reset_Handler
                0x0000000008001f74       0x50 ./Startup/startup_stm32f401ccux.o
                0x0000000008001f74                Reset_Handler
 .text.Default_Handler
                0x0000000008001fc4        0x2 ./Startup/startup_stm32f401ccux.o
                0x0000000008001fc4                EXTI2_IRQHandler
                0x0000000008001fc4                DebugMon_Handler
                0x0000000008001fc4                SPI4_IRQHandler
                0x0000000008001fc4                TIM1_CC_IRQHandler
                0x0000000008001fc4                DMA2_Stream5_IRQHandler
                0x0000000008001fc4                HardFault_Handler
                0x0000000008001fc4                DMA1_Stream5_IRQHandler
                0x0000000008001fc4                SDIO_IRQHandler
                0x0000000008001fc4                TAMP_STAMP_IRQHandler
                0x0000000008001fc4                PendSV_Handler
                0x0000000008001fc4                NMI_Handler
                0x0000000008001fc4                EXTI3_IRQHandler
                0x0000000008001fc4                TIM1_UP_TIM10_IRQHandler
                0x0000000008001fc4                I2C3_ER_IRQHandler
                0x0000000008001fc4                EXTI18_OTG_FS_WKUP_IRQHandler
                0x0000000008001fc4                EXTI0_IRQHandler
                0x0000000008001fc4                I2C2_EV_IRQHandler
                0x0000000008001fc4                DMA1_Stream2_IRQHandler
                0x0000000008001fc4                UsageFault_Handler
                0x0000000008001fc4                DMA2_Stream2_IRQHandler
                0x0000000008001fc4                SPI1_IRQHandler
                0x0000000008001fc4                TIM1_BRK_TIM9_IRQHandler
                0x0000000008001fc4                DMA2_Stream3_IRQHandler
                0x0000000008001fc4                DMA2_Stream0_IRQHandler
                0x0000000008001fc4                I2C1_EV_IRQHandler
                0x0000000008001fc4                DMA1_Stream6_IRQHandler
                0x0000000008001fc4                DMA1_Stream1_IRQHandler
                0x0000000008001fc4                RCC_IRQHandler
                0x0000000008001fc4                Default_Handler
                0x0000000008001fc4                EXTI15_10_IRQHandler
                0x0000000008001fc4                ADC_IRQHandler
                0x0000000008001fc4                DMA1_Stream7_IRQHandler
                0x0000000008001fc4                DMA2_Stream7_IRQHandler
                0x0000000008001fc4                I2C3_EV_IRQHandler
                0x0000000008001fc4                EXTI9_5_IRQHandler
                0x0000000008001fc4                SPI2_IRQHandler
                0x0000000008001fc4                MemManage_Handler
                0x0000000008001fc4                DMA1_Stream0_IRQHandler
                0x0000000008001fc4                SVC_Handler
                0x0000000008001fc4                EXTI4_IRQHandler
                0x0000000008001fc4                EXTI22_RTC_WKUP_IRQHandler
                0x0000000008001fc4                EXTI16_PVD_IRQHandler
                0x0000000008001fc4                TIM1_TRG_COM_TIM11_IRQHandler
                0x0000000008001fc4                EXTI1_IRQHandler
                0x0000000008001fc4                EXTI17_RTC_Alarm_IRQHandler
                0x0000000008001fc4                I2C2_ER_IRQHandler
                0x0000000008001fc4                DMA2_Stream1_IRQHandler
                0x0000000008001fc4                FLASH_IRQHandler
                0x0000000008001fc4                DMA2_Stream4_IRQHandler
                0x0000000008001fc4                BusFault_Handler
                0x0000000008001fc4                OTG_FS_IRQHandler
                0x0000000008001fc4                SPI3_IRQHandler
                0x0000000008001fc4                DMA1_Stream4_IRQHandler
                0x0000000008001fc4                I2C1_ER_IRQHandler
                0x0000000008001fc4                DMA2_Stream6_IRQHandler
                0x0000000008001fc4                DMA1_Stream3_IRQHandler
 *fill*         0x0000000008001fc6        0x2 
 .text.__libc_init_array
                0x0000000008001fc8       0x48 C:/ST/STM32CubeIDE_1.13.2/STM32CubeIDE/plugins/com.st.stm32cube.ide.mcu.externaltools.gnu-tools-for-stm32.11.3.rel1.win32_1.1.1.202309131626/tools/bin/../lib/gcc/arm-none-eabi/11.3.1/../../../../arm-none-eabi/lib/thumb/v7e-m+fp/hard\libc_nano.a(libc_a-init.o)
                0x0000000008001fc8                __libc_init_array
 *(.glue_7)
 .glue_7        0x0000000008002010        0x0 linker stubs
 *(.glue_7t)
 .glue_7t       0x0000000008002010        0x0 linker stubs
 *(.eh_frame)
 .eh_frame      0x0000000008002010        0x0 C:/ST/STM32CubeIDE_1.13.2/STM32CubeIDE/plugins/com.st.stm32cube.ide.mcu.externaltools.gnu-tools-for-stm32.11.3.rel1.win32_1.1.1.202309131626/tools/bin/../lib/gcc/arm-none-eabi/11.3.1/thumb/v7e-m+fp/hard/crtbegin.o
 *(.init)
 .init          0x0000000008002010        0x4 C:/ST/STM32CubeIDE_1.13.2/STM32CubeIDE/plugins/com.st.stm32cube.ide.mcu.externaltools.gnu-tools-for-stm32.11.3.rel1.win32_1.1.1.202309131626/tools/bin/../lib/gcc/arm-none-eabi/11.3.1/thumb/v7e-m+fp/hard/crti.o
                0x0000000008002010                _init
 .init          0x0000000008002014        0x8 C:/ST/STM32CubeIDE_1.13.2/STM32CubeIDE/plugins/com.st.stm32cube.ide.mcu.externaltools.gnu-tools-for-stm32.11.3.rel1.win32_1.1.1.202309131626/tools/bin/../lib/gcc/arm-none-eabi/11.3.1/thumb/v7e-m+fp/hard/crtn.o
 *(.fini)
 .fini          0x000000000800201c        0x4 C:/ST/STM32CubeIDE_1.13.2/STM32CubeIDE/plugins/com.st.stm32cube.ide.mcu.externaltools.gnu-tools-for-stm32.11.3.rel1.win32_1.1.1.202309131626/tools/bin/../lib/gcc/arm-none-eabi/11.3.1/thumb/v7e-m+fp/hard/crti.o
                0x000000000800201c                _fini
 .fini          0x0000000008002020        0x8 C:/ST/STM32CubeIDE_1.13.2/STM32CubeIDE/plugins/com.st.stm32cube.ide.mcu.externaltools.gnu-tools-for-stm32.11.3.rel1.win32_1.1.1.202309131626/tools/bin/../lib/gcc/arm-none-eabi/11.3.1/thumb/v7e-m+fp/hard/crtn.o
                0x0000000008002028                . = ALIGN (0x4)
                0x0000000008002028                _etext = .

.vfp11_veneer   0x0000000008002028        0x0
 .vfp11_veneer  0x0000000008002028        0x0 linker stubs

.v4_bx          0x0000000008002028        0x0
 .v4_bx         0x0000000008002028        0x0 linker stubs

.iplt           0x0000000008002028        0x0
 .iplt          0x0000000008002028        0x0 C:/ST/STM32CubeIDE_1.13.2/STM32CubeIDE/plugins/com.st.stm32cube.ide.mcu.externaltools.gnu-tools-for-stm32.11.3.rel1.win32_1.1.1.202309131626/tools/bin/../lib/gcc/arm-none-eabi/11.3.1/thumb/v7e-m+fp/hard/crtbegin.o

.rodata         0x0000000008002028       0x24
                0x0000000008002028                . = ALIGN (0x4)
 *(.rodata)
 .rodata        0x0000000008002028       0x24 ./Src/main.o
 *(.rodata*)
                0x000000000800204c                . = ALIGN (0x4)

.rel.dyn        0x000000000800204c        0x0
 .rel.iplt      0x000000000800204c        0x0 C:/ST/STM32CubeIDE_1.13.2/STM32CubeIDE/plugins/com.st.stm32cube.ide.mcu.externaltools.gnu-tools-for-stm32.11.3.rel1.win32_1.1.1.202309131626/tools/bin/../lib/gcc/arm-none-eabi/11.3.1/thumb/v7e-m+fp/hard/crtbegin.o

.ARM.extab      0x000000000800204c        0x0
                0x000000000800204c                . = ALIGN (0x4)
 *(.ARM.extab* .gnu.linkonce.armextab.*)
                0x000000000800204c                . = ALIGN (0x4)

.ARM            0x000000000800204c        0x0
                0x000000000800204c                . = ALIGN (0x4)
                0x000000000800204c                __exidx_start = .
 *(.ARM.exidx*)
                0x000000000800204c                __exidx_end = .
                0x000000000800204c                . = ALIGN (0x4)

.preinit_array  0x000000000800204c        0x0
                0x000000000800204c                . = ALIGN (0x4)
                0x000000000800204c                PROVIDE (__preinit_array_start = .)
 *(.preinit_array*)
                0x000000000800204c                PROVIDE (__preinit_array_end = .)
                0x000000000800204c                . = ALIGN (0x4)

.init_array     0x000000000800204c        0x4
                0x000000000800204c                . = ALIGN (0x4)
                0x000000000800204c                PROVIDE (__init_array_start = .)
 *(SORT_BY_NAME(.init_array.*))
 *(.init_array*)
 .init_array    0x000000000800204c        0x4 C:/ST/STM32CubeIDE_1.13.2/STM32CubeIDE/plugins/com.st.stm32cube.ide.mcu.externaltools.gnu-tools-for-stm32.11.3.rel1.win32_1.1.1.202309131626/tools/bin/../lib/gcc/arm-none-eabi/11.3.1/thumb/v7e-m+fp/hard/crtbegin.o
                0x0000000008002050                PROVIDE (__init_array_end = .)
                0x0000000008002050                . = ALIGN (0x4)

.fini_array     0x0000000008002050        0x4
                0x0000000008002050                . = ALIGN (0x4)
                [!provide]                        PROVIDE (__fini_array_start = .)
 *(SORT_BY_NAME(.fini_array.*))
 *(.fini_array*)
 .fini_array    0x0000000008002050        0x4 C:/ST/STM32CubeIDE_1.13.2/STM32CubeIDE/plugins/com.st.stm32cube.ide.mcu.externaltools.gnu-tools-for-stm32.11.3.rel1.win32_1.1.1.202309131626/tools/bin/../lib/gcc/arm-none-eabi/11.3.1/thumb/v7e-m+fp/hard/crtbegin.o
                [!provide]                        PROVIDE (__fini_array_end = .)
                0x0000000008002054                . = ALIGN (0x4)
                0x0000000008002054                _sidata = LOADADDR (.data)

.data           0x0000000020000000        0x0 load address 0x0000000008002054
                0x0000000020000000                . = ALIGN (0x4)
                0x0000000020000000                _sdata = .
 *(.data)
 *(.data*)
 *(.RamFunc)
 *(.RamFunc*)
                0x0000000020000000                . = ALIGN (0x4)
                0x0000000020000000                _edata = .

.igot.plt       0x0000000020000000        0x0 load address 0x0000000008002054
 .igot.plt      0x0000000020000000        0x0 C:/ST/STM32CubeIDE_1.13.2/STM32CubeIDE/plugins/com.st.stm32cube.ide.mcu.externaltools.gnu-tools-for-stm32.11.3.rel1.win32_1.1.1.202309131626/tools/bin/../lib/gcc/arm-none-eabi/11.3.1/thumb/v7e-m+fp/hard/crtbegin.o
                0x0000000020000000                . = ALIGN (0x4)

.bss            0x0000000020000000       0x88 load address 0x0000000008002054
                0x0000000020000000                _sbss = .
                0x0000000020000000                __bss_start__ = _sbss
 *(.bss)
 .bss           0x0000000020000000       0x1c C:/ST/STM32CubeIDE_1.13.2/STM32CubeIDE/plugins/com.st.stm32cube.ide.mcu.externaltools.gnu-tools-for-stm32.11.3.rel1.win32_1.1.1.202309131626/tools/bin/../lib/gcc/arm-none-eabi/11.3.1/thumb/v7e-m+fp/hard/crtbegin.o
 *(.bss*)
 .bss.MGPT_CALLBACKS
                0x000000002000001c       0x10 ./Src/MGPT_Program.o
                0x000000002000001c                MGPT_CALLBACKS
 .bss.MSTK_CallBack
                0x000000002000002c        0x4 ./Src/MSTK_Program.o
                0x000000002000002c                MSTK_CallBack
 .bss.Global_u8CallMode
                0x0000000020000030        0x1 ./Src/MSTK_Program.o
                0x0000000020000030                Global_u8CallMode
 *fill*         0x0000000020000031        0x3 
 .bss.MUSART1_CallBack
                0x0000000020000034        0x4 ./Src/MUSART_Program.o
                0x0000000020000034                MUSART1_CallBack
 .bss.MUSART2_CallBack
                0x0000000020000038        0x4 ./Src/MUSART_Program.o
                0x0000000020000038                MUSART2_CallBack
 .bss.MUSART6_CallBack
                0x000000002000003c        0x4 ./Src/MUSART_Program.o
                0x000000002000003c                MUSART6_CallBack
 .bss.APP_u16IRData
                0x0000000020000040        0xa ./Src/main.o
                0x0000000020000040                APP_u16IRData
 *fill*         0x000000002000004a        0x2 
 .bss.APP_u16IRThreshold
                0x000000002000004c        0xa ./Src/main.o
                0x000000002000004c                APP_u16IRThreshold
 *fill*         0x0000000020000056        0x2 
 .bss.APP_s32SpeedLeft
                0x0000000020000058        0x4 ./Src/main.o
                0x0000000020000058                APP_s32SpeedLeft
 .bss.APP_s32SpeedRight
                0x000000002000005c        0x4 ./Src/main.o
                0x000000002000005c                APP_s32SpeedRight
 .bss.APP_u8String
                0x0000000020000060        0x6 ./Src/main.o
                0x0000000020000060                APP_u8String
 *fill*         0x0000000020000066        0x2 
 .bss.APP_f32Kp
                0x0000000020000068        0x4 ./Src/main.o
                0x0000000020000068                APP_f32Kp
 .bss.APP_f32Kd
                0x000000002000006c        0x4 ./Src/main.o
                0x000000002000006c                APP_f32Kd
 .bss.APP_f32Ki
                0x0000000020000070        0x4 ./Src/main.o
                0x0000000020000070                APP_f32Ki
 .bss.APP_s32Error
                0x0000000020000074        0x4 ./Src/main.o
                0x0000000020000074                APP_s32Error
 .bss.APP_s32PrevError
                0x0000000020000078        0x4 ./Src/main.o
                0x0000000020000078                APP_s32PrevError
 .bss.APP_s32P  0x000000002000007c        0x4 ./Src/main.o
                0x000000002000007c                APP_s32P
 .bss.APP_s32I  0x0000000020000080        0x4 ./Src/main.o
                0x0000000020000080                APP_s32I
 .bss.APP_s32D  0x0000000020000084        0x4 ./Src/main.o
                0x0000000020000084                APP_s32D
 *(COMMON)
                0x0000000020000088                . = ALIGN (0x4)
                0x0000000020000088                _ebss = .
                0x0000000020000088                __bss_end__ = _ebss

._user_heap_stack
                0x0000000020000088      0x600 load address 0x0000000008002054
                0x0000000020000088                . = ALIGN (0x8)
                [!provide]                        PROVIDE (end = .)
                0x0000000020000088                PROVIDE (_end = .)
                0x0000000020000288                . = (. + _Min_Heap_Size)
 *fill*         0x0000000020000088      0x200 
                0x0000000020000688                . = (. + _Min_Stack_Size)
 *fill*         0x0000000020000288      0x400 
                0x0000000020000688                . = ALIGN (0x8)

/DISCARD/
 libc.a(*)
 libm.a(*)
 libgcc.a(*)

.ARM.attributes
                0x0000000000000000       0x30
 *(.ARM.attributes)
 .ARM.attributes
                0x0000000000000000       0x1e C:/ST/STM32CubeIDE_1.13.2/STM32CubeIDE/plugins/com.st.stm32cube.ide.mcu.externaltools.gnu-tools-for-stm32.11.3.rel1.win32_1.1.1.202309131626/tools/bin/../lib/gcc/arm-none-eabi/11.3.1/thumb/v7e-m+fp/hard/crti.o
 .ARM.attributes
                0x000000000000001e       0x34 C:/ST/STM32CubeIDE_1.13.2/STM32CubeIDE/plugins/com.st.stm32cube.ide.mcu.externaltools.gnu-tools-for-stm32.11.3.rel1.win32_1.1.1.202309131626/tools/bin/../lib/gcc/arm-none-eabi/11.3.1/thumb/v7e-m+fp/hard/crtbegin.o
 .ARM.attributes
                0x0000000000000052       0x34 ./Src/MADC_Program.o
 .ARM.attributes
                0x0000000000000086       0x34 ./Src/MDMA_Program.o
 .ARM.attributes
                0x00000000000000ba       0x34 ./Src/MGPIO_Program.o
 .ARM.attributes
                0x00000000000000ee       0x34 ./Src/MGPT_Program.o
 .ARM.attributes
                0x0000000000000122       0x34 ./Src/MNVIC_Program.o
 .ARM.attributes
                0x0000000000000156       0x34 ./Src/MRCC_Program.o
 .ARM.attributes
                0x000000000000018a       0x34 ./Src/MSTK_Program.o
 .ARM.attributes
                0x00000000000001be       0x34 ./Src/MUSART_Program.o
 .ARM.attributes
                0x00000000000001f2       0x34 ./Src/main.o
 .ARM.attributes
                0x0000000000000226       0x21 ./Startup/startup_stm32f401ccux.o
 .ARM.attributes
                0x0000000000000247       0x34 C:/ST/STM32CubeIDE_1.13.2/STM32CubeIDE/plugins/com.st.stm32cube.ide.mcu.externaltools.gnu-tools-for-stm32.11.3.rel1.win32_1.1.1.202309131626/tools/bin/../lib/gcc/arm-none-eabi/11.3.1/../../../../arm-none-eabi/lib/thumb/v7e-m+fp/hard\libc_nano.a(libc_a-init.o)
 .ARM.attributes
                0x000000000000027b       0x1e C:/ST/STM32CubeIDE_1.13.2/STM32CubeIDE/plugins/com.st.stm32cube.ide.mcu.externaltools.gnu-tools-for-stm32.11.3.rel1.win32_1.1.1.202309131626/tools/bin/../lib/gcc/arm-none-eabi/11.3.1/thumb/v7e-m+fp/hard\libgcc.a(_arm_addsubdf3.o)
 .ARM.attributes
                0x0000000000000299       0x1e C:/ST/STM32CubeIDE_1.13.2/STM32CubeIDE/plugins/com.st.stm32cube.ide.mcu.externaltools.gnu-tools-for-stm32.11.3.rel1.win32_1.1.1.202309131626/tools/bin/../lib/gcc/arm-none-eabi/11.3.1/thumb/v7e-m+fp/hard\libgcc.a(_arm_muldivdf3.o)
 .ARM.attributes
                0x00000000000002b7       0x1e C:/ST/STM32CubeIDE_1.13.2/STM32CubeIDE/plugins/com.st.stm32cube.ide.mcu.externaltools.gnu-tools-for-stm32.11.3.rel1.win32_1.1.1.202309131626/tools/bin/../lib/gcc/arm-none-eabi/11.3.1/thumb/v7e-m+fp/hard\libgcc.a(_arm_fixunsdfsi.o)
 .ARM.attributes
                0x00000000000002d5       0x1e C:/ST/STM32CubeIDE_1.13.2/STM32CubeIDE/plugins/com.st.stm32cube.ide.mcu.externaltools.gnu-tools-for-stm32.11.3.rel1.win32_1.1.1.202309131626/tools/bin/../lib/gcc/arm-none-eabi/11.3.1/thumb/v7e-m+fp/hard\libgcc.a(_arm_truncdfsf2.o)
 .ARM.attributes
                0x00000000000002f3       0x1e C:/ST/STM32CubeIDE_1.13.2/STM32CubeIDE/plugins/com.st.stm32cube.ide.mcu.externaltools.gnu-tools-for-stm32.11.3.rel1.win32_1.1.1.202309131626/tools/bin/../lib/gcc/arm-none-eabi/11.3.1/thumb/v7e-m+fp/hard/crtn.o
OUTPUT(Project_MazeSolver_CubeIDE.elf elf32-littlearm)
LOAD linker stubs
LOAD C:/ST/STM32CubeIDE_1.13.2/STM32CubeIDE/plugins/com.st.stm32cube.ide.mcu.externaltools.gnu-tools-for-stm32.11.3.rel1.win32_1.1.1.202309131626/tools/bin/../lib/gcc/arm-none-eabi/11.3.1/../../../../arm-none-eabi/lib/thumb/v7e-m+fp/hard\libc.a
LOAD C:/ST/STM32CubeIDE_1.13.2/STM32CubeIDE/plugins/com.st.stm32cube.ide.mcu.externaltools.gnu-tools-for-stm32.11.3.rel1.win32_1.1.1.202309131626/tools/bin/../lib/gcc/arm-none-eabi/11.3.1/../../../../arm-none-eabi/lib/thumb/v7e-m+fp/hard\libm.a
LOAD C:/ST/STM32CubeIDE_1.13.2/STM32CubeIDE/plugins/com.st.stm32cube.ide.mcu.externaltools.gnu-tools-for-stm32.11.3.rel1.win32_1.1.1.202309131626/tools/bin/../lib/gcc/arm-none-eabi/11.3.1/thumb/v7e-m+fp/hard\libgcc.a

.comment        0x0000000000000000       0x43
 .comment       0x0000000000000000       0x43 C:/ST/STM32CubeIDE_1.13.2/STM32CubeIDE/plugins/com.st.stm32cube.ide.mcu.externaltools.gnu-tools-for-stm32.11.3.rel1.win32_1.1.1.202309131626/tools/bin/../lib/gcc/arm-none-eabi/11.3.1/thumb/v7e-m+fp/hard/crtbegin.o
                                         0x44 (size before relaxing)
 .comment       0x0000000000000043       0x44 ./Src/MADC_Program.o
 .comment       0x0000000000000043       0x44 ./Src/MDMA_Program.o
 .comment       0x0000000000000043       0x44 ./Src/MGPIO_Program.o
 .comment       0x0000000000000043       0x44 ./Src/MGPT_Program.o
 .comment       0x0000000000000043       0x44 ./Src/MNVIC_Program.o
 .comment       0x0000000000000043       0x44 ./Src/MRCC_Program.o
 .comment       0x0000000000000043       0x44 ./Src/MSTK_Program.o
 .comment       0x0000000000000043       0x44 ./Src/MUSART_Program.o
 .comment       0x0000000000000043       0x44 ./Src/main.o

.debug_info     0x0000000000000000     0x2b1d
 .debug_info    0x0000000000000000      0x3ea ./Src/MADC_Program.o
 .debug_info    0x00000000000003ea      0x3b3 ./Src/MDMA_Program.o
 .debug_info    0x000000000000079d      0x555 ./Src/MGPIO_Program.o
 .debug_info    0x0000000000000cf2      0x381 ./Src/MGPT_Program.o
 .debug_info    0x0000000000001073      0x36a ./Src/MNVIC_Program.o
 .debug_info    0x00000000000013dd      0x32a ./Src/MRCC_Program.o
 .debug_info    0x0000000000001707      0x1f7 ./Src/MSTK_Program.o
 .debug_info    0x00000000000018fe      0x5a3 ./Src/MUSART_Program.o
 .debug_info    0x0000000000001ea1      0xc59 ./Src/main.o
 .debug_info    0x0000000000002afa       0x23 ./Startup/startup_stm32f401ccux.o

.debug_abbrev   0x0000000000000000      0xae7
 .debug_abbrev  0x0000000000000000      0x14a ./Src/MADC_Program.o
 .debug_abbrev  0x000000000000014a       0xf8 ./Src/MDMA_Program.o
 .debug_abbrev  0x0000000000000242      0x12f ./Src/MGPIO_Program.o
 .debug_abbrev  0x0000000000000371      0x159 ./Src/MGPT_Program.o
 .debug_abbrev  0x00000000000004ca      0x12b ./Src/MNVIC_Program.o
 .debug_abbrev  0x00000000000005f5       0xbb ./Src/MRCC_Program.o
 .debug_abbrev  0x00000000000006b0      0x115 ./Src/MSTK_Program.o
 .debug_abbrev  0x00000000000007c5      0x17f ./Src/MUSART_Program.o
 .debug_abbrev  0x0000000000000944      0x191 ./Src/main.o
 .debug_abbrev  0x0000000000000ad5       0x12 ./Startup/startup_stm32f401ccux.o

.debug_aranges  0x0000000000000000      0x338
 .debug_aranges
                0x0000000000000000       0x60 ./Src/MADC_Program.o
 .debug_aranges
                0x0000000000000060       0x30 ./Src/MDMA_Program.o
 .debug_aranges
                0x0000000000000090       0x70 ./Src/MGPIO_Program.o
 .debug_aranges
                0x0000000000000100       0x50 ./Src/MGPT_Program.o
 .debug_aranges
                0x0000000000000150       0x48 ./Src/MNVIC_Program.o
 .debug_aranges
                0x0000000000000198       0x30 ./Src/MRCC_Program.o
 .debug_aranges
                0x00000000000001c8       0x58 ./Src/MSTK_Program.o
 .debug_aranges
                0x0000000000000220       0xb0 ./Src/MUSART_Program.o
 .debug_aranges
                0x00000000000002d0       0x40 ./Src/main.o
 .debug_aranges
                0x0000000000000310       0x28 ./Startup/startup_stm32f401ccux.o

.debug_rnglists
                0x0000000000000000      0x248
 .debug_rnglists
                0x0000000000000000       0x47 ./Src/MADC_Program.o
 .debug_rnglists
                0x0000000000000047       0x22 ./Src/MDMA_Program.o
 .debug_rnglists
                0x0000000000000069       0x4f ./Src/MGPIO_Program.o
 .debug_rnglists
                0x00000000000000b8       0x39 ./Src/MGPT_Program.o
 .debug_rnglists
                0x00000000000000f1       0x31 ./Src/MNVIC_Program.o
 .debug_rnglists
                0x0000000000000122       0x21 ./Src/MRCC_Program.o
 .debug_rnglists
                0x0000000000000143       0x3d ./Src/MSTK_Program.o
 .debug_rnglists
                0x0000000000000180       0x80 ./Src/MUSART_Program.o
 .debug_rnglists
                0x0000000000000200       0x2f ./Src/main.o
 .debug_rnglists
                0x000000000000022f       0x19 ./Startup/startup_stm32f401ccux.o

.debug_macro    0x0000000000000000     0x1a3b
 .debug_macro   0x0000000000000000       0x3e ./Src/MADC_Program.o
 .debug_macro   0x000000000000003e      0xaae ./Src/MADC_Program.o
 .debug_macro   0x0000000000000aec       0x10 ./Src/MADC_Program.o
 .debug_macro   0x0000000000000afc       0x2e ./Src/MADC_Program.o
 .debug_macro   0x0000000000000b2a      0x2ad ./Src/MADC_Program.o
 .debug_macro   0x0000000000000dd7      0x112 ./Src/MADC_Program.o
 .debug_macro   0x0000000000000ee9       0x52 ./Src/MADC_Program.o
 .debug_macro   0x0000000000000f3b       0x3f ./Src/MDMA_Program.o
 .debug_macro   0x0000000000000f7a       0x9a ./Src/MDMA_Program.o
 .debug_macro   0x0000000000001014      0x108 ./Src/MDMA_Program.o
 .debug_macro   0x000000000000111c       0x3f ./Src/MGPIO_Program.o
 .debug_macro   0x000000000000115b       0x10 ./Src/MGPIO_Program.o
 .debug_macro   0x000000000000116b       0x98 ./Src/MGPIO_Program.o
 .debug_macro   0x0000000000001203       0x3e ./Src/MGPT_Program.o
 .debug_macro   0x0000000000001241       0xd6 ./Src/MGPT_Program.o
 .debug_macro   0x0000000000001317       0x10 ./Src/MGPT_Program.o
 .debug_macro   0x0000000000001327       0xb2 ./Src/MGPT_Program.o
 .debug_macro   0x00000000000013d9       0x3f ./Src/MNVIC_Program.o
 .debug_macro   0x0000000000001418       0x3a ./Src/MNVIC_Program.o
 .debug_macro   0x0000000000001452       0x10 ./Src/MNVIC_Program.o
 .debug_macro   0x0000000000001462       0x3f ./Src/MRCC_Program.o
 .debug_macro   0x00000000000014a1       0x3a ./Src/MRCC_Program.o
 .debug_macro   0x00000000000014db      0x15a ./Src/MRCC_Program.o
 .debug_macro   0x0000000000001635       0x3f ./Src/MSTK_Program.o
 .debug_macro   0x0000000000001674       0x10 ./Src/MSTK_Program.o
 .debug_macro   0x0000000000001684       0x52 ./Src/MSTK_Program.o
 .debug_macro   0x00000000000016d6       0x3e ./Src/MUSART_Program.o
 .debug_macro   0x0000000000001714       0x16 ./Src/MUSART_Program.o
 .debug_macro   0x000000000000172a       0x76 ./Src/MUSART_Program.o
 .debug_macro   0x00000000000017a0      0x16c ./Src/MUSART_Program.o
 .debug_macro   0x000000000000190c       0x77 ./Src/main.o
 .debug_macro   0x0000000000001983       0xb8 ./Src/main.o

.debug_line     0x0000000000000000     0x14ca
 .debug_line    0x0000000000000000      0x238 ./Src/MADC_Program.o
 .debug_line    0x0000000000000238      0x128 ./Src/MDMA_Program.o
 .debug_line    0x0000000000000360      0x20f ./Src/MGPIO_Program.o
 .debug_line    0x000000000000056f      0x29e ./Src/MGPT_Program.o
 .debug_line    0x000000000000080d      0x199 ./Src/MNVIC_Program.o
 .debug_line    0x00000000000009a6      0x15d ./Src/MRCC_Program.o
 .debug_line    0x0000000000000b03      0x1d4 ./Src/MSTK_Program.o
 .debug_line    0x0000000000000cd7      0x3b5 ./Src/MUSART_Program.o
 .debug_line    0x000000000000108c      0x3c3 ./Src/main.o
 .debug_line    0x000000000000144f       0x7b ./Startup/startup_stm32f401ccux.o

.debug_str      0x0000000000000000     0x81b5
 .debug_str     0x0000000000000000     0x44bf ./Src/MADC_Program.o
                                       0x4551 (size before relaxing)
 .debug_str     0x00000000000044bf      0x6de ./Src/MDMA_Program.o
                                       0x37ea (size before relaxing)
 .debug_str     0x0000000000004b9d      0x5b0 ./Src/MGPIO_Program.o
                                       0x3707 (size before relaxing)
 .debug_str     0x000000000000514d      0x793 ./Src/MGPT_Program.o
                                       0x389c (size before relaxing)
 .debug_str     0x00000000000058e0      0x560 ./Src/MNVIC_Program.o
                                       0x3649 (size before relaxing)
 .debug_str     0x0000000000005e40      0xe3e ./Src/MRCC_Program.o
                                       0x3f1f (size before relaxing)
 .debug_str     0x0000000000006c7e      0x27b ./Src/MSTK_Program.o
                                       0x335c (size before relaxing)
 .debug_str     0x0000000000006ef9      0xdfc ./Src/MUSART_Program.o
                                       0x3f0a (size before relaxing)
 .debug_str     0x0000000000007cf5      0x491 ./Src/main.o
                                       0x4f59 (size before relaxing)
 .debug_str     0x0000000000008186       0x2f ./Startup/startup_stm32f401ccux.o
                                         0x7b (size before relaxing)

.debug_frame    0x0000000000000000      0xc50
 .debug_frame   0x0000000000000000      0x16c ./Src/MADC_Program.o
 .debug_frame   0x000000000000016c       0x88 ./Src/MDMA_Program.o
 .debug_frame   0x00000000000001f4      0x1c8 ./Src/MGPIO_Program.o
 .debug_frame   0x00000000000003bc       0xf8 ./Src/MGPT_Program.o
 .debug_frame   0x00000000000004b4       0xf8 ./Src/MNVIC_Program.o
 .debug_frame   0x00000000000005ac       0x80 ./Src/MRCC_Program.o
 .debug_frame   0x000000000000062c      0x124 ./Src/MSTK_Program.o
 .debug_frame   0x0000000000000750      0x2d8 ./Src/MUSART_Program.o
 .debug_frame   0x0000000000000a28       0xb8 ./Src/main.o
 .debug_frame   0x0000000000000ae0       0x2c C:/ST/STM32CubeIDE_1.13.2/STM32CubeIDE/plugins/com.st.stm32cube.ide.mcu.externaltools.gnu-tools-for-stm32.11.3.rel1.win32_1.1.1.202309131626/tools/bin/../lib/gcc/arm-none-eabi/11.3.1/../../../../arm-none-eabi/lib/thumb/v7e-m+fp/hard\libc_nano.a(libc_a-init.o)
 .debug_frame   0x0000000000000b0c       0xac C:/ST/STM32CubeIDE_1.13.2/STM32CubeIDE/plugins/com.st.stm32cube.ide.mcu.externaltools.gnu-tools-for-stm32.11.3.rel1.win32_1.1.1.202309131626/tools/bin/../lib/gcc/arm-none-eabi/11.3.1/thumb/v7e-m+fp/hard\libgcc.a(_arm_addsubdf3.o)
 .debug_frame   0x0000000000000bb8       0x50 C:/ST/STM32CubeIDE_1.13.2/STM32CubeIDE/plugins/com.st.stm32cube.ide.mcu.externaltools.gnu-tools-for-stm32.11.3.rel1.win32_1.1.1.202309131626/tools/bin/../lib/gcc/arm-none-eabi/11.3.1/thumb/v7e-m+fp/hard\libgcc.a(_arm_muldivdf3.o)
 .debug_frame   0x0000000000000c08       0x24 C:/ST/STM32CubeIDE_1.13.2/STM32CubeIDE/plugins/com.st.stm32cube.ide.mcu.externaltools.gnu-tools-for-stm32.11.3.rel1.win32_1.1.1.202309131626/tools/bin/../lib/gcc/arm-none-eabi/11.3.1/thumb/v7e-m+fp/hard\libgcc.a(_arm_fixunsdfsi.o)
 .debug_frame   0x0000000000000c2c       0x24 C:/ST/STM32CubeIDE_1.13.2/STM32CubeIDE/plugins/com.st.stm32cube.ide.mcu.externaltools.gnu-tools-for-stm32.11.3.rel1.win32_1.1.1.202309131626/tools/bin/../lib/gcc/arm-none-eabi/11.3.1/thumb/v7e-m+fp/hard\libgcc.a(_arm_truncdfsf2.o)

.debug_line_str
                0x0000000000000000       0x6f
 .debug_line_str
                0x0000000000000000       0x6f ./Startup/startup_stm32f401ccux.o
                                         0x87 (size before relaxing)
