../Src/MUSART_Program.c:28:6:MUSART_vInit	32	static
../Src/MUSART_Program.c:59:6:MUSART_vEnable	16	static
../Src/MUSART_Program.c:68:6:MUSART_vDisable	16	static
../Src/MUSART_Program.c:77:15:MUSART_u32EnableRxDMA	16	static
../Src/MUSART_Program.c:89:6:MUSART_vTransmitByte	16	static
../Src/MUSART_Program.c:103:6:MUSART_vTransmitString	24	static
../Src/MUSART_Program.c:117:4:MUSART_u8ReceiveByteSynchNonBlocking	16	static
../Src/MUSART_Program.c:129:6:MUSART_vReceiveStringSynchNonBlocking	24	static
../Src/MUSART_Program.c:146:4:MUSART_u8ReceiveByteSynchBlocking	24	static
../Src/MUSART_Program.c:161:6:MUSART_vReceiveStringSynchBlocking	24	static
../Src/MUSART_Program.c:178:4:MUSART_u8ReadDataRegister	16	static
../Src/MUSART_Program.c:187:6:MUSART_vClearFlags	16	static
../Src/MUSART_Program.c:197:6:MUSART_vRxIntStatus	16	static
../Src/MUSART_Program.c:212:6:MUSART1_vSetCallBack	16	static
../Src/MUSART_Program.c:214:6:MUSART2_vSetCallBack	16	static
../Src/MUSART_Program.c:216:6:MUSART6_vSetCallBack	16	static
../Src/MUSART_Program.c:220:6:USART1_IRQHandler	8	static
../Src/MUSART_Program.c:225:6:USART2_IRQHandler	8	static
../Src/MUSART_Program.c:230:6:USART6_IRQHandler	8	static
