../Src/MUSART_Program.c:28:6:MUSART_vInit	32	static
../Src/MUSART_Program.c:59:6:MUSART_vEnable	16	static
../Src/MUSART_Program.c:68:6:MUSART_vDisable	16	static
../Src/MUSART_Program.c:78:6:MUSART_vTransmitByte	16	static
../Src/MUSART_Program.c:92:6:MUSART_vTransmitString	24	static
../Src/MUSART_Program.c:106:4:MUSART_u8ReceiveByteSynchNonBlocking	16	static
../Src/MUSART_Program.c:118:6:MUSART_vReceiveStringSynchNonBlocking	24	static
../Src/MUSART_Program.c:135:4:MUSART_u8ReceiveByteSynchBlocking	24	static
../Src/MUSART_Program.c:150:6:MUSART_vReceiveStringSynchBlocking	24	static
../Src/MUSART_Program.c:167:4:MUSART_u8ReadDataRegister	16	static
../Src/MUSART_Program.c:176:6:MUSART_vClearFlags	16	static
../Src/MUSART_Program.c:186:6:MUSART_vRxIntStatus	16	static
../Src/MUSART_Program.c:201:6:MUSART1_vSetCallBack	16	static
../Src/MUSART_Program.c:203:6:MUSART2_vSetCallBack	16	static
../Src/MUSART_Program.c:205:6:MUSART6_vSetCallBack	16	static
../Src/MUSART_Program.c:209:6:USART1_IRQHandler	8	static
../Src/MUSART_Program.c:214:6:USART2_IRQHandler	8	static
../Src/MUSART_Program.c:219:6:USART6_IRQHandler	8	static
